<html>
<body>
<pre>
<h1>µVision Build Log</h1>
<h2>Tool Versions:</h2>
IDE-Version: µVision V5.35.0.0
Copyright (C) 2021 ARM Ltd and ARM Germany GmbH. All rights reserved.
License Information: Adil Masood, Personal, LIC=----
 
Tool Versions:
Toolchain:       MDK-Lite  Version: 5.35.0.2
Toolchain Path:  C:\Keil_v5\ARM\ARMCC\Bin
C Compiler:      Armcc.exe V5.06 update 7 (build 960)
Assembler:       Armasm.exe V5.06 update 7 (build 960)
Linker/Locator:  ArmLink.exe V5.06 update 7 (build 960)
Library Manager: ArmAr.exe V5.06 update 7 (build 960)
Hex Converter:   FromElf.exe V5.06 update 7 (build 960)
CPU DLL:         SARMCM3.DLL V5.35.0.2
Dialog DLL:      DCM.DLL V1.17.3.0
Target DLL:      STLink\ST-LINKIII-KEIL_SWO.dll V3.0.9.0
Dialog DLL:      TCM.DLL V1.53.0.0
 
<h2>Project:</h2>
E:\Adil\STM32_work\stm32f3_discovery\MDK-ARM\stm32f3_discovery.uvprojx
Project File Date:  08/10/2021

<h2>Output:</h2>
*** Using Compiler 'V5.06 update 7 (build 960)', folder: 'C:\Keil_v5\ARM\ARMCC\Bin'
Build target 'stm32f3_discovery'
compiling main.c...
..\References\mylibs\uart_print.h(10): warning:  #1-D: last line of file ends without a newline
  #endif
../Core/Src/main.c(63): warning:  #1295-D: Deprecated declaration gyro_init - give arg types
  void gyro_init();
../Core/Src/main.c(118): warning:  #177-D: variable "gfilterx"  was declared but never referenced
  	float gfilterx=0;
../Core/Src/main.c(119): warning:  #177-D: variable "gfiltery"  was declared but never referenced
  	float gfiltery=0;
../Core/Src/main.c(120): warning:  #177-D: variable "gfilterz"  was declared but never referenced
  	float gfilterz=0;
../Core/Src/main.c(121): warning:  #177-D: variable "Roll"  was declared but never referenced
  	float Roll;
../Core/Src/main.c(122): warning:  #177-D: variable "Pitch"  was declared but never referenced
  	float Pitch;
../Core/Src/main.c(279): warning:  #177-D: variable "accel_config_2"  was declared but never referenced
  	uint8_t accel_config_2[3] = {0x1D,0x05,0x09};
../Core/Src/main.c(56): warning:  #177-D: variable "mpu6050"  was declared but never referenced
  static const uint8_t mpu6050 = (0x68 << 1);
../Core/Src/main.c: 9 warnings, 0 errors
linking...
Program Size: Code=28162 RO-data=814 RW-data=60 ZI-data=2364  
FromELF: creating hex file...
"stm32f3_discovery\stm32f3_discovery.axf" - 0 Error(s), 9 Warning(s).

<h2>Software Packages used:</h2>

Package Vendor: ARM
                http://www.keil.com/pack/ARM.CMSIS.5.8.0.pack
                ARM.CMSIS.5.8.0
                CMSIS (Common Microcontroller Software Interface Standard)
   * Component: CORE Version: 5.5.0

Package Vendor: Keil
                http://www.keil.com/pack/Keil.STM32F3xx_DFP.2.1.0.pack
                Keil.STM32F3xx_DFP.2.1.0
                STMicroelectronics STM32F3 Series Device Support and Examples

<h2>Collection of Component include folders:</h2>
  .\RTE\_stm32f3_discovery
  C:\Users\KHALID\AppData\Local\Arm\Packs\ARM\CMSIS\5.8.0\CMSIS\Core\Include
  C:\Users\KHALID\AppData\Local\Arm\Packs\Keil\STM32F3xx_DFP\2.1.0\Drivers\CMSIS\Device\ST\STM32F3xx\Include

<h2>Collection of Component Files used:</h2>

   * Component: ARM::CMSIS:CORE:5.5.0
      Include file:  CMSIS\Core\Include\tz_context.h
Build Time Elapsed:  00:00:03
</pre>
</body>
</html>
