Component: ARM Compiler 5.06 update 7 (build 960) Tool: armlink [4d3601]

==============================================================================

Section Cross References

    startup_stm32f303xc.o(STACK) refers (Special) to heapauxi.o(.text) for __use_two_region_memory
    startup_stm32f303xc.o(HEAP) refers (Special) to heapauxi.o(.text) for __use_two_region_memory
    startup_stm32f303xc.o(RESET) refers (Special) to heapauxi.o(.text) for __use_two_region_memory
    startup_stm32f303xc.o(RESET) refers to startup_stm32f303xc.o(STACK) for __initial_sp
    startup_stm32f303xc.o(RESET) refers to startup_stm32f303xc.o(.text) for Reset_Handler
    startup_stm32f303xc.o(RESET) refers to stm32f3xx_it.o(i.NMI_Handler) for NMI_Handler
    startup_stm32f303xc.o(RESET) refers to stm32f3xx_it.o(i.HardFault_Handler) for HardFault_Handler
    startup_stm32f303xc.o(RESET) refers to stm32f3xx_it.o(i.MemManage_Handler) for MemManage_Handler
    startup_stm32f303xc.o(RESET) refers to stm32f3xx_it.o(i.BusFault_Handler) for BusFault_Handler
    startup_stm32f303xc.o(RESET) refers to stm32f3xx_it.o(i.UsageFault_Handler) for UsageFault_Handler
    startup_stm32f303xc.o(RESET) refers to stm32f3xx_it.o(i.SVC_Handler) for SVC_Handler
    startup_stm32f303xc.o(RESET) refers to stm32f3xx_it.o(i.DebugMon_Handler) for DebugMon_Handler
    startup_stm32f303xc.o(RESET) refers to stm32f3xx_it.o(i.PendSV_Handler) for PendSV_Handler
    startup_stm32f303xc.o(RESET) refers to stm32f3xx_it.o(i.SysTick_Handler) for SysTick_Handler
    startup_stm32f303xc.o(RESET) refers to stm32f3xx_it.o(i.DMA1_Channel1_IRQHandler) for DMA1_Channel1_IRQHandler
    startup_stm32f303xc.o(RESET) refers to stm32f3xx_it.o(i.ADC1_2_IRQHandler) for ADC1_2_IRQHandler
    startup_stm32f303xc.o(RESET) refers to stm32f3xx_it.o(i.EXTI9_5_IRQHandler) for EXTI9_5_IRQHandler
    startup_stm32f303xc.o(.text) refers (Special) to heapauxi.o(.text) for __use_two_region_memory
    startup_stm32f303xc.o(.text) refers to system_stm32f3xx.o(i.SystemInit) for SystemInit
    startup_stm32f303xc.o(.text) refers to __main.o(!!!main) for __main
    startup_stm32f303xc.o(.text) refers to startup_stm32f303xc.o(HEAP) for Heap_Mem
    startup_stm32f303xc.o(.text) refers to startup_stm32f303xc.o(STACK) for Stack_Mem
    main.o(i.SystemClock_Config) refers to rt_memclr_w.o(.text) for __aeabi_memclr4
    main.o(i.SystemClock_Config) refers to stm32f3xx_hal_rcc.o(i.HAL_RCC_OscConfig) for HAL_RCC_OscConfig
    main.o(i.SystemClock_Config) refers to main.o(i.Error_Handler) for Error_Handler
    main.o(i.SystemClock_Config) refers to stm32f3xx_hal_rcc.o(i.HAL_RCC_ClockConfig) for HAL_RCC_ClockConfig
    main.o(i.SystemClock_Config) refers to stm32f3xx_hal_rcc_ex.o(i.HAL_RCCEx_PeriphCLKConfig) for HAL_RCCEx_PeriphCLKConfig
    main.o(i.gyro_init) refers to stm32f3xx_hal_gpio.o(i.HAL_GPIO_WritePin) for HAL_GPIO_WritePin
    main.o(i.gyro_init) refers to stm32f3xx_hal_spi.o(i.HAL_SPI_Transmit) for HAL_SPI_Transmit
    main.o(i.gyro_init) refers to stm32f3xx_hal.o(i.HAL_Delay) for HAL_Delay
    main.o(i.gyro_init) refers to spi.o(.bss) for hspi2
    main.o(i.main) refers to _printf_percent.o(.ARM.Collect$$_printf_percent$$00000000) for _printf_percent
    main.o(i.main) refers to _printf_f.o(.ARM.Collect$$_printf_percent$$00000003) for _printf_f
    main.o(i.main) refers to printf1.o(x$fpl$printf1) for _printf_fp_dec
    main.o(i.main) refers to _printf_d.o(.ARM.Collect$$_printf_percent$$00000009) for _printf_d
    main.o(i.main) refers to _printf_dec.o(.text) for _printf_int_dec
    main.o(i.main) refers to stm32f3xx_hal.o(i.HAL_Init) for HAL_Init
    main.o(i.main) refers to main.o(i.SystemClock_Config) for SystemClock_Config
    main.o(i.main) refers to gpio.o(i.MX_GPIO_Init) for MX_GPIO_Init
    main.o(i.main) refers to tim.o(i.MX_TIM1_Init) for MX_TIM1_Init
    main.o(i.main) refers to usart.o(i.MX_USART1_UART_Init) for MX_USART1_UART_Init
    main.o(i.main) refers to dma.o(i.MX_DMA_Init) for MX_DMA_Init
    main.o(i.main) refers to adc.o(i.MX_ADC1_Init) for MX_ADC1_Init
    main.o(i.main) refers to spi.o(i.MX_SPI2_Init) for MX_SPI2_Init
    main.o(i.main) refers to spi.o(i.MX_SPI1_Init) for MX_SPI1_Init
    main.o(i.main) refers to main.o(i.gyro_init) for gyro_init
    main.o(i.main) refers to stm32f3xx_hal_gpio.o(i.HAL_GPIO_WritePin) for HAL_GPIO_WritePin
    main.o(i.main) refers to stm32f3xx_hal_spi.o(i.HAL_SPI_Transmit) for HAL_SPI_Transmit
    main.o(i.main) refers to stm32f3xx_hal_spi.o(i.HAL_SPI_Receive) for HAL_SPI_Receive
    main.o(i.main) refers to f2d.o(x$fpl$f2d) for __aeabi_f2d
    main.o(i.main) refers to dmul.o(x$fpl$dmul) for __aeabi_dmul
    main.o(i.main) refers to d2f.o(x$fpl$d2f) for __aeabi_d2f
    main.o(i.main) refers to noretval__2sprintf.o(.text) for __2sprintf
    main.o(i.main) refers to strlen.o(.text) for strlen
    main.o(i.main) refers to stm32f3xx_hal_uart.o(i.HAL_UART_Transmit) for HAL_UART_Transmit
[...]
    .ARM.Collect$$libinit$$00000016          0x08000218   Section       10  libinit2.o(.ARM.Collect$$libinit$$00000016)
    .ARM.Collect$$libinit$$00000017          0x08000222   Section        0  libinit2.o(.ARM.Collect$$libinit$$00000017)
    .ARM.Collect$$libinit$$00000019          0x08000222   Section        0  libinit2.o(.ARM.Collect$$libinit$$00000019)
    .ARM.Collect$$libinit$$0000001B          0x08000222   Section        0  libinit2.o(.ARM.Collect$$libinit$$0000001B)
    .ARM.Collect$$libinit$$0000001D          0x08000222   Section        0  libinit2.o(.ARM.Collect$$libinit$$0000001D)
    .ARM.Collect$$libinit$$0000001F          0x08000222   Section        0  libinit2.o(.ARM.Collect$$libinit$$0000001F)
    .ARM.Collect$$libinit$$00000021          0x08000222   Section        0  libinit2.o(.ARM.Collect$$libinit$$00000021)
    .ARM.Collect$$libinit$$00000023          0x08000222   Section        0  libinit2.o(.ARM.Collect$$libinit$$00000023)
    .ARM.Collect$$libinit$$00000025          0x08000222   Section        0  libinit2.o(.ARM.Collect$$libinit$$00000025)
    .ARM.Collect$$libinit$$0000002C          0x08000222   Section        0  libinit2.o(.ARM.Collect$$libinit$$0000002C)
    .ARM.Collect$$libinit$$0000002E          0x08000222   Section        0  libinit2.o(.ARM.Collect$$libinit$$0000002E)
    .ARM.Collect$$libinit$$00000030          0x08000222   Section        0  libinit2.o(.ARM.Collect$$libinit$$00000030)
    .ARM.Collect$$libinit$$00000032          0x08000222   Section        0  libinit2.o(.ARM.Collect$$libinit$$00000032)
    .ARM.Collect$$libinit$$00000033          0x08000222   Section        2  libinit2.o(.ARM.Collect$$libinit$$00000033)
    .ARM.Collect$$libshutdown$$00000000      0x08000224   Section        2  libshutdown.o(.ARM.Collect$$libshutdown$$00000000)
    .ARM.Collect$$libshutdown$$00000002      0x08000226   Section        0  libshutdown2.o(.ARM.Collect$$libshutdown$$00000002)
    .ARM.Collect$$libshutdown$$00000004      0x08000226   Section        0  libshutdown2.o(.ARM.Collect$$libshutdown$$00000004)
    .ARM.Collect$$libshutdown$$00000006      0x08000226   Section        0  libshutdown2.o(.ARM.Collect$$libshutdown$$00000006)
    .ARM.Collect$$libshutdown$$00000009      0x08000226   Section        0  libshutdown2.o(.ARM.Collect$$libshutdown$$00000009)
    .ARM.Collect$$libshutdown$$0000000C      0x08000226   Section        0  libshutdown2.o(.ARM.Collect$$libshutdown$$0000000C)
    .ARM.Collect$$libshutdown$$0000000E      0x08000226   Section        0  libshutdown2.o(.ARM.Collect$$libshutdown$$0000000E)
    .ARM.Collect$$libshutdown$$00000011      0x08000226   Section        0  libshutdown2.o(.ARM.Collect$$libshutdown$$00000011)
    .ARM.Collect$$libshutdown$$00000012      0x08000226   Section        2  libshutdown2.o(.ARM.Collect$$libshutdown$$00000012)
    .ARM.Collect$$rtentry$$00000000          0x08000228   Section        0  __rtentry.o(.ARM.Collect$$rtentry$$00000000)
    .ARM.Collect$$rtentry$$00000002          0x08000228   Section        0  __rtentry2.o(.ARM.Collect$$rtentry$$00000002)
    .ARM.Collect$$rtentry$$00000004          0x08000228   Section        6  __rtentry4.o(.ARM.Collect$$rtentry$$00000004)
    .ARM.Collect$$rtentry$$00000009          0x0800022e   Section        0  __rtentry2.o(.ARM.Collect$$rtentry$$00000009)
    .ARM.Collect$$rtentry$$0000000A          0x0800022e   Section        4  __rtentry2.o(.ARM.Collect$$rtentry$$0000000A)
    .ARM.Collect$$rtentry$$0000000C          0x08000232   Section        0  __rtentry2.o(.ARM.Collect$$rtentry$$0000000C)
    .ARM.Collect$$rtentry$$0000000D          0x08000232   Section        8  __rtentry2.o(.ARM.Collect$$rtentry$$0000000D)
    .ARM.Collect$$rtexit$$00000000           0x0800023a   Section        2  rtexit.o(.ARM.Collect$$rtexit$$00000000)
    .ARM.Collect$$rtexit$$00000002           0x0800023c   Section        0  rtexit2.o(.ARM.Collect$$rtexit$$00000002)
    .ARM.Collect$$rtexit$$00000003           0x0800023c   Section        4  rtexit2.o(.ARM.Collect$$rtexit$$00000003)
    .ARM.Collect$$rtexit$$00000004           0x08000240   Section        6  rtexit2.o(.ARM.Collect$$rtexit$$00000004)
    .text                                    0x08000248   Section       64  startup_stm32f303xc.o(.text)
    $v0                                      0x08000248   Number         0  startup_stm32f303xc.o(.text)
    .text                                    0x08000288   Section      238  lludivv7m.o(.text)
    .text                                    0x08000378   Section        0  noretval__2sprintf.o(.text)
    .text                                    0x080003a0   Section        0  __printf.o(.text)
    .text                                    0x08000408   Section        0  _printf_dec.o(.text)
    .text                                    0x08000480   Section        0  strlen.o(.text)
    .text                                    0x080004be   Section       78  rt_memclr_w.o(.text)
    .text                                    0x0800050c   Section        0  heapauxi.o(.text)
    .text                                    0x08000512   Section        0  _printf_intcommon.o(.text)
    .text                                    0x080005c4   Section        0  _printf_fp_dec.o(.text)
    _fp_digits                               0x080005c7   Thumb Code   432  _printf_fp_dec.o(.text)
    .text                                    0x080009e4   Section        0  _printf_char_common.o(.text)
    _printf_input_char                       0x080009e5   Thumb Code    10  _printf_char_common.o(.text)
    .text                                    0x08000a14   Section        0  _sputc.o(.text)
    .text                                    0x08000a20   Section        8  rt_locale_intlibspace.o(.text)
    .text                                    0x08000a28   Section      138  lludiv10.o(.text)
    .text                                    0x08000ab4   Section        0  _printf_fp_infnan.o(.text)
    .text                                    0x08000b34   Section        0  bigflt0.o(.text)
    .text                                    0x08000c18   Section        8  libspace.o(.text)
    .text                                    0x08000c20   Section       74  sys_stackheap_outer.o(.text)
    .text                                    0x08000c6a   Section        0  exit.o(.text)
    .text                                    0x08000c7c   Section      128  strcmpv7m.o(.text)
    .text                                    0x08000cfc   Section        0  sys_exit.o(.text)
    .text                                    0x08000d08   Section        2  use_no_semi.o(.text)
    .text                                    0x08000d0a   Section        0  indicate_semi.o(.text)
    CL$$btod_d2e                             0x08000d0a   Section       62  btod.o(CL$$btod_d2e)
    CL$$btod_d2e_denorm_low                  0x08000d48   Section       70  btod.o(CL$$btod_d2e_denorm_low)
    CL$$btod_d2e_norm_op1                    0x08000d8e   Section       96  btod.o(CL$$btod_d2e_norm_op1)
    CL$$btod_div_common                      0x08000dee   Section      824  btod.o(CL$$btod_div_common)
    CL$$btod_e2e                             0x08001126   Section      220  btod.o(CL$$btod_e2e)
    CL$$btod_ediv                            0x08001202   Section       42  btod.o(CL$$btod_ediv)
    CL$$btod_emul                            0x0800122c   Section       42  btod.o(CL$$btod_emul)
    CL$$btod_mult_common                     0x08001256   Section      580  btod.o(CL$$btod_mult_common)
    i.ADC1_2_IRQHandler                      0x0800149c   Section        0  stm32f3xx_it.o(i.ADC1_2_IRQHandler)
    i.ADC_Disable                            0x080014f8   Section        0  stm32f3xx_hal_adc_ex.o(i.ADC_Disable)
    ADC_Disable                              0x080014f9   Thumb Code   152  stm32f3xx_hal_adc_ex.o(i.ADC_Disable)
    i.BusFault_Handler                       0x08001590   Section        0  stm32f3xx_it.o(i.BusFault_Handler)
    i.DMA1_Channel1_IRQHandler               0x08001594   Section        0  stm32f3xx_it.o(i.DMA1_Channel1_IRQHandler)
    i.DMA_CalcBaseAndBitshift                0x080015d8   Section        0  stm32f3xx_hal_dma.o(i.DMA_CalcBaseAndBitshift)
    DMA_CalcBaseAndBitshift                  0x080015d9   Thumb Code    56  stm32f3xx_hal_dma.o(i.DMA_CalcBaseAndBitshift)
    i.DebugMon_Handler                       0x08001618   Section        0  stm32f3xx_it.o(i.DebugMon_Handler)
    i.EXTI9_5_IRQHandler                     0x0800161a   Section        0  stm32f3xx_it.o(i.EXTI9_5_IRQHandler)
    i.Error_Handler                          0x08001624   Section        0  main.o(i.Error_Handler)
    i.HAL_ADCEx_InjectedConvCpltCallback     0x0800162a   Section        0  stm32f3xx_hal_adc_ex.o(i.HAL_ADCEx_InjectedConvCpltCallback)
    i.HAL_ADCEx_InjectedQueueOverflowCallback 0x0800162c   Section        0  stm32f3xx_hal_adc_ex.o(i.HAL_ADCEx_InjectedQueueOverflowCallback)
    i.HAL_ADCEx_LevelOutOfWindow2Callback    0x0800162e   Section        0  stm32f3xx_hal_adc_ex.o(i.HAL_ADCEx_LevelOutOfWindow2Callback)
    i.HAL_ADCEx_LevelOutOfWindow3Callback    0x08001630   Section        0  stm32f3xx_hal_adc_ex.o(i.HAL_ADCEx_LevelOutOfWindow3Callback)
    i.HAL_ADCEx_MultiModeConfigChannel       0x08001634   Section        0  stm32f3xx_hal_adc_ex.o(i.HAL_ADCEx_MultiModeConfigChannel)
    i.HAL_ADC_ConfigChannel                  0x080017bc   Section        0  stm32f3xx_hal_adc_ex.o(i.HAL_ADC_ConfigChannel)
    i.HAL_ADC_ConvCpltCallback               0x08001c24   Section        0  stm32f3xx_hal_adc.o(i.HAL_ADC_ConvCpltCallback)
    i.HAL_ADC_ErrorCallback                  0x08001c26   Section        0  stm32f3xx_hal_adc.o(i.HAL_ADC_ErrorCallback)
    i.HAL_ADC_GetValue                       0x08001c28   Section        0  stm32f3xx_hal_adc_ex.o(i.HAL_ADC_GetValue)
    i.HAL_ADC_IRQHandler                     0x08001c30   Section        0  stm32f3xx_hal_adc_ex.o(i.HAL_ADC_IRQHandler)
    i.HAL_ADC_Init                           0x080020f8   Section        0  stm32f3xx_hal_adc_ex.o(i.HAL_ADC_Init)
    i.HAL_ADC_LevelOutOfWindowCallback       0x080023d8   Section        0  stm32f3xx_hal_adc.o(i.HAL_ADC_LevelOutOfWindowCallback)
    i.HAL_ADC_MspInit                        0x080023dc   Section        0  adc.o(i.HAL_ADC_MspInit)
    i.HAL_DMA_IRQHandler                     0x08002498   Section        0  stm32f3xx_hal_dma.o(i.HAL_DMA_IRQHandler)
    i.HAL_DMA_Init                           0x0800257e   Section        0  stm32f3xx_hal_dma.o(i.HAL_DMA_Init)
    i.HAL_Delay                              0x080025d4   Section        0  stm32f3xx_hal.o(i.HAL_Delay)
    i.HAL_GPIO_EXTI_Callback                 0x080025fc   Section        0  stm32f3xx_hal_gpio.o(i.HAL_GPIO_EXTI_Callback)
    i.HAL_GPIO_EXTI_IRQHandler               0x08002600   Section        0  stm32f3xx_hal_gpio.o(i.HAL_GPIO_EXTI_IRQHandler)
    i.HAL_GPIO_Init                          0x0800261c   Section        0  stm32f3xx_hal_gpio.o(i.HAL_GPIO_Init)
    i.HAL_GPIO_WritePin                      0x080027e4   Section        0  stm32f3xx_hal_gpio.o(i.HAL_GPIO_WritePin)
    i.HAL_GetTick                            0x080027f0   Section        0  stm32f3xx_hal.o(i.HAL_GetTick)
    i.HAL_IncTick                            0x080027fc   Section        0  stm32f3xx_hal.o(i.HAL_IncTick)
    i.HAL_Init                               0x08002814   Section        0  stm32f3xx_hal.o(i.HAL_Init)
    i.HAL_InitTick                           0x0800283c   Section        0  stm32f3xx_hal.o(i.HAL_InitTick)
    i.HAL_MspInit                            0x08002888   Section        0  stm32f3xx_hal_msp.o(i.HAL_MspInit)
    i.HAL_NVIC_EnableIRQ                     0x080028cc   Section        0  stm32f3xx_hal_cortex.o(i.HAL_NVIC_EnableIRQ)
    i.HAL_NVIC_SetPriority                   0x080028ec   Section        0  stm32f3xx_hal_cortex.o(i.HAL_NVIC_SetPriority)
    i.HAL_NVIC_SetPriorityGrouping           0x08002968   Section        0  stm32f3xx_hal_cortex.o(i.HAL_NVIC_SetPriorityGrouping)
    i.HAL_RCCEx_PeriphCLKConfig              0x08002990   Section        0  stm32f3xx_hal_rcc_ex.o(i.HAL_RCCEx_PeriphCLKConfig)
    i.HAL_RCC_ClockConfig                    0x08002c74   Section        0  stm32f3xx_hal_rcc.o(i.HAL_RCC_ClockConfig)
    i.HAL_RCC_GetHCLKFreq                    0x08002f20   Section        0  stm32f3xx_hal_rcc.o(i.HAL_RCC_GetHCLKFreq)
    i.HAL_RCC_GetPCLK1Freq                   0x08002f2c   Section        0  stm32f3xx_hal_rcc.o(i.HAL_RCC_GetPCLK1Freq)
    i.HAL_RCC_GetPCLK2Freq                   0x08002f58   Section        0  stm32f3xx_hal_rcc.o(i.HAL_RCC_GetPCLK2Freq)
    i.HAL_RCC_GetSysClockFreq                0x08002f84   Section        0  stm32f3xx_hal_rcc.o(i.HAL_RCC_GetSysClockFreq)
    i.HAL_RCC_OscConfig                      0x08003024   Section        0  stm32f3xx_hal_rcc.o(i.HAL_RCC_OscConfig)
    i.HAL_SPI_Init                           0x08003a48   Section        0  stm32f3xx_hal_spi.o(i.HAL_SPI_Init)
    i.HAL_SPI_MspInit                        0x08003b44   Section        0  spi.o(i.HAL_SPI_MspInit)
    i.HAL_SPI_Receive                        0x08003c20   Section        0  stm32f3xx_hal_spi.o(i.HAL_SPI_Receive)
    i.HAL_SPI_Transmit                       0x08003dc6   Section        0  stm32f3xx_hal_spi.o(i.HAL_SPI_Transmit)
    i.HAL_SPI_TransmitReceive                0x08003fb0   Section        0  stm32f3xx_hal_spi.o(i.HAL_SPI_TransmitReceive)
    i.HAL_SYSTICK_Config                     0x0800426c   Section        0  stm32f3xx_hal_cortex.o(i.HAL_SYSTICK_Config)
    i.HAL_TIMEx_ConfigBreakDeadTime          0x080042a0   Section        0  stm32f3xx_hal_tim_ex.o(i.HAL_TIMEx_ConfigBreakDeadTime)
    i.HAL_TIMEx_MasterConfigSynchronization  0x08004354   Section        0  stm32f3xx_hal_tim_ex.o(i.HAL_TIMEx_MasterConfigSynchronization)
    i.HAL_TIM_Base_Init                      0x08004408   Section        0  stm32f3xx_hal_tim.o(i.HAL_TIM_Base_Init)
    i.HAL_TIM_Base_MspInit                   0x08004478   Section        0  tim.o(i.HAL_TIM_Base_MspInit)
    i.HAL_TIM_ConfigClockSource              0x080044a8   Section        0  stm32f3xx_hal_tim.o(i.HAL_TIM_ConfigClockSource)
    i.HAL_TIM_MspPostInit                    0x080045b4   Section        0  tim.o(i.HAL_TIM_MspPostInit)
    i.HAL_TIM_PWM_ConfigChannel              0x08004610   Section        0  stm32f3xx_hal_tim.o(i.HAL_TIM_PWM_ConfigChannel)
    i.HAL_TIM_PWM_Init                       0x08004778   Section        0  stm32f3xx_hal_tim.o(i.HAL_TIM_PWM_Init)
    i.HAL_TIM_PWM_MspInit                    0x080047e6   Section        0  stm32f3xx_hal_tim.o(i.HAL_TIM_PWM_MspInit)
    i.HAL_UART_Init                          0x080047e8   Section        0  stm32f3xx_hal_uart.o(i.HAL_UART_Init)
    i.HAL_UART_MspInit                       0x0800485c   Section        0  usart.o(i.HAL_UART_MspInit)
    i.HAL_UART_Transmit                      0x080048d4   Section        0  stm32f3xx_hal_uart.o(i.HAL_UART_Transmit)
    i.HardFault_Handler                      0x080049a6   Section        0  stm32f3xx_it.o(i.HardFault_Handler)
    i.MX_ADC1_Init                           0x080049ac   Section        0  adc.o(i.MX_ADC1_Init)
    i.MX_DMA_Init                            0x08004a40   Section        0  dma.o(i.MX_DMA_Init)
    i.MX_GPIO_Init                           0x08004a74   Section        0  gpio.o(i.MX_GPIO_Init)
    i.MX_SPI1_Init                           0x08004c68   Section        0  spi.o(i.MX_SPI1_Init)
    i.MX_SPI2_Init                           0x08004cbc   Section        0  spi.o(i.MX_SPI2_Init)
    i.MX_TIM1_Init                           0x08004d10   Section        0  tim.o(i.MX_TIM1_Init)
    i.MX_USART1_UART_Init                    0x08004dfc   Section        0  usart.o(i.MX_USART1_UART_Init)
    i.MemManage_Handler                      0x08004e3c   Section        0  stm32f3xx_it.o(i.MemManage_Handler)
    i.NMI_Handler                            0x08004e40   Section        0  stm32f3xx_it.o(i.NMI_Handler)
    i.PendSV_Handler                         0x08004e44   Section        0  stm32f3xx_it.o(i.PendSV_Handler)
    i.SPI_EndRxTransaction                   0x08004e46   Section        0  stm32f3xx_hal_spi.o(i.SPI_EndRxTransaction)
    SPI_EndRxTransaction                     0x08004e47   Thumb Code   130  stm32f3xx_hal_spi.o(i.SPI_EndRxTransaction)
    i.SPI_EndRxTxTransaction                 0x08004ec8   Section        0  stm32f3xx_hal_spi.o(i.SPI_EndRxTxTransaction)
    SPI_EndRxTxTransaction                   0x08004ec9   Thumb Code   100  stm32f3xx_hal_spi.o(i.SPI_EndRxTxTransaction)
    i.SPI_WaitFifoStateUntilTimeout          0x08004f2c   Section        0  stm32f3xx_hal_spi.o(i.SPI_WaitFifoStateUntilTimeout)
    SPI_WaitFifoStateUntilTimeout            0x08004f2d   Thumb Code   222  stm32f3xx_hal_spi.o(i.SPI_WaitFifoStateUntilTimeout)
    i.SPI_WaitFlagStateUntilTimeout          0x08005010   Section        0  stm32f3xx_hal_spi.o(i.SPI_WaitFlagStateUntilTimeout)
    SPI_WaitFlagStateUntilTimeout            0x08005011   Thumb Code   210  stm32f3xx_hal_spi.o(i.SPI_WaitFlagStateUntilTimeout)
    i.SVC_Handler                            0x080050e8   Section        0  stm32f3xx_it.o(i.SVC_Handler)
    i.SysTick_Handler                        0x080050ea   Section        0  stm32f3xx_it.o(i.SysTick_Handler)
    i.SystemClock_Config                     0x080050f2   Section        0  main.o(i.SystemClock_Config)
    i.SystemInit                             0x08005184   Section        0  system_stm32f3xx.o(i.SystemInit)
    i.TIM_Base_SetConfig                     0x08005198   Section        0  stm32f3xx_hal_tim.o(i.TIM_Base_SetConfig)
    i.TIM_ETR_SetConfig                      0x08005254   Section        0  stm32f3xx_hal_tim.o(i.TIM_ETR_SetConfig)
    i.TIM_ITRx_SetConfig                     0x0800526a   Section        0  stm32f3xx_hal_tim.o(i.TIM_ITRx_SetConfig)
    TIM_ITRx_SetConfig                       0x0800526b   Thumb Code    18  stm32f3xx_hal_tim.o(i.TIM_ITRx_SetConfig)
    i.TIM_OC1_SetConfig                      0x0800527c   Section        0  stm32f3xx_hal_tim.o(i.TIM_OC1_SetConfig)
    TIM_OC1_SetConfig                        0x0800527d   Thumb Code   146  stm32f3xx_hal_tim.o(i.TIM_OC1_SetConfig)
    i.TIM_OC2_SetConfig                      0x08005328   Section        0  stm32f3xx_hal_tim.o(i.TIM_OC2_SetConfig)
    i.TIM_OC3_SetConfig                      0x080053dc   Section        0  stm32f3xx_hal_tim.o(i.TIM_OC3_SetConfig)
    TIM_OC3_SetConfig                        0x080053dd   Thumb Code   154  stm32f3xx_hal_tim.o(i.TIM_OC3_SetConfig)
    i.TIM_OC4_SetConfig                      0x08005490   Section        0  stm32f3xx_hal_tim.o(i.TIM_OC4_SetConfig)
    TIM_OC4_SetConfig                        0x08005491   Thumb Code    92  stm32f3xx_hal_tim.o(i.TIM_OC4_SetConfig)
    i.TIM_OC5_SetConfig                      0x08005504   Section        0  stm32f3xx_hal_tim.o(i.TIM_OC5_SetConfig)
    TIM_OC5_SetConfig                        0x08005505   Thumb Code    86  stm32f3xx_hal_tim.o(i.TIM_OC5_SetConfig)
    i.TIM_OC6_SetConfig                      0x08005574   Section        0  stm32f3xx_hal_tim.o(i.TIM_OC6_SetConfig)
    TIM_OC6_SetConfig                        0x08005575   Thumb Code    88  stm32f3xx_hal_tim.o(i.TIM_OC6_SetConfig)
    i.TIM_TI1_ConfigInputStage               0x080055e4   Section        0  stm32f3xx_hal_tim.o(i.TIM_TI1_ConfigInputStage)
    TIM_TI1_ConfigInputStage                 0x080055e5   Thumb Code    38  stm32f3xx_hal_tim.o(i.TIM_TI1_ConfigInputStage)
    i.TIM_TI2_ConfigInputStage               0x0800560a   Section        0  stm32f3xx_hal_tim.o(i.TIM_TI2_ConfigInputStage)
    TIM_TI2_ConfigInputStage                 0x0800560b   Thumb Code    40  stm32f3xx_hal_tim.o(i.TIM_TI2_ConfigInputStage)
    i.UART_AdvFeatureConfig                  0x08005632   Section        0  stm32f3xx_hal_uart.o(i.UART_AdvFeatureConfig)
    i.UART_CheckIdleState                    0x0800572a   Section        0  stm32f3xx_hal_uart.o(i.UART_CheckIdleState)
    i.UART_SetConfig                         0x0800579c   Section        0  stm32f3xx_hal_uart.o(i.UART_SetConfig)
    i.UART_WaitOnFlagUntilTimeout            0x08005a28   Section        0  stm32f3xx_hal_uart.o(i.UART_WaitOnFlagUntilTimeout)
    i.UsageFault_Handler                     0x08005ade   Section        0  stm32f3xx_it.o(i.UsageFault_Handler)
    i.__ARM_fpclassify                       0x08005ae2   Section        0  fpclassify.o(i.__ARM_fpclassify)
    i.__NVIC_GetPriorityGrouping             0x08005b14   Section        0  stm32f3xx_hal_cortex.o(i.__NVIC_GetPriorityGrouping)
    __NVIC_GetPriorityGrouping               0x08005b15   Thumb Code    10  stm32f3xx_hal_cortex.o(i.__NVIC_GetPriorityGrouping)
    i.__NVIC_SetPriority                     0x08005b24   Section        0  stm32f3xx_hal_cortex.o(i.__NVIC_SetPriority)
    __NVIC_SetPriority                       0x08005b25   Thumb Code    32  stm32f3xx_hal_cortex.o(i.__NVIC_SetPriority)
    i.gyro_init                              0x08005b4c   Section        0  main.o(i.gyro_init)
    i.main                                   0x08005bbc   Section        0  main.o(i.main)
    i.personal                               0x08005da4   Section        0  main.o(i.personal)
    locale$$code                             0x08005df8   Section       44  lc_numeric_c.o(locale$$code)
    x$fpl$d2f                                0x08005e24   Section       98  d2f.o(x$fpl$d2f)
    $v0                                      0x08005e24   Number         0  d2f.o(x$fpl$d2f)
    x$fpl$dmul                               0x08005e88   Section      340  dmul.o(x$fpl$dmul)
    $v0                                      0x08005e88   Number         0  dmul.o(x$fpl$dmul)
    x$fpl$dnaninf                            0x08005fdc   Section      156  dnaninf.o(x$fpl$dnaninf)
    $v0                                      0x08005fdc   Number         0  dnaninf.o(x$fpl$dnaninf)
    x$fpl$dretinf                            0x08006078   Section       12  dretinf.o(x$fpl$dretinf)
    $v0                                      0x08006078   Number         0  dretinf.o(x$fpl$dretinf)
    x$fpl$f2d                                0x08006084   Section       86  f2d.o(x$fpl$f2d)
    $v0                                      0x08006084   Number         0  f2d.o(x$fpl$f2d)
    x$fpl$fnaninf                            0x080060da   Section      140  fnaninf.o(x$fpl$fnaninf)
    $v0                                      0x080060da   Number         0  fnaninf.o(x$fpl$fnaninf)
    x$fpl$fpinit                             0x08006166   Section       10  fpinit.o(x$fpl$fpinit)
    $v0                                      0x08006166   Number         0  fpinit.o(x$fpl$fpinit)
    x$fpl$fretinf                            0x08006170   Section       10  fretinf.o(x$fpl$fretinf)
    $v0                                      0x08006170   Number         0  fretinf.o(x$fpl$fretinf)
    x$fpl$printf1                            0x0800617a   Section        4  printf1.o(x$fpl$printf1)
    $v0                                      0x0800617a   Number         0  printf1.o(x$fpl$printf1)
    .constdata                               0x0800617e   Section       32  stm32f3xx_hal_rcc.o(.constdata)
    x$fpl$usenofp                            0x0800617e   Section        0  usenofp.o(x$fpl$usenofp)
    .constdata                               0x0800619e   Section       24  system_stm32f3xx.o(.constdata)
    .constdata                               0x080061b8   Section      148  bigflt0.o(.constdata)
    tenpwrs_x                                0x080061b8   Data          60  bigflt0.o(.constdata)
    tenpwrs_i                                0x080061f4   Data          64  bigflt0.o(.constdata)
    locale$$data                             0x0800626c   Section       28  lc_numeric_c.o(locale$$data)
    __lcnum_c_name                           0x08006270   Data           2  lc_numeric_c.o(locale$$data)
    __lcnum_c_start                          0x08006278   Data           0  lc_numeric_c.o(locale$$data)
    __lcnum_c_point                          0x08006284   Data           0  lc_numeric_c.o(locale$$data)
    __lcnum_c_thousands                      0x08006286   Data           0  lc_numeric_c.o(locale$$data)
    __lcnum_c_grouping                       0x08006287   Data           0  lc_numeric_c.o(locale$$data)
    __lcnum_c_end                            0x08006288   Data           0  lc_numeric_c.o(locale$$data)
    .data                                    0x20000000   Section        4  main.o(.data)
    whoami_add                               0x20000000   Data           1  main.o(.data)
    whoval                                   0x20000001   Data           1  main.o(.data)
    lineend                                  0x20000002   Data           2  main.o(.data)
    .data                                    0x20000004   Section        8  stm32f3xx_it.o(.data)
    gyro_add                                 0x20000004   Data           1  stm32f3xx_it.o(.data)
    lineend                                  0x20000005   Data           2  stm32f3xx_it.o(.data)
    raw                                      0x20000008   Data           4  stm32f3xx_it.o(.data)
    .data                                    0x2000000c   Section        9  stm32f3xx_hal.o(.data)
    .data                                    0x20000018   Section        4  system_stm32f3xx.o(.data)
    .bss                                     0x2000001c   Section      162  main.o(.bss)
    hdma_usart1_rx                           0x2000001c   Data          68  main.o(.bss)
    raw_str                                  0x200000a0   Data          30  main.o(.bss)
    .bss                                     0x200000c0   Section      148  adc.o(.bss)
    .bss                                     0x20000154   Section      200  spi.o(.bss)
    .bss                                     0x2000021c   Section       76  tim.o(.bss)
    .bss                                     0x20000268   Section      132  usart.o(.bss)
    .bss                                     0x200002ec   Section       10  stm32f3xx_it.o(.bss)
    raw_str                                  0x200002ec   Data          10  stm32f3xx_it.o(.bss)
    .bss                                     0x200002f8   Section       96  libspace.o(.bss)
    HEAP                                     0x20000358   Section      512  startup_stm32f303xc.o(HEAP)
    Heap_Mem                                 0x20000358   Data         512  startup_stm32f303xc.o(HEAP)
    STACK                                    0x20000558   Section     1024  startup_stm32f303xc.o(STACK)
    Stack_Mem                                0x20000558   Data        1024  startup_stm32f303xc.o(STACK)
    __initial_sp                             0x20000958   Data           0  startup_stm32f303xc.o(STACK)

    Global Symbols

    Symbol Name                              Value     Ov Type        Size  Object(Section)

    BuildAttributes$$THM_ISAv4$E$P$D$K$B$S$7EM$VFPi3$EXTD16$VFPS$VFMA$PE$A:L22UL41UL21$X:L11$S22US41US21$IEEE1$IW$USESV6$~STKCKD$USESV7$~SHL$OTIME$ROPI$IEEEJ$EBA8$UX$STANDARDLIB$REQ8$PRES8$EABIv2 0x00000000   Number         0  anon$$obj.o ABSOLUTE
    __ARM_use_no_argv                        0x00000000   Number         0  main.o ABSOLUTE
    __ARM_exceptions_init                     - Undefined Weak Reference
    __alloca_initialize                       - Undefined Weak Reference
    __arm_fini_                               - Undefined Weak Reference
    __arm_preinit_                            - Undefined Weak Reference
    __cpp_initialize__aeabi_                  - Undefined Weak Reference
    __cxa_finalize                            - Undefined Weak Reference
    __sigvec_lookup                           - Undefined Weak Reference
    _atexit_init                              - Undefined Weak Reference
    _call_atexit_fns                          - Undefined Weak Reference
    _clock_init                               - Undefined Weak Reference
    _fp_trap_init                             - Undefined Weak Reference
    _fp_trap_shutdown                         - Undefined Weak Reference
    _get_lc_collate                           - Undefined Weak Reference
    _get_lc_ctype                             - Undefined Weak Reference
    _get_lc_monetary                          - Undefined Weak Reference
    _get_lc_time                              - Undefined Weak Reference
    _getenv_init                              - Undefined Weak Reference
    _handle_redirection                       - Undefined Weak Reference
    _init_alloc                               - Undefined Weak Reference
    _init_user_alloc                          - Undefined Weak Reference
    _initio                                   - Undefined Weak Reference
    _printf_post_padding                      - Undefined Weak Reference
    _printf_pre_padding                       - Undefined Weak Reference
    _printf_truncate_signed                   - Undefined Weak Reference
    _printf_truncate_unsigned                 - Undefined Weak Reference
    _rand_init                                - Undefined Weak Reference
    _signal_finish                            - Undefined Weak Reference
    _signal_init                              - Undefined Weak Reference
    _terminate_alloc                          - Undefined Weak Reference
    _terminate_user_alloc                     - Undefined Weak Reference
    _terminateio                              - Undefined Weak Reference
    __Vectors_Size                           0x00000188   Number         0  startup_stm32f303xc.o ABSOLUTE
    __Vectors                                0x08000000   Data           4  startup_stm32f303xc.o(RESET)
    __Vectors_End                            0x08000188   Data           0  startup_stm32f303xc.o(RESET)
    __main                                   0x08000189   Thumb Code     8  __main.o(!!!main)
    __scatterload                            0x08000191   Thumb Code     0  __scatter.o(!!!scatter)
    __scatterload_rt2                        0x08000191   Thumb Code    44  __scatter.o(!!!scatter)
    __scatterload_rt2_thumb_only             0x08000191   Thumb Code     0  __scatter.o(!!!scatter)
    __scatterload_null                       0x0800019f   Thumb Code     0  __scatter.o(!!!scatter)
    __scatterload_copy                       0x080001c5   Thumb Code    26  __scatter_copy.o(!!handler_copy)
    __scatterload_zeroinit                   0x080001e1   Thumb Code    28  __scatter_zi.o(!!handler_zi)
    _printf_f                                0x080001fd   Thumb Code     0  _printf_f.o(.ARM.Collect$$_printf_percent$$00000003)
    _printf_percent                          0x080001fd   Thumb Code     0  _printf_percent.o(.ARM.Collect$$_printf_percent$$00000000)
    _printf_d                                0x08000203   Thumb Code     0  _printf_d.o(.ARM.Collect$$_printf_percent$$00000009)
    _printf_percent_end                      0x08000209   Thumb Code     0  _printf_percent_end.o(.ARM.Collect$$_printf_percent$$00000017)
    __rt_lib_init                            0x0800020d   Thumb Code     0  libinit.o(.ARM.Collect$$libinit$$00000000)
    __rt_lib_init_fp_1                       0x0800020f   Thumb Code     0  libinit2.o(.ARM.Collect$$libinit$$00000001)
    __rt_lib_init_heap_1                     0x08000213   Thumb Code     0  libinit2.o(.ARM.Collect$$libinit$$0000000A)
    __rt_lib_init_lc_common                  0x08000213   Thumb Code     0  libinit2.o(.ARM.Collect$$libinit$$0000000F)
    __rt_lib_init_preinit_1                  0x08000213   Thumb Code     0  libinit2.o(.ARM.Collect$$libinit$$00000004)
    __rt_lib_init_rand_1                     0x08000213   Thumb Code     0  libinit2.o(.ARM.Collect$$libinit$$0000000E)
    __rt_lib_init_user_alloc_1               0x08000213   Thumb Code     0  libinit2.o(.ARM.Collect$$libinit$$0000000C)
    __rt_lib_init_lc_collate_1               0x08000219   Thumb Code     0  libinit2.o(.ARM.Collect$$libinit$$00000011)
    __rt_lib_init_lc_ctype_1                 0x08000219   Thumb Code     0  libinit2.o(.ARM.Collect$$libinit$$00000013)
    __rt_lib_init_lc_monetary_1              0x08000219   Thumb Code     0  libinit2.o(.ARM.Collect$$libinit$$00000015)
    __rt_lib_init_lc_numeric_2               0x08000219   Thumb Code     0  libinit2.o(.ARM.Collect$$libinit$$00000016)
    __rt_lib_init_alloca_1                   0x08000223   Thumb Code     0  libinit2.o(.ARM.Collect$$libinit$$0000002E)
    __rt_lib_init_argv_1                     0x08000223   Thumb Code     0  libinit2.o(.ARM.Collect$$libinit$$0000002C)
    __rt_lib_init_atexit_1                   0x08000223   Thumb Code     0  libinit2.o(.ARM.Collect$$libinit$$0000001B)
    __rt_lib_init_clock_1                    0x08000223   Thumb Code     0  libinit2.o(.ARM.Collect$$libinit$$00000021)
    __rt_lib_init_cpp_1                      0x08000223   Thumb Code     0  libinit2.o(.ARM.Collect$$libinit$$00000032)
    __rt_lib_init_exceptions_1               0x08000223   Thumb Code     0  libinit2.o(.ARM.Collect$$libinit$$00000030)
    __rt_lib_init_fp_trap_1                  0x08000223   Thumb Code     0  libinit2.o(.ARM.Collect$$libinit$$0000001F)
    __rt_lib_init_getenv_1                   0x08000223   Thumb Code     0  libinit2.o(.ARM.Collect$$libinit$$00000023)
    __rt_lib_init_lc_numeric_1               0x08000223   Thumb Code     0  libinit2.o(.ARM.Collect$$libinit$$00000017)
    __rt_lib_init_lc_time_1                  0x08000223   Thumb Code     0  libinit2.o(.ARM.Collect$$libinit$$00000019)
    __rt_lib_init_return                     0x08000223   Thumb Code     0  libinit2.o(.ARM.Collect$$libinit$$00000033)
    __rt_lib_init_signal_1                   0x08000223   Thumb Code     0  libinit2.o(.ARM.Collect$$libinit$$0000001D)
    __rt_lib_init_stdio_1                    0x08000223   Thumb Code     0  libinit2.o(.ARM.Collect$$libinit$$00000025)
    __rt_lib_shutdown                        0x08000225   Thumb Code     0  libshutdown.o(.ARM.Collect$$libshutdown$$00000000)
    __rt_lib_shutdown_cpp_1                  0x08000227   Thumb Code     0  libshutdown2.o(.ARM.Collect$$libshutdown$$00000004)
    __rt_lib_shutdown_fini_1                 0x08000227   Thumb Code     0  libshutdown2.o(.ARM.Collect$$libshutdown$$00000002)
    __rt_lib_shutdown_fp_trap_1              0x08000227   Thumb Code     0  libshutdown2.o(.ARM.Collect$$libshutdown$$00000009)
    __rt_lib_shutdown_heap_1                 0x08000227   Thumb Code     0  libshutdown2.o(.ARM.Collect$$libshutdown$$00000011)
    __rt_lib_shutdown_return                 0x08000227   Thumb Code     0  libshutdown2.o(.ARM.Collect$$libshutdown$$00000012)
    __rt_lib_shutdown_signal_1               0x08000227   Thumb Code     0  libshutdown2.o(.ARM.Collect$$libshutdown$$0000000C)
    __rt_lib_shutdown_stdio_1                0x08000227   Thumb Code     0  libshutdown2.o(.ARM.Collect$$libshutdown$$00000006)
    __rt_lib_shutdown_user_alloc_1           0x08000227   Thumb Code     0  libshutdown2.o(.ARM.Collect$$libshutdown$$0000000E)
    __rt_entry                               0x08000229   Thumb Code     0  __rtentry.o(.ARM.Collect$$rtentry$$00000000)
    __rt_entry_presh_1                       0x08000229   Thumb Code     0  __rtentry2.o(.ARM.Collect$$rtentry$$00000002)
    __rt_entry_sh                            0x08000229   Thumb Code     0  __rtentry4.o(.ARM.Collect$$rtentry$$00000004)
    __rt_entry_li                            0x0800022f   Thumb Code     0  __rtentry2.o(.ARM.Collect$$rtentry$$0000000A)
    __rt_entry_postsh_1                      0x0800022f   Thumb Code     0  __rtentry2.o(.ARM.Collect$$rtentry$$00000009)
    __rt_entry_main                          0x08000233   Thumb Code     0  __rtentry2.o(.ARM.Collect$$rtentry$$0000000D)
    __rt_entry_postli_1                      0x08000233   Thumb Code     0  __rtentry2.o(.ARM.Collect$$rtentry$$0000000C)
    __rt_exit                                0x0800023b   Thumb Code     0  rtexit.o(.ARM.Collect$$rtexit$$00000000)
    __rt_exit_ls                             0x0800023d   Thumb Code     0  rtexit2.o(.ARM.Collect$$rtexit$$00000003)
    __rt_exit_prels_1                        0x0800023d   Thumb Code     0  rtexit2.o(.ARM.Collect$$rtexit$$00000002)
    __rt_exit_exit                           0x08000241   Thumb Code     0  rtexit2.o(.ARM.Collect$$rtexit$$00000004)
    Reset_Handler                            0x08000249   Thumb Code     8  startup_stm32f303xc.o(.text)
    ADC3_IRQHandler                          0x08000263   Thumb Code     0  startup_stm32f303xc.o(.text)
    ADC4_IRQHandler                          0x08000263   Thumb Code     0  startup_stm32f303xc.o(.text)
    CAN_RX1_IRQHandler                       0x08000263   Thumb Code     0  startup_stm32f303xc.o(.text)
    CAN_SCE_IRQHandler                       0x08000263   Thumb Code     0  startup_stm32f303xc.o(.text)
    COMP1_2_3_IRQHandler                     0x08000263   Thumb Code     0  startup_stm32f303xc.o(.text)
    COMP4_5_6_IRQHandler                     0x08000263   Thumb Code     0  startup_stm32f303xc.o(.text)
    COMP7_IRQHandler                         0x08000263   Thumb Code     0  startup_stm32f303xc.o(.text)
    DMA1_Channel2_IRQHandler                 0x08000263   Thumb Code     0  startup_stm32f303xc.o(.text)
    DMA1_Channel3_IRQHandler                 0x08000263   Thumb Code     0  startup_stm32f303xc.o(.text)
    DMA1_Channel4_IRQHandler                 0x08000263   Thumb Code     0  startup_stm32f303xc.o(.text)
    DMA1_Channel5_IRQHandler                 0x08000263   Thumb Code     0  startup_stm32f303xc.o(.text)
    DMA1_Channel6_IRQHandler                 0x08000263   Thumb Code     0  startup_stm32f303xc.o(.text)
    DMA1_Channel7_IRQHandler                 0x08000263   Thumb Code     0  startup_stm32f303xc.o(.text)
    DMA2_Channel1_IRQHandler                 0x08000263   Thumb Code     0  startup_stm32f303xc.o(.text)
    DMA2_Channel2_IRQHandler                 0x08000263   Thumb Code     0  startup_stm32f303xc.o(.text)
    DMA2_Channel3_IRQHandler                 0x08000263   Thumb Code     0  startup_stm32f303xc.o(.text)
    DMA2_Channel4_IRQHandler                 0x08000263   Thumb Code     0  startup_stm32f303xc.o(.text)
    DMA2_Channel5_IRQHandler                 0x08000263   Thumb Code     0  startup_stm32f303xc.o(.text)
    EXTI0_IRQHandler                         0x08000263   Thumb Code     0  startup_stm32f303xc.o(.text)
    EXTI15_10_IRQHandler                     0x08000263   Thumb Code     0  startup_stm32f303xc.o(.text)
    EXTI1_IRQHandler                         0x08000263   Thumb Code     0  startup_stm32f303xc.o(.text)
    EXTI2_TSC_IRQHandler                     0x08000263   Thumb Code     0  startup_stm32f303xc.o(.text)
    EXTI3_IRQHandler                         0x08000263   Thumb Code     0  startup_stm32f303xc.o(.text)
    EXTI4_IRQHandler                         0x08000263   Thumb Code     0  startup_stm32f303xc.o(.text)
    FLASH_IRQHandler                         0x08000263   Thumb Code     0  startup_stm32f303xc.o(.text)
    FPU_IRQHandler                           0x08000263   Thumb Code     0  startup_stm32f303xc.o(.text)
    I2C1_ER_IRQHandler                       0x08000263   Thumb Code     0  startup_stm32f303xc.o(.text)
    I2C1_EV_IRQHandler                       0x08000263   Thumb Code     0  startup_stm32f303xc.o(.text)
    I2C2_ER_IRQHandler                       0x08000263   Thumb Code     0  startup_stm32f303xc.o(.text)
    I2C2_EV_IRQHandler                       0x08000263   Thumb Code     0  startup_stm32f303xc.o(.text)
    PVD_IRQHandler                           0x08000263   Thumb Code     0  startup_stm32f303xc.o(.text)
    RCC_IRQHandler                           0x08000263   Thumb Code     0  startup_stm32f303xc.o(.text)
    RTC_Alarm_IRQHandler                     0x08000263   Thumb Code     0  startup_stm32f303xc.o(.text)
    RTC_WKUP_IRQHandler                      0x08000263   Thumb Code     0  startup_stm32f303xc.o(.text)
    SPI1_IRQHandler                          0x08000263   Thumb Code     0  startup_stm32f303xc.o(.text)
    SPI2_IRQHandler                          0x08000263   Thumb Code     0  startup_stm32f303xc.o(.text)
    SPI3_IRQHandler                          0x08000263   Thumb Code     0  startup_stm32f303xc.o(.text)
    TAMP_STAMP_IRQHandler                    0x08000263   Thumb Code     0  startup_stm32f303xc.o(.text)
    TIM1_BRK_TIM15_IRQHandler                0x08000263   Thumb Code     0  startup_stm32f303xc.o(.text)
    TIM1_CC_IRQHandler                       0x08000263   Thumb Code     0  startup_stm32f303xc.o(.text)
    TIM1_TRG_COM_TIM17_IRQHandler            0x08000263   Thumb Code     0  startup_stm32f303xc.o(.text)
    TIM1_UP_TIM16_IRQHandler                 0x08000263   Thumb Code     0  startup_stm32f303xc.o(.text)
    TIM2_IRQHandler                          0x08000263   Thumb Code     0  startup_stm32f303xc.o(.text)
    TIM3_IRQHandler                          0x08000263   Thumb Code     0  startup_stm32f303xc.o(.text)
    TIM4_IRQHandler                          0x08000263   Thumb Code     0  startup_stm32f303xc.o(.text)
    TIM6_DAC_IRQHandler                      0x08000263   Thumb Code     0  startup_stm32f303xc.o(.text)
    TIM7_IRQHandler                          0x08000263   Thumb Code     0  startup_stm32f303xc.o(.text)
    TIM8_BRK_IRQHandler                      0x08000263   Thumb Code     0  startup_stm32f303xc.o(.text)
    TIM8_CC_IRQHandler                       0x08000263   Thumb Code     0  startup_stm32f303xc.o(.text)
    TIM8_TRG_COM_IRQHandler                  0x08000263   Thumb Code     0  startup_stm32f303xc.o(.text)
    TIM8_UP_IRQHandler                       0x08000263   Thumb Code     0  startup_stm32f303xc.o(.text)
    UART4_IRQHandler                         0x08000263   Thumb Code     0  startup_stm32f303xc.o(.text)
    UART5_IRQHandler                         0x08000263   Thumb Code     0  startup_stm32f303xc.o(.text)
    USART1_IRQHandler                        0x08000263   Thumb Code     0  startup_stm32f303xc.o(.text)
    USART2_IRQHandler                        0x08000263   Thumb Code     0  startup_stm32f303xc.o(.text)
    USART3_IRQHandler                        0x08000263   Thumb Code     0  startup_stm32f303xc.o(.text)
    USBWakeUp_IRQHandler                     0x08000263   Thumb Code     0  startup_stm32f303xc.o(.text)
    USBWakeUp_RMP_IRQHandler                 0x08000263   Thumb Code     0  startup_stm32f303xc.o(.text)
    USB_HP_CAN_TX_IRQHandler                 0x08000263   Thumb Code     0  startup_stm32f303xc.o(.text)
    USB_HP_IRQHandler                        0x08000263   Thumb Code     0  startup_stm32f303xc.o(.text)
    USB_LP_CAN_RX0_IRQHandler                0x08000263   Thumb Code     0  startup_stm32f303xc.o(.text)
    USB_LP_IRQHandler                        0x08000263   Thumb Code     0  startup_stm32f303xc.o(.text)
    WWDG_IRQHandler                          0x08000263   Thumb Code     0  startup_stm32f303xc.o(.text)
    __user_initial_stackheap                 0x08000265   Thumb Code     0  startup_stm32f303xc.o(.text)
    __aeabi_uldivmod                         0x08000289   Thumb Code     0  lludivv7m.o(.text)
    _ll_udiv                                 0x08000289   Thumb Code   238  lludivv7m.o(.text)
    __2sprintf                               0x08000379   Thumb Code    34  noretval__2sprintf.o(.text)
    __printf                                 0x080003a1   Thumb Code   104  __printf.o(.text)
    _printf_int_dec                          0x08000409   Thumb Code   104  _printf_dec.o(.text)
    strlen                                   0x08000481   Thumb Code    62  strlen.o(.text)
    __aeabi_memclr4                          0x080004bf   Thumb Code     0  rt_memclr_w.o(.text)
    __aeabi_memclr8                          0x080004bf   Thumb Code     0  rt_memclr_w.o(.text)
    __rt_memclr_w                            0x080004bf   Thumb Code    78  rt_memclr_w.o(.text)
    _memset_w                                0x080004c3   Thumb Code     0  rt_memclr_w.o(.text)
    __use_two_region_memory                  0x0800050d   Thumb Code     2  heapauxi.o(.text)
    __rt_heap_escrow$2region                 0x0800050f   Thumb Code     2  heapauxi.o(.text)
    __rt_heap_expand$2region                 0x08000511   Thumb Code     2  heapauxi.o(.text)
    _printf_int_common                       0x08000513   Thumb Code   178  _printf_intcommon.o(.text)
    __lib_sel_fp_printf                      0x080005c5   Thumb Code     2  _printf_fp_dec.o(.text)
    _printf_fp_dec_real                      0x08000777   Thumb Code   620  _printf_fp_dec.o(.text)
    _printf_char_common                      0x080009ef   Thumb Code    32  _printf_char_common.o(.text)
    _sputc                                   0x08000a15   Thumb Code    10  _sputc.o(.text)
    __rt_locale                              0x08000a21   Thumb Code     8  rt_locale_intlibspace.o(.text)
    _ll_udiv10                               0x08000a29   Thumb Code   138  lludiv10.o(.text)
    _printf_fp_infnan                        0x08000ab5   Thumb Code   112  _printf_fp_infnan.o(.text)
    _btod_etento                             0x08000b35   Thumb Code   224  bigflt0.o(.text)
    __user_libspace                          0x08000c19   Thumb Code     8  libspace.o(.text)
    __user_perproc_libspace                  0x08000c19   Thumb Code     0  libspace.o(.text)
    __user_perthread_libspace                0x08000c19   Thumb Code     0  libspace.o(.text)
    __user_setup_stackheap                   0x08000c21   Thumb Code    74  sys_stackheap_outer.o(.text)
    exit                                     0x08000c6b   Thumb Code    18  exit.o(.text)
    strcmp                                   0x08000c7d   Thumb Code   128  strcmpv7m.o(.text)
    _sys_exit                                0x08000cfd   Thumb Code     8  sys_exit.o(.text)
    __I$use$semihosting                      0x08000d09   Thumb Code     0  use_no_semi.o(.text)
    __use_no_semihosting_swi                 0x08000d09   Thumb Code     2  use_no_semi.o(.text)
    __semihosting_library_function           0x08000d0b   Thumb Code     0  indicate_semi.o(.text)
    _btod_d2e                                0x08000d0b   Thumb Code    62  btod.o(CL$$btod_d2e)
    _d2e_denorm_low                          0x08000d49   Thumb Code    70  btod.o(CL$$btod_d2e_denorm_low)
    _d2e_norm_op1                            0x08000d8f   Thumb Code    96  btod.o(CL$$btod_d2e_norm_op1)
    __btod_div_common                        0x08000def   Thumb Code   696  btod.o(CL$$btod_div_common)
    _e2e                                     0x08001127   Thumb Code   220  btod.o(CL$$btod_e2e)
    _btod_ediv                               0x08001203   Thumb Code    42  btod.o(CL$$btod_ediv)
    _btod_emul                               0x0800122d   Thumb Code    42  btod.o(CL$$btod_emul)
    __btod_mult_common                       0x08001257   Thumb Code   580  btod.o(CL$$btod_mult_common)
    ADC1_2_IRQHandler                        0x0800149d   Thumb Code    68  stm32f3xx_it.o(i.ADC1_2_IRQHandler)
    BusFault_Handler                         0x08001591   Thumb Code     4  stm32f3xx_it.o(i.BusFault_Handler)
    DMA1_Channel1_IRQHandler                 0x08001595   Thumb Code    42  stm32f3xx_it.o(i.DMA1_Channel1_IRQHandler)
    DebugMon_Handler                         0x08001619   Thumb Code     2  stm32f3xx_it.o(i.DebugMon_Handler)
    EXTI9_5_IRQHandler                       0x0800161b   Thumb Code    10  stm32f3xx_it.o(i.EXTI9_5_IRQHandler)
    Error_Handler                            0x08001625   Thumb Code     6  main.o(i.Error_Handler)
    HAL_ADCEx_InjectedConvCpltCallback       0x0800162b   Thumb Code     2  stm32f3xx_hal_adc_ex.o(i.HAL_ADCEx_InjectedConvCpltCallback)
    HAL_ADCEx_InjectedQueueOverflowCallback  0x0800162d   Thumb Code     2  stm32f3xx_hal_adc_ex.o(i.HAL_ADCEx_InjectedQueueOverflowCallback)
    HAL_ADCEx_LevelOutOfWindow2Callback      0x0800162f   Thumb Code     2  stm32f3xx_hal_adc_ex.o(i.HAL_ADCEx_LevelOutOfWindow2Callback)
    HAL_ADCEx_LevelOutOfWindow3Callback      0x08001631   Thumb Code     2  stm32f3xx_hal_adc_ex.o(i.HAL_ADCEx_LevelOutOfWindow3Callback)
    HAL_ADCEx_MultiModeConfigChannel         0x08001635   Thumb Code   372  stm32f3xx_hal_adc_ex.o(i.HAL_ADCEx_MultiModeConfigChannel)
    HAL_ADC_ConfigChannel                    0x080017bd   Thumb Code  1094  stm32f3xx_hal_adc_ex.o(i.HAL_ADC_ConfigChannel)
    HAL_ADC_ConvCpltCallback                 0x08001c25   Thumb Code     2  stm32f3xx_hal_adc.o(i.HAL_ADC_ConvCpltCallback)
    HAL_ADC_ErrorCallback                    0x08001c27   Thumb Code     2  stm32f3xx_hal_adc.o(i.HAL_ADC_ErrorCallback)
    HAL_ADC_GetValue                         0x08001c29   Thumb Code     8  stm32f3xx_hal_adc_ex.o(i.HAL_ADC_GetValue)
    HAL_ADC_IRQHandler                       0x08001c31   Thumb Code  1218  stm32f3xx_hal_adc_ex.o(i.HAL_ADC_IRQHandler)
    HAL_ADC_Init                             0x080020f9   Thumb Code   702  stm32f3xx_hal_adc_ex.o(i.HAL_ADC_Init)
    HAL_ADC_LevelOutOfWindowCallback         0x080023d9   Thumb Code     2  stm32f3xx_hal_adc.o(i.HAL_ADC_LevelOutOfWindowCallback)
    HAL_ADC_MspInit                          0x080023dd   Thumb Code   174  adc.o(i.HAL_ADC_MspInit)
    HAL_DMA_IRQHandler                       0x08002499   Thumb Code   230  stm32f3xx_hal_dma.o(i.HAL_DMA_IRQHandler)
    HAL_DMA_Init                             0x0800257f   Thumb Code    86  stm32f3xx_hal_dma.o(i.HAL_DMA_Init)
    HAL_Delay                                0x080025d5   Thumb Code    36  stm32f3xx_hal.o(i.HAL_Delay)
    HAL_GPIO_EXTI_Callback                   0x080025fd   Thumb Code     2  stm32f3xx_hal_gpio.o(i.HAL_GPIO_EXTI_Callback)
    HAL_GPIO_EXTI_IRQHandler                 0x08002601   Thumb Code    24  stm32f3xx_hal_gpio.o(i.HAL_GPIO_EXTI_IRQHandler)
    HAL_GPIO_Init                            0x0800261d   Thumb Code   428  stm32f3xx_hal_gpio.o(i.HAL_GPIO_Init)
    HAL_GPIO_WritePin                        0x080027e5   Thumb Code    10  stm32f3xx_hal_gpio.o(i.HAL_GPIO_WritePin)
    HAL_GetTick                              0x080027f1   Thumb Code     6  stm32f3xx_hal.o(i.HAL_GetTick)
    HAL_IncTick                              0x080027fd   Thumb Code    16  stm32f3xx_hal.o(i.HAL_IncTick)
    HAL_Init                                 0x08002815   Thumb Code    34  stm32f3xx_hal.o(i.HAL_Init)
    HAL_InitTick                             0x0800283d   Thumb Code    64  stm32f3xx_hal.o(i.HAL_InitTick)
    HAL_MspInit                              0x08002889   Thumb Code    64  stm32f3xx_hal_msp.o(i.HAL_MspInit)
    HAL_NVIC_EnableIRQ                       0x080028cd   Thumb Code    32  stm32f3xx_hal_cortex.o(i.HAL_NVIC_EnableIRQ)
    HAL_NVIC_SetPriority                     0x080028ed   Thumb Code   124  stm32f3xx_hal_cortex.o(i.HAL_NVIC_SetPriority)
    HAL_NVIC_SetPriorityGrouping             0x08002969   Thumb Code    32  stm32f3xx_hal_cortex.o(i.HAL_NVIC_SetPriorityGrouping)
    HAL_RCCEx_PeriphCLKConfig                0x08002991   Thumb Code   726  stm32f3xx_hal_rcc_ex.o(i.HAL_RCCEx_PeriphCLKConfig)
    HAL_RCC_ClockConfig                      0x08002c75   Thumb Code   664  stm32f3xx_hal_rcc.o(i.HAL_RCC_ClockConfig)
    HAL_RCC_GetHCLKFreq                      0x08002f21   Thumb Code     6  stm32f3xx_hal_rcc.o(i.HAL_RCC_GetHCLKFreq)
    HAL_RCC_GetPCLK1Freq                     0x08002f2d   Thumb Code    36  stm32f3xx_hal_rcc.o(i.HAL_RCC_GetPCLK1Freq)
    HAL_RCC_GetPCLK2Freq                     0x08002f59   Thumb Code    36  stm32f3xx_hal_rcc.o(i.HAL_RCC_GetPCLK2Freq)
    HAL_RCC_GetSysClockFreq                  0x08002f85   Thumb Code   138  stm32f3xx_hal_rcc.o(i.HAL_RCC_GetSysClockFreq)
    HAL_RCC_OscConfig                        0x08003025   Thumb Code  2586  stm32f3xx_hal_rcc.o(i.HAL_RCC_OscConfig)
    HAL_SPI_Init                             0x08003a49   Thumb Code   252  stm32f3xx_hal_spi.o(i.HAL_SPI_Init)
    HAL_SPI_MspInit                          0x08003b45   Thumb Code   204  spi.o(i.HAL_SPI_MspInit)
    HAL_SPI_Receive                          0x08003c21   Thumb Code   422  stm32f3xx_hal_spi.o(i.HAL_SPI_Receive)
    HAL_SPI_Transmit                         0x08003dc7   Thumb Code   490  stm32f3xx_hal_spi.o(i.HAL_SPI_Transmit)
    HAL_SPI_TransmitReceive                  0x08003fb1   Thumb Code   700  stm32f3xx_hal_spi.o(i.HAL_SPI_TransmitReceive)
    HAL_SYSTICK_Config                       0x0800426d   Thumb Code    52  stm32f3xx_hal_cortex.o(i.HAL_SYSTICK_Config)
    HAL_TIMEx_ConfigBreakDeadTime            0x080042a1   Thumb Code   172  stm32f3xx_hal_tim_ex.o(i.HAL_TIMEx_ConfigBreakDeadTime)
    HAL_TIMEx_MasterConfigSynchronization    0x08004355   Thumb Code   158  stm32f3xx_hal_tim_ex.o(i.HAL_TIMEx_MasterConfigSynchronization)
    HAL_TIM_Base_Init                        0x08004409   Thumb Code   110  stm32f3xx_hal_tim.o(i.HAL_TIM_Base_Init)
    HAL_TIM_Base_MspInit                     0x08004479   Thumb Code    40  tim.o(i.HAL_TIM_Base_MspInit)
    HAL_TIM_ConfigClockSource                0x080044a9   Thumb Code   264  stm32f3xx_hal_tim.o(i.HAL_TIM_ConfigClockSource)
    HAL_TIM_MspPostInit                      0x080045b5   Thumb Code    80  tim.o(i.HAL_TIM_MspPostInit)
    HAL_TIM_PWM_ConfigChannel                0x08004611   Thumb Code   360  stm32f3xx_hal_tim.o(i.HAL_TIM_PWM_ConfigChannel)
    HAL_TIM_PWM_Init                         0x08004779   Thumb Code   110  stm32f3xx_hal_tim.o(i.HAL_TIM_PWM_Init)
    HAL_TIM_PWM_MspInit                      0x080047e7   Thumb Code     2  stm32f3xx_hal_tim.o(i.HAL_TIM_PWM_MspInit)
    HAL_UART_Init                            0x080047e9   Thumb Code   116  stm32f3xx_hal_uart.o(i.HAL_UART_Init)
    HAL_UART_MspInit                         0x0800485d   Thumb Code   112  usart.o(i.HAL_UART_MspInit)
    HAL_UART_Transmit                        0x080048d5   Thumb Code   210  stm32f3xx_hal_uart.o(i.HAL_UART_Transmit)
    HardFault_Handler                        0x080049a7   Thumb Code     4  stm32f3xx_it.o(i.HardFault_Handler)
    MX_ADC1_Init                             0x080049ad   Thumb Code   142  adc.o(i.MX_ADC1_Init)
    MX_DMA_Init                              0x08004a41   Thumb Code    48  dma.o(i.MX_DMA_Init)
    MX_GPIO_Init                             0x08004a75   Thumb Code   470  gpio.o(i.MX_GPIO_Init)
    MX_SPI1_Init                             0x08004c69   Thumb Code    74  spi.o(i.MX_SPI1_Init)
    MX_SPI2_Init                             0x08004cbd   Thumb Code    74  spi.o(i.MX_SPI2_Init)
    MX_TIM1_Init                             0x08004d11   Thumb Code   226  tim.o(i.MX_TIM1_Init)
    MX_USART1_UART_Init                      0x08004dfd   Thumb Code    56  usart.o(i.MX_USART1_UART_Init)
    MemManage_Handler                        0x08004e3d   Thumb Code     4  stm32f3xx_it.o(i.MemManage_Handler)
    NMI_Handler                              0x08004e41   Thumb Code     4  stm32f3xx_it.o(i.NMI_Handler)
    PendSV_Handler                           0x08004e45   Thumb Code     2  stm32f3xx_it.o(i.PendSV_Handler)
    SVC_Handler                              0x080050e9   Thumb Code     2  stm32f3xx_it.o(i.SVC_Handler)
    SysTick_Handler                          0x080050eb   Thumb Code     8  stm32f3xx_it.o(i.SysTick_Handler)
    SystemClock_Config                       0x080050f3   Thumb Code   144  main.o(i.SystemClock_Config)
    SystemInit                               0x08005185   Thumb Code    14  system_stm32f3xx.o(i.SystemInit)
    TIM_Base_SetConfig                       0x08005199   Thumb Code   158  stm32f3xx_hal_tim.o(i.TIM_Base_SetConfig)
    TIM_ETR_SetConfig                        0x08005255   Thumb Code    22  stm32f3xx_hal_tim.o(i.TIM_ETR_SetConfig)
    TIM_OC2_SetConfig                        0x08005329   Thumb Code   156  stm32f3xx_hal_tim.o(i.TIM_OC2_SetConfig)
    UART_AdvFeatureConfig                    0x08005633   Thumb Code   248  stm32f3xx_hal_uart.o(i.UART_AdvFeatureConfig)
    UART_CheckIdleState                      0x0800572b   Thumb Code   114  stm32f3xx_hal_uart.o(i.UART_CheckIdleState)
    UART_SetConfig                           0x0800579d   Thumb Code   624  stm32f3xx_hal_uart.o(i.UART_SetConfig)
    UART_WaitOnFlagUntilTimeout              0x08005a29   Thumb Code   182  stm32f3xx_hal_uart.o(i.UART_WaitOnFlagUntilTimeout)
    UsageFault_Handler                       0x08005adf   Thumb Code     4  stm32f3xx_it.o(i.UsageFault_Handler)
    __ARM_fpclassify                         0x08005ae3   Thumb Code    48  fpclassify.o(i.__ARM_fpclassify)
    gyro_init                                0x08005b4d   Thumb Code    94  main.o(i.gyro_init)
    main                                     0x08005bbd   Thumb Code   430  main.o(i.main)
    personal                                 0x08005da5   Thumb Code    64  main.o(i.personal)
    _get_lc_numeric                          0x08005df9   Thumb Code    44  lc_numeric_c.o(locale$$code)
    __aeabi_d2f                              0x08005e25   Thumb Code     0  d2f.o(x$fpl$d2f)
    _d2f                                     0x08005e25   Thumb Code    98  d2f.o(x$fpl$d2f)
    __aeabi_dmul                             0x08005e89   Thumb Code     0  dmul.o(x$fpl$dmul)
    _dmul                                    0x08005e89   Thumb Code   332  dmul.o(x$fpl$dmul)
    __fpl_dnaninf                            0x08005fdd   Thumb Code   156  dnaninf.o(x$fpl$dnaninf)
    __fpl_dretinf                            0x08006079   Thumb Code    12  dretinf.o(x$fpl$dretinf)
    __aeabi_f2d                              0x08006085   Thumb Code     0  f2d.o(x$fpl$f2d)
    _f2d                                     0x08006085   Thumb Code    86  f2d.o(x$fpl$f2d)
    __fpl_fnaninf                            0x080060db   Thumb Code   140  fnaninf.o(x$fpl$fnaninf)
    _fp_init                                 0x08006167   Thumb Code    10  fpinit.o(x$fpl$fpinit)
    __fplib_config_fpu_vfp                   0x0800616f   Thumb Code     0  fpinit.o(x$fpl$fpinit)
    __fplib_config_pureend_doubles           0x0800616f   Thumb Code     0  fpinit.o(x$fpl$fpinit)
    __fpl_fretinf                            0x08006171   Thumb Code    10  fretinf.o(x$fpl$fretinf)
    _printf_fp_dec                           0x0800617b   Thumb Code     4  printf1.o(x$fpl$printf1)
    __I$use$fp                               0x0800617e   Number         0  usenofp.o(x$fpl$usenofp)
    aPLLMULFactorTable                       0x0800617e   Data          16  stm32f3xx_hal_rcc.o(.constdata)
    aPredivFactorTable                       0x0800618e   Data          16  stm32f3xx_hal_rcc.o(.constdata)
    AHBPrescTable                            0x0800619e   Data          16  system_stm32f3xx.o(.constdata)
    APBPrescTable                            0x080061ae   Data           8  system_stm32f3xx.o(.constdata)
    Region$$Table$$Base                      0x0800624c   Number         0  anon$$obj.o(Region$$Table)
    Region$$Table$$Limit                     0x0800626c   Number         0  anon$$obj.o(Region$$Table)
    uwTick                                   0x2000000c   Data           4  stm32f3xx_hal.o(.data)
    uwTickPrio                               0x20000010   Data           4  stm32f3xx_hal.o(.data)
    uwTickFreq                               0x20000014   Data           1  stm32f3xx_hal.o(.data)
    SystemCoreClock                          0x20000018   Data           4  system_stm32f3xx.o(.data)
    adc_buff                                 0x20000060   Data          64  main.o(.bss)
    hadc1                                    0x200000c0   Data          80  adc.o(.bss)
    hdma_adc1                                0x20000110   Data          68  adc.o(.bss)
    hspi1                                    0x20000154   Data         100  spi.o(.bss)
    hspi2                                    0x200001b8   Data         100  spi.o(.bss)
    htim1                                    0x2000021c   Data          76  tim.o(.bss)
    huart1                                   0x20000268   Data         132  usart.o(.bss)
    __libspace_start                         0x200002f8   Data          96  libspace.o(.bss)
    __temporary_stack_top$libspace           0x20000358   Data           0  libspace.o(.bss)



==============================================================================

Memory Map of the image

  Image Entry point : 0x08000189

  Load Region LR_IROM1 (Base: 0x08000000, Size: 0x000062a4, Max: 0x00040000, ABSOLUTE)

    Execution Region ER_IROM1 (Exec base: 0x08000000, Load base: 0x08000000, Size: 0x00006288, Max: 0x00040000, ABSOLUTE)

    Exec Addr    Load Addr    Size         Type   Attr      Idx    E Section Name        Object

    0x08000000   0x08000000   0x00000188   Data   RO            3    RESET               startup_stm32f303xc.o
    0x08000188   0x08000188   0x00000008   Code   RO         4444  * !!!main             c_w.l(__main.o)
    0x08000190   0x08000190   0x00000034   Code   RO         4684    !!!scatter          c_w.l(__scatter.o)
    0x080001c4   0x080001c4   0x0000001a   Code   RO         4686    !!handler_copy      c_w.l(__scatter_copy.o)
    0x080001de   0x080001de   0x00000002   PAD
    0x080001e0   0x080001e0   0x0000001c   Code   RO         4688    !!handler_zi        c_w.l(__scatter_zi.o)
    0x080001fc   0x080001fc   0x00000000   Code   RO         4435    .ARM.Collect$$_printf_percent$$00000000  c_w.l(_printf_percent.o)
    0x080001fc   0x080001fc   0x00000006   Code   RO         4434    .ARM.Collect$$_printf_percent$$00000003  c_w.l(_printf_f.o)
    0x08000202   0x08000202   0x00000006   Code   RO         4433    .ARM.Collect$$_printf_percent$$00000009  c_w.l(_printf_d.o)
    0x08000208   0x08000208   0x00000004   Code   RO         4467    .ARM.Collect$$_printf_percent$$00000017  c_w.l(_printf_percent_end.o)
    0x0800020c   0x0800020c   0x00000002   Code   RO         4555    .ARM.Collect$$libinit$$00000000  c_w.l(libinit.o)
    0x0800020e   0x0800020e   0x00000004   Code   RO         4556    .ARM.Collect$$libinit$$00000001  c_w.l(libinit2.o)
    0x08000212   0x08000212   0x00000000   Code   RO         4559    .ARM.Collect$$libinit$$00000004  c_w.l(libinit2.o)
    0x08000212   0x08000212   0x00000000   Code   RO         4562    .ARM.Collect$$libinit$$0000000A  c_w.l(libinit2.o)
    0x08000212   0x08000212   0x00000000   Code   RO         4564    .ARM.Collect$$libinit$$0000000C  c_w.l(libinit2.o)
    0x08000212   0x08000212   0x00000000   Code   RO         4566    .ARM.Collect$$libinit$$0000000E  c_w.l(libinit2.o)
    0x08000212   0x08000212   0x00000006   Code   RO         4567    .ARM.Collect$$libinit$$0000000F  c_w.l(libinit2.o)
    0x08000218   0x08000218   0x00000000   Code   RO         4569    .ARM.Collect$$libinit$$00000011  c_w.l(libinit2.o)
    0x08000218   0x08000218   0x00000000   Code   RO         4571    .ARM.Collect$$libinit$$00000013  c_w.l(libinit2.o)
    0x08000218   0x08000218   0x00000000   Code   RO         4573    .ARM.Collect$$libinit$$00000015  c_w.l(libinit2.o)
    0x08000218   0x08000218   0x0000000a   Code   RO         4574    .ARM.Collect$$libinit$$00000016  c_w.l(libinit2.o)
    0x08000222   0x08000222   0x00000000   Code   RO         4575    .ARM.Collect$$libinit$$00000017  c_w.l(libinit2.o)
    0x08000222   0x08000222   0x00000000   Code   RO         4577    .ARM.Collect$$libinit$$00000019  c_w.l(libinit2.o)
    0x08000222   0x08000222   0x00000000   Code   RO         4579    .ARM.Collect$$libinit$$0000001B  c_w.l(libinit2.o)
    0x08000222   0x08000222   0x00000000   Code   RO         4581    .ARM.Collect$$libinit$$0000001D  c_w.l(libinit2.o)
    0x08000222   0x08000222   0x00000000   Code   RO         4583    .ARM.Collect$$libinit$$0000001F  c_w.l(libinit2.o)
    0x08000222   0x08000222   0x00000000   Code   RO         4585    .ARM.Collect$$libinit$$00000021  c_w.l(libinit2.o)
    0x08000222   0x08000222   0x00000000   Code   RO         4587    .ARM.Collect$$libinit$$00000023  c_w.l(libinit2.o)
    0x08000222   0x08000222   0x00000000   Code   RO         4589    .ARM.Collect$$libinit$$00000025  c_w.l(libinit2.o)
    0x08000222   0x08000222   0x00000000   Code   RO         4593    .ARM.Collect$$libinit$$0000002C  c_w.l(libinit2.o)
    0x08000222   0x08000222   0x00000000   Code   RO         4595    .ARM.Collect$$libinit$$0000002E  c_w.l(libinit2.o)
    0x08000222   0x08000222   0x00000000   Code   RO         4597    .ARM.Collect$$libinit$$00000030  c_w.l(libinit2.o)
    0x08000222   0x08000222   0x00000000   Code   RO         4599    .ARM.Collect$$libinit$$00000032  c_w.l(libinit2.o)
    0x08000222   0x08000222   0x00000002   Code   RO         4600    .ARM.Collect$$libinit$$00000033  c_w.l(libinit2.o)
    0x08000224   0x08000224   0x00000002   Code   RO         4647    .ARM.Collect$$libshutdown$$00000000  c_w.l(libshutdown.o)
    0x08000226   0x08000226   0x00000000   Code   RO         4665    .ARM.Collect$$libshutdown$$00000002  c_w.l(libshutdown2.o)
    0x08000226   0x08000226   0x00000000   Code   RO         4667    .ARM.Collect$$libshutdown$$00000004  c_w.l(libshutdown2.o)
    0x08000226   0x08000226   0x00000000   Code   RO         4669    .ARM.Collect$$libshutdown$$00000006  c_w.l(libshutdown2.o)
    0x08000226   0x08000226   0x00000000   Code   RO         4672    .ARM.Collect$$libshutdown$$00000009  c_w.l(libshutdown2.o)
    0x08000226   0x08000226   0x00000000   Code   RO         4675    .ARM.Collect$$libshutdown$$0000000C  c_w.l(libshutdown2.o)
    0x08000226   0x08000226   0x00000000   Code   RO         4677    .ARM.Collect$$libshutdown$$0000000E  c_w.l(libshutdown2.o)
    0x08000226   0x08000226   0x00000000   Code   RO         4680    .ARM.Collect$$libshutdown$$00000011  c_w.l(libshutdown2.o)
    0x08000226   0x08000226   0x00000002   Code   RO         4681    .ARM.Collect$$libshutdown$$00000012  c_w.l(libshutdown2.o)
    0x08000228   0x08000228   0x00000000   Code   RO         4454    .ARM.Collect$$rtentry$$00000000  c_w.l(__rtentry.o)
    0x08000228   0x08000228   0x00000000   Code   RO         4478    .ARM.Collect$$rtentry$$00000002  c_w.l(__rtentry2.o)
    0x08000228   0x08000228   0x00000006   Code   RO         4490    .ARM.Collect$$rtentry$$00000004  c_w.l(__rtentry4.o)
    0x0800022e   0x0800022e   0x00000000   Code   RO         4480    .ARM.Collect$$rtentry$$00000009  c_w.l(__rtentry2.o)
    0x0800022e   0x0800022e   0x00000004   Code   RO         4481    .ARM.Collect$$rtentry$$0000000A  c_w.l(__rtentry2.o)
    0x08000232   0x08000232   0x00000000   Code   RO         4483    .ARM.Collect$$rtentry$$0000000C  c_w.l(__rtentry2.o)
    0x08000232   0x08000232   0x00000008   Code   RO         4484    .ARM.Collect$$rtentry$$0000000D  c_w.l(__rtentry2.o)
    0x0800023a   0x0800023a   0x00000002   Code   RO         4601    .ARM.Collect$$rtexit$$00000000  c_w.l(rtexit.o)
    0x0800023c   0x0800023c   0x00000000   Code   RO         4616    .ARM.Collect$$rtexit$$00000002  c_w.l(rtexit2.o)
    0x0800023c   0x0800023c   0x00000004   Code   RO         4617    .ARM.Collect$$rtexit$$00000003  c_w.l(rtexit2.o)
    0x08000240   0x08000240   0x00000006   Code   RO         4618    .ARM.Collect$$rtexit$$00000004  c_w.l(rtexit2.o)
    0x08000246   0x08000246   0x00000002   PAD
    0x08000248   0x08000248   0x00000040   Code   RO            4    .text               startup_stm32f303xc.o
    0x08000288   0x08000288   0x000000ee   Code   RO         4401    .text               c_w.l(lludivv7m.o)
    0x08000376   0x08000376   0x00000002   PAD
    0x08000378   0x08000378   0x00000028   Code   RO         4407    .text               c_w.l(noretval__2sprintf.o)
    0x080003a0   0x080003a0   0x00000068   Code   RO         4409    .text               c_w.l(__printf.o)
    0x08000408   0x08000408   0x00000078   Code   RO         4411    .text               c_w.l(_printf_dec.o)
    0x08000480   0x08000480   0x0000003e   Code   RO         4436    .text               c_w.l(strlen.o)
    0x080004be   0x080004be   0x0000004e   Code   RO         4440    .text               c_w.l(rt_memclr_w.o)
    0x0800050c   0x0800050c   0x00000006   Code   RO         4442    .text               c_w.l(heapauxi.o)
    0x08000512   0x08000512   0x000000b2   Code   RO         4459    .text               c_w.l(_printf_intcommon.o)
    0x080005c4   0x080005c4   0x0000041e   Code   RO         4461    .text               c_w.l(_printf_fp_dec.o)
    0x080009e2   0x080009e2   0x00000002   PAD
    0x080009e4   0x080009e4   0x00000030   Code   RO         4463    .text               c_w.l(_printf_char_common.o)
    0x08000a14   0x08000a14   0x0000000a   Code   RO         4465    .text               c_w.l(_sputc.o)
    0x08000a1e   0x08000a1e   0x00000002   PAD
    0x08000a20   0x08000a20   0x00000008   Code   RO         4497    .text               c_w.l(rt_locale_intlibspace.o)
    0x08000a28   0x08000a28   0x0000008a   Code   RO         4499    .text               c_w.l(lludiv10.o)
    0x08000ab2   0x08000ab2   0x00000002   PAD
    0x08000ab4   0x08000ab4   0x00000080   Code   RO         4501    .text               c_w.l(_printf_fp_infnan.o)
    0x08000b34   0x08000b34   0x000000e4   Code   RO         4505    .text               c_w.l(bigflt0.o)
    0x08000c18   0x08000c18   0x00000008   Code   RO         4537    .text               c_w.l(libspace.o)
    0x08000c20   0x08000c20   0x0000004a   Code   RO         4540    .text               c_w.l(sys_stackheap_outer.o)
    0x08000c6a   0x08000c6a   0x00000012   Code   RO         4542    .text               c_w.l(exit.o)
    0x08000c7c   0x08000c7c   0x00000080   Code   RO         4548    .text               c_w.l(strcmpv7m.o)
    0x08000cfc   0x08000cfc   0x0000000c   Code   RO         4613    .text               c_w.l(sys_exit.o)
    0x08000d08   0x08000d08   0x00000002   Code   RO         4634    .text               c_w.l(use_no_semi.o)
    0x08000d0a   0x08000d0a   0x00000000   Code   RO         4636    .text               c_w.l(indicate_semi.o)
    0x08000d0a   0x08000d0a   0x0000003e   Code   RO         4508    CL$$btod_d2e        c_w.l(btod.o)
    0x08000d48   0x08000d48   0x00000046   Code   RO         4510    CL$$btod_d2e_denorm_low  c_w.l(btod.o)
    0x08000d8e   0x08000d8e   0x00000060   Code   RO         4509    CL$$btod_d2e_norm_op1  c_w.l(btod.o)
    0x08000dee   0x08000dee   0x00000338   Code   RO         4518    CL$$btod_div_common  c_w.l(btod.o)
    0x08001126   0x08001126   0x000000dc   Code   RO         4515    CL$$btod_e2e        c_w.l(btod.o)
    0x08001202   0x08001202   0x0000002a   Code   RO         4512    CL$$btod_ediv       c_w.l(btod.o)
    0x0800122c   0x0800122c   0x0000002a   Code   RO         4511    CL$$btod_emul       c_w.l(btod.o)
    0x08001256   0x08001256   0x00000244   Code   RO         4517    CL$$btod_mult_common  c_w.l(btod.o)
    0x0800149a   0x0800149a   0x00000002   PAD
    0x0800149c   0x0800149c   0x0000005c   Code   RO          437    i.ADC1_2_IRQHandler  stm32f3xx_it.o
    0x080014f8   0x080014f8   0x00000098   Code   RO          712    i.ADC_Disable       stm32f3xx_hal_adc_ex.o
    0x08001590   0x08001590   0x00000004   Code   RO          438    i.BusFault_Handler  stm32f3xx_it.o
    0x08001594   0x08001594   0x00000044   Code   RO          439    i.DMA1_Channel1_IRQHandler  stm32f3xx_it.o
    0x080015d8   0x080015d8   0x00000040   Code   RO         1359    i.DMA_CalcBaseAndBitshift  stm32f3xx_hal_dma.o
    0x08001618   0x08001618   0x00000002   Code   RO          440    i.DebugMon_Handler  stm32f3xx_it.o
    0x0800161a   0x0800161a   0x0000000a   Code   RO          441    i.EXTI9_5_IRQHandler  stm32f3xx_it.o
    0x08001624   0x08001624   0x00000006   Code   RO           13    i.Error_Handler     main.o
    0x0800162a   0x0800162a   0x00000002   Code   RO          718    i.HAL_ADCEx_InjectedConvCpltCallback  stm32f3xx_hal_adc_ex.o
    0x0800162c   0x0800162c   0x00000002   Code   RO          721    i.HAL_ADCEx_InjectedQueueOverflowCallback  stm32f3xx_hal_adc_ex.o
    0x0800162e   0x0800162e   0x00000002   Code   RO          726    i.HAL_ADCEx_LevelOutOfWindow2Callback  stm32f3xx_hal_adc_ex.o
    0x08001630   0x08001630   0x00000002   Code   RO          727    i.HAL_ADCEx_LevelOutOfWindow3Callback  stm32f3xx_hal_adc_ex.o
    0x08001632   0x08001632   0x00000002   PAD
    0x08001634   0x08001634   0x00000188   Code   RO          728    i.HAL_ADCEx_MultiModeConfigChannel  stm32f3xx_hal_adc_ex.o
    0x080017bc   0x080017bc   0x00000468   Code   RO          737    i.HAL_ADC_ConfigChannel  stm32f3xx_hal_adc_ex.o
    0x08001c24   0x08001c24   0x00000002   Code   RO          560    i.HAL_ADC_ConvCpltCallback  stm32f3xx_hal_adc.o
    0x08001c26   0x08001c26   0x00000002   Code   RO          563    i.HAL_ADC_ErrorCallback  stm32f3xx_hal_adc.o
    0x08001c28   0x08001c28   0x00000008   Code   RO          739    i.HAL_ADC_GetValue  stm32f3xx_hal_adc_ex.o
    0x08001c30   0x08001c30   0x000004c8   Code   RO          740    i.HAL_ADC_IRQHandler  stm32f3xx_hal_adc_ex.o
    0x080020f8   0x080020f8   0x000002e0   Code   RO          741    i.HAL_ADC_Init      stm32f3xx_hal_adc_ex.o
    0x080023d8   0x080023d8   0x00000002   Code   RO          569    i.HAL_ADC_LevelOutOfWindowCallback  stm32f3xx_hal_adc.o
    0x080023da   0x080023da   0x00000002   PAD
    0x080023dc   0x080023dc   0x000000bc   Code   RO          234    i.HAL_ADC_MspInit   adc.o
    0x08002498   0x08002498   0x000000e6   Code   RO         1366    i.HAL_DMA_IRQHandler  stm32f3xx_hal_dma.o
    0x0800257e   0x0800257e   0x00000056   Code   RO         1367    i.HAL_DMA_Init      stm32f3xx_hal_dma.o
    0x080025d4   0x080025d4   0x00000028   Code   RO          979    i.HAL_Delay         stm32f3xx_hal.o
    0x080025fc   0x080025fc   0x00000002   Code   RO         1294    i.HAL_GPIO_EXTI_Callback  stm32f3xx_hal_gpio.o
    0x080025fe   0x080025fe   0x00000002   PAD
    0x08002600   0x08002600   0x0000001c   Code   RO         1295    i.HAL_GPIO_EXTI_IRQHandler  stm32f3xx_hal_gpio.o
    0x0800261c   0x0800261c   0x000001c8   Code   RO         1296    i.HAL_GPIO_Init     stm32f3xx_hal_gpio.o
    0x080027e4   0x080027e4   0x0000000a   Code   RO         1300    i.HAL_GPIO_WritePin  stm32f3xx_hal_gpio.o
    0x080027ee   0x080027ee   0x00000002   PAD
    0x080027f0   0x080027f0   0x0000000c   Code   RO          983    i.HAL_GetTick       stm32f3xx_hal.o
    0x080027fc   0x080027fc   0x00000018   Code   RO          989    i.HAL_IncTick       stm32f3xx_hal.o
    0x08002814   0x08002814   0x00000028   Code   RO          990    i.HAL_Init          stm32f3xx_hal.o
    0x0800283c   0x0800283c   0x0000004c   Code   RO          991    i.HAL_InitTick      stm32f3xx_hal.o
    0x08002888   0x08002888   0x00000044   Code   RO          534    i.HAL_MspInit       stm32f3xx_hal_msp.o
    0x080028cc   0x080028cc   0x00000020   Code   RO         1464    i.HAL_NVIC_EnableIRQ  stm32f3xx_hal_cortex.o
    0x080028ec   0x080028ec   0x0000007c   Code   RO         1470    i.HAL_NVIC_SetPriority  stm32f3xx_hal_cortex.o
    0x08002968   0x08002968   0x00000028   Code   RO         1471    i.HAL_NVIC_SetPriorityGrouping  stm32f3xx_hal_cortex.o
    0x08002990   0x08002990   0x000002e4   Code   RO         1253    i.HAL_RCCEx_PeriphCLKConfig  stm32f3xx_hal_rcc_ex.o
    0x08002c74   0x08002c74   0x000002ac   Code   RO         1147    i.HAL_RCC_ClockConfig  stm32f3xx_hal_rcc.o
    0x08002f20   0x08002f20   0x0000000c   Code   RO         1152    i.HAL_RCC_GetHCLKFreq  stm32f3xx_hal_rcc.o
    0x08002f2c   0x08002f2c   0x0000002c   Code   RO         1154    i.HAL_RCC_GetPCLK1Freq  stm32f3xx_hal_rcc.o
    0x08002f58   0x08002f58   0x0000002c   Code   RO         1155    i.HAL_RCC_GetPCLK2Freq  stm32f3xx_hal_rcc.o
    0x08002f84   0x08002f84   0x000000a0   Code   RO         1156    i.HAL_RCC_GetSysClockFreq  stm32f3xx_hal_rcc.o
    0x08003024   0x08003024   0x00000a24   Code   RO         1159    i.HAL_RCC_OscConfig  stm32f3xx_hal_rcc.o
    0x08003a48   0x08003a48   0x000000fc   Code   RO         2545    i.HAL_SPI_Init      stm32f3xx_hal_spi.o
    0x08003b44   0x08003b44   0x000000dc   Code   RO          300    i.HAL_SPI_MspInit   spi.o
    0x08003c20   0x08003c20   0x000001a6   Code   RO         2548    i.HAL_SPI_Receive   stm32f3xx_hal_spi.o
    0x08003dc6   0x08003dc6   0x000001ea   Code   RO         2553    i.HAL_SPI_Transmit  stm32f3xx_hal_spi.o
    0x08003fb0   0x08003fb0   0x000002bc   Code   RO         2554    i.HAL_SPI_TransmitReceive  stm32f3xx_hal_spi.o
    0x0800426c   0x0800426c   0x00000034   Code   RO         1475    i.HAL_SYSTICK_Config  stm32f3xx_hal_cortex.o
    0x080042a0   0x080042a0   0x000000b4   Code   RO         3616    i.HAL_TIMEx_ConfigBreakDeadTime  stm32f3xx_hal_tim_ex.o
    0x08004354   0x08004354   0x000000b4   Code   RO         3633    i.HAL_TIMEx_MasterConfigSynchronization  stm32f3xx_hal_tim_ex.o
    0x08004408   0x08004408   0x0000006e   Code   RO         2887    i.HAL_TIM_Base_Init  stm32f3xx_hal_tim.o
    0x08004476   0x08004476   0x00000002   PAD
    0x08004478   0x08004478   0x00000030   Code   RO          348    i.HAL_TIM_Base_MspInit  tim.o
    0x080044a8   0x080044a8   0x0000010c   Code   RO         2896    i.HAL_TIM_ConfigClockSource  stm32f3xx_hal_tim.o
    0x080045b4   0x080045b4   0x0000005c   Code   RO          349    i.HAL_TIM_MspPostInit  tim.o
    0x08004610   0x08004610   0x00000168   Code   RO         2959    i.HAL_TIM_PWM_ConfigChannel  stm32f3xx_hal_tim.o
    0x08004778   0x08004778   0x0000006e   Code   RO         2962    i.HAL_TIM_PWM_Init  stm32f3xx_hal_tim.o
    0x080047e6   0x080047e6   0x00000002   Code   RO         2964    i.HAL_TIM_PWM_MspInit  stm32f3xx_hal_tim.o
    0x080047e8   0x080047e8   0x00000074   Code   RO         3920    i.HAL_UART_Init     stm32f3xx_hal_uart.o
    0x0800485c   0x0800485c   0x00000078   Code   RO          396    i.HAL_UART_MspInit  usart.o
    0x080048d4   0x080048d4   0x000000d2   Code   RO         3929    i.HAL_UART_Transmit  stm32f3xx_hal_uart.o
    0x080049a6   0x080049a6   0x00000004   Code   RO          442    i.HardFault_Handler  stm32f3xx_it.o
    0x080049aa   0x080049aa   0x00000002   PAD
    0x080049ac   0x080049ac   0x00000094   Code   RO          235    i.MX_ADC1_Init      adc.o
    0x08004a40   0x08004a40   0x00000034   Code   RO          275    i.MX_DMA_Init       dma.o
    0x08004a74   0x08004a74   0x000001f4   Code   RO          209    i.MX_GPIO_Init      gpio.o
    0x08004c68   0x08004c68   0x00000054   Code   RO          301    i.MX_SPI1_Init      spi.o
    0x08004cbc   0x08004cbc   0x00000054   Code   RO          302    i.MX_SPI2_Init      spi.o
    0x08004d10   0x08004d10   0x000000ec   Code   RO          350    i.MX_TIM1_Init      tim.o
    0x08004dfc   0x08004dfc   0x00000040   Code   RO          397    i.MX_USART1_UART_Init  usart.o
    0x08004e3c   0x08004e3c   0x00000004   Code   RO          443    i.MemManage_Handler  stm32f3xx_it.o
    0x08004e40   0x08004e40   0x00000004   Code   RO          444    i.NMI_Handler       stm32f3xx_it.o
    0x08004e44   0x08004e44   0x00000002   Code   RO          445    i.PendSV_Handler    stm32f3xx_it.o
    0x08004e46   0x08004e46   0x00000082   Code   RO         2582    i.SPI_EndRxTransaction  stm32f3xx_hal_spi.o
    0x08004ec8   0x08004ec8   0x00000064   Code   RO         2583    i.SPI_EndRxTxTransaction  stm32f3xx_hal_spi.o
    0x08004f2c   0x08004f2c   0x000000e4   Code   RO         2588    i.SPI_WaitFifoStateUntilTimeout  stm32f3xx_hal_spi.o
    0x08005010   0x08005010   0x000000d8   Code   RO         2589    i.SPI_WaitFlagStateUntilTimeout  stm32f3xx_hal_spi.o
    0x080050e8   0x080050e8   0x00000002   Code   RO          446    i.SVC_Handler       stm32f3xx_it.o
    0x080050ea   0x080050ea   0x00000008   Code   RO          447    i.SysTick_Handler   stm32f3xx_it.o
    0x080050f2   0x080050f2   0x00000090   Code   RO           14    i.SystemClock_Config  main.o
    0x08005182   0x08005182   0x00000002   PAD
    0x08005184   0x08005184   0x00000014   Code   RO         4366    i.SystemInit        system_stm32f3xx.o
    0x08005198   0x08005198   0x000000bc   Code   RO         2980    i.TIM_Base_SetConfig  stm32f3xx_hal_tim.o
    0x08005254   0x08005254   0x00000016   Code   RO         2991    i.TIM_ETR_SetConfig  stm32f3xx_hal_tim.o
    0x0800526a   0x0800526a   0x00000012   Code   RO         2992    i.TIM_ITRx_SetConfig  stm32f3xx_hal_tim.o
    0x0800527c   0x0800527c   0x000000ac   Code   RO         2993    i.TIM_OC1_SetConfig  stm32f3xx_hal_tim.o
    0x08005328   0x08005328   0x000000b4   Code   RO         2994    i.TIM_OC2_SetConfig  stm32f3xx_hal_tim.o
    0x080053dc   0x080053dc   0x000000b4   Code   RO         2995    i.TIM_OC3_SetConfig  stm32f3xx_hal_tim.o
    0x08005490   0x08005490   0x00000074   Code   RO         2996    i.TIM_OC4_SetConfig  stm32f3xx_hal_tim.o
    0x08005504   0x08005504   0x00000070   Code   RO         2997    i.TIM_OC5_SetConfig  stm32f3xx_hal_tim.o
    0x08005574   0x08005574   0x00000070   Code   RO         2998    i.TIM_OC6_SetConfig  stm32f3xx_hal_tim.o
    0x080055e4   0x080055e4   0x00000026   Code   RO         3000    i.TIM_TI1_ConfigInputStage  stm32f3xx_hal_tim.o
    0x0800560a   0x0800560a   0x00000028   Code   RO         3002    i.TIM_TI2_ConfigInputStage  stm32f3xx_hal_tim.o
    0x08005632   0x08005632   0x000000f8   Code   RO         3934    i.UART_AdvFeatureConfig  stm32f3xx_hal_uart.o
    0x0800572a   0x0800572a   0x00000072   Code   RO         3935    i.UART_CheckIdleState  stm32f3xx_hal_uart.o
    0x0800579c   0x0800579c   0x0000028c   Code   RO         3951    i.UART_SetConfig    stm32f3xx_hal_uart.o
    0x08005a28   0x08005a28   0x000000b6   Code   RO         3956    i.UART_WaitOnFlagUntilTimeout  stm32f3xx_hal_uart.o
    0x08005ade   0x08005ade   0x00000004   Code   RO          448    i.UsageFault_Handler  stm32f3xx_it.o
    0x08005ae2   0x08005ae2   0x00000030   Code   RO         4535    i.__ARM_fpclassify  m_wm.l(fpclassify.o)
    0x08005b12   0x08005b12   0x00000002   PAD
    0x08005b14   0x08005b14   0x00000010   Code   RO         1477    i.__NVIC_GetPriorityGrouping  stm32f3xx_hal_cortex.o
    0x08005b24   0x08005b24   0x00000028   Code   RO         1478    i.__NVIC_SetPriority  stm32f3xx_hal_cortex.o
    0x08005b4c   0x08005b4c   0x00000070   Code   RO           15    i.gyro_init         main.o
    0x08005bbc   0x08005bbc   0x000001e8   Code   RO           16    i.main              main.o
    0x08005da4   0x08005da4   0x00000054   Code   RO           17    i.personal          main.o
    0x08005df8   0x08005df8   0x0000002c   Code   RO         4531    locale$$code        c_w.l(lc_numeric_c.o)
    0x08005e24   0x08005e24   0x00000062   Code   RO         4446    x$fpl$d2f           fz_wm.l(d2f.o)
    0x08005e86   0x08005e86   0x00000002   PAD
    0x08005e88   0x08005e88   0x00000154   Code   RO         4448    x$fpl$dmul          fz_wm.l(dmul.o)
    0x08005fdc   0x08005fdc   0x0000009c   Code   RO         4468    x$fpl$dnaninf       fz_wm.l(dnaninf.o)
    0x08006078   0x08006078   0x0000000c   Code   RO         4470    x$fpl$dretinf       fz_wm.l(dretinf.o)
    0x08006084   0x08006084   0x00000056   Code   RO         4450    x$fpl$f2d           fz_wm.l(f2d.o)
    0x080060da   0x080060da   0x0000008c   Code   RO         4472    x$fpl$fnaninf       fz_wm.l(fnaninf.o)
    0x08006166   0x08006166   0x0000000a   Code   RO         4611    x$fpl$fpinit        fz_wm.l(fpinit.o)
    0x08006170   0x08006170   0x0000000a   Code   RO         4474    x$fpl$fretinf       fz_wm.l(fretinf.o)
    0x0800617a   0x0800617a   0x00000004   Code   RO         4452    x$fpl$printf1       fz_wm.l(printf1.o)
    0x0800617e   0x0800617e   0x00000000   Code   RO         4476    x$fpl$usenofp       fz_wm.l(usenofp.o)
    0x0800617e   0x0800617e   0x00000020   Data   RO         1160    .constdata          stm32f3xx_hal_rcc.o
    0x0800619e   0x0800619e   0x00000018   Data   RO         4367    .constdata          system_stm32f3xx.o
    0x080061b6   0x080061b6   0x00000002   PAD
    0x080061b8   0x080061b8   0x00000094   Data   RO         4506    .constdata          c_w.l(bigflt0.o)
    0x0800624c   0x0800624c   0x00000020   Data   RO         4682    Region$$Table       anon$$obj.o
    0x0800626c   0x0800626c   0x0000001c   Data   RO         4530    locale$$data        c_w.l(lc_numeric_c.o)


    Execution Region RW_IRAM2 (Exec base: 0x10000000, Load base: 0x080062a4, Size: 0x00000000, Max: 0x00002000, ABSOLUTE)

    **** No section assigned to this execution region ****


    Execution Region RW_IRAM1 (Exec base: 0x20000000, Load base: 0x08006288, Size: 0x00000958, Max: 0x0000a000, ABSOLUTE)

    Exec Addr    Load Addr    Size         Type   Attr      Idx    E Section Name        Object

    0x20000000   0x08006288   0x00000004   Data   RW           19    .data               main.o
    0x20000004   0x0800628c   0x00000008   Data   RW          450    .data               stm32f3xx_it.o
    0x2000000c   0x08006294   0x00000009   Data   RW          997    .data               stm32f3xx_hal.o
    0x20000015   0x0800629d   0x00000003   PAD
    0x20000018   0x080062a0   0x00000004   Data   RW         4368    .data               system_stm32f3xx.o
    0x2000001c        -       0x000000a2   Zero   RW           18    .bss                main.o
    0x200000be   0x080062a4   0x00000002   PAD
    0x200000c0        -       0x00000094   Zero   RW          236    .bss                adc.o
    0x20000154        -       0x000000c8   Zero   RW          303    .bss                spi.o
    0x2000021c        -       0x0000004c   Zero   RW          351    .bss                tim.o
    0x20000268        -       0x00000084   Zero   RW          398    .bss                usart.o
    0x200002ec        -       0x0000000a   Zero   RW          449    .bss                stm32f3xx_it.o
    0x200002f6   0x080062a4   0x00000002   PAD
    0x200002f8        -       0x00000060   Zero   RW         4538    .bss                c_w.l(libspace.o)
    0x20000358        -       0x00000200   Zero   RW            2    HEAP                startup_stm32f303xc.o
    0x20000558        -       0x00000400   Zero   RW            1    STACK               startup_stm32f303xc.o


==============================================================================

Image component sizes


      Code (inc. data)   RO Data    RW Data    ZI Data      Debug   Object Name

       336         20          0          0        148       1963   adc.o
        52          4          0          0          0        802   dma.o
       500         30          0          0          0       1255   gpio.o
       834         96          0          4        162     632734   main.o
       388         36          0          0        200       2446   spi.o
        64         26        392          0       1536        864   startup_stm32f303xc.o
       192         36          0          9          0      13581   stm32f3xx_hal.o
         6          0          0          0          0       2198   stm32f3xx_hal_adc.o
      3648        106          0          0          0      10177   stm32f3xx_hal_adc_ex.o
       304         22          0          0          0      34595   stm32f3xx_hal_cortex.o
       380          8          0          0          0       2552   stm32f3xx_hal_dma.o
       496         32          0          0          0       3564   stm32f3xx_hal_gpio.o
        68          4          0          0          0        894   stm32f3xx_hal_msp.o
      3540         96         32          0          0       6588   stm32f3xx_hal_rcc.o
       740         14          0          0          0       1632   stm32f3xx_hal_rcc_ex.o
      2538         12          0          0          0       9350   stm32f3xx_hal_spi.o
      2028        184          0          0          0      12694   stm32f3xx_hal_tim.o
       360         30          0          0          0       2268   stm32f3xx_hal_tim_ex.o
      1522         48          0          0          0       6097   stm32f3xx_hal_uart.o
       204         50          0          8         10       6803   stm32f3xx_it.o
        20          6         24          4          0       1187   system_stm32f3xx.o
       376         30          0          0         76       2568   tim.o
       184         16          0          0        132       1778   usart.o

    ----------------------------------------------------------------------
     18794        906        482         28       2268     758590   Object Totals
         0          0         32          0          0          0   (incl. Generated)
        14          0          2          3          4          0   (incl. Padding)

    ----------------------------------------------------------------------

      Code (inc. data)   RO Data    RW Data    ZI Data      Debug   Library Member Name

         8          0          0          0          0         68   __main.o
       104          0          0          0          0         84   __printf.o
         0          0          0          0          0          0   __rtentry.o
        12          0          0          0          0          0   __rtentry2.o
         6          0          0          0          0          0   __rtentry4.o
        52          8          0          0          0          0   __scatter.o
        26          0          0          0          0          0   __scatter_copy.o
        28          0          0          0          0          0   __scatter_zi.o
        48          6          0          0          0         96   _printf_char_common.o
         6          0          0          0          0          0   _printf_d.o
       120         16          0          0          0         92   _printf_dec.o
         6          0          0          0          0          0   _printf_f.o
      1054          0          0          0          0        216   _printf_fp_dec.o
       128         16          0          0          0         84   _printf_fp_infnan.o
       178          0          0          0          0         88   _printf_intcommon.o
         0          0          0          0          0          0   _printf_percent.o
         4          0          0          0          0          0   _printf_percent_end.o
        10          0          0          0          0         68   _sputc.o
       228          4        148          0          0         96   bigflt0.o
      1936        128          0          0          0        672   btod.o
        18          0          0          0          0         80   exit.o
         6          0          0          0          0        152   heapauxi.o
         0          0          0          0          0          0   indicate_semi.o
        44         10         28          0          0         76   lc_numeric_c.o
         2          0          0          0          0          0   libinit.o
        22          0          0          0          0          0   libinit2.o
         2          0          0          0          0          0   libshutdown.o
         2          0          0          0          0          0   libshutdown2.o
         8          4          0          0         96         68   libspace.o
       138          0          0          0          0         80   lludiv10.o
       238          0          0          0          0        100   lludivv7m.o
        40          6          0          0          0         84   noretval__2sprintf.o
         8          4          0          0          0         68   rt_locale_intlibspace.o
        78          0          0          0          0         80   rt_memclr_w.o
         2          0          0          0          0          0   rtexit.o
        10          0          0          0          0          0   rtexit2.o
       128          0          0          0          0         68   strcmpv7m.o
        62          0          0          0          0         76   strlen.o
        12          4          0          0          0         68   sys_exit.o
        74          0          0          0          0         80   sys_stackheap_outer.o
         2          0          0          0          0         68   use_no_semi.o
        98          4          0          0          0        140   d2f.o
       340         12          0          0          0        152   dmul.o
       156          4          0          0          0        140   dnaninf.o
        12          0          0          0          0        116   dretinf.o
        86          4          0          0          0        132   f2d.o
       140          4          0          0          0        132   fnaninf.o
        10          0          0          0          0        116   fpinit.o
        10          0          0          0          0        116   fretinf.o
         4          0          0          0          0        116   printf1.o
         0          0          0          0          0          0   usenofp.o
        48          0          0          0          0        124   fpclassify.o

    ----------------------------------------------------------------------
      5772        234        176          0         96       3996   Library Totals
        18          0          0          0          0          0   (incl. Padding)

    ----------------------------------------------------------------------

      Code (inc. data)   RO Data    RW Data    ZI Data      Debug   Library Name

      4850        206        176          0         96       2712   c_w.l
       856         28          0          0          0       1160   fz_wm.l
        48          0          0          0          0        124   m_wm.l

    ----------------------------------------------------------------------
      5772        234        176          0         96       3996   Library Totals

    ----------------------------------------------------------------------

==============================================================================


      Code (inc. data)   RO Data    RW Data    ZI Data      Debug   

     24566       1140        658         28       2364     750730   Grand Totals
     24566       1140        658         28       2364     750730   ELF Image Totals
     24566       1140        658         28          0          0   ROM Totals

==============================================================================

    Total RO  Size (Code + RO Data)                25224 (  24.63kB)
    Total RW  Size (RW Data + ZI Data)              2392 (   2.34kB)
    Total ROM Size (Code + RO Data + RW Data)      25252 (  24.66kB)

==============================================================================

