<html>
<body>
<pre>
<h1>µVision Build Log</h1>
<h2>Tool Versions:</h2>
IDE-Version: µVision V5.35.0.0
Copyright (C) 2021 ARM Ltd and ARM Germany GmbH. All rights reserved.
License Information: Adil Masood, Personal, LIC=----
 
Tool Versions:
Toolchain:       MDK-Lite  Version: 5.35.0.2
Toolchain Path:  C:\Keil_v5\ARM\ARMCC\Bin
C Compiler:      Armcc.exe V5.06 update 7 (build 960)
Assembler:       Armasm.exe V5.06 update 7 (build 960)
Linker/Locator:  ArmLink.exe V5.06 update 7 (build 960)
Library Manager: ArmAr.exe V5.06 update 7 (build 960)
Hex Converter:   FromElf.exe V5.06 update 7 (build 960)
CPU DLL:         SARMCM3.DLL V5.35.0.2
Dialog DLL:      DCM.DLL V1.17.3.0
Target DLL:      STLink\ST-LINKIII-KEIL_SWO.dll V3.0.9.0
Dialog DLL:      TCM.DLL V1.53.0.0
 
<h2>Project:</h2>
E:\Adil\STM32_work\stm32f3_discovery\MDK-ARM\stm32f3_discovery.uvprojx
Project File Date:  07/31/2021

<h2>Output:</h2>
*** Using Compiler 'V5.06 update 7 (build 960)', folder: 'C:\Keil_v5\ARM\ARMCC\Bin'
Build target 'stm32f3_discovery'
compiling main.c...
../Core/Src/main.c(56): warning:  #1295-D: Deprecated declaration gyro_init - give arg types
  void gyro_init();
../Core/Src/main.c(100): warning:  #177-D: variable "tempval8"  was declared but never referenced
  	uint8_t tempval8[2];
../Core/Src/main.c(101): warning:  #177-D: variable "tempval"  was declared but never referenced
  	static uint16_t tempval;
../Core/Src/main.c(111): warning:  #550-D: variable "avg_gyrox"  was set but never used
  	int avg_gyrox=0;
../Core/Src/main.c(112): warning:  #550-D: variable "avg_gyroy"  was set but never used
  	int avg_gyroy=0;
../Core/Src/main.c(113): warning:  #550-D: variable "avg_gyroz"  was set but never used
  	int avg_gyroz=0;
../Core/Src/main.c(115): warning:  #177-D: variable "gyroxstr"  was declared but never referenced
  	char gyroxstr[6];
../Core/Src/main.c(116): warning:  #177-D: variable "gyroystr"  was declared but never referenced
  	char gyroystr[6];
../Core/Src/main.c(117): warning:  #177-D: variable "gyrozstr"  was declared but never referenced
  	char gyrozstr[6];
../Core/Src/main.c(118): warning:  #177-D: variable "avgx_str"  was declared but never referenced
  	char avgx_str[20];
../Core/Src/main.c(119): warning:  #177-D: variable "avgy_str"  was declared but never referenced
  	char avgy_str[20];
../Core/Src/main.c(120): warning:  #177-D: variable "avgz_str"  was declared but never referenced
  	char avgz_str[20];
../Core/Src/main.c: 12 warnings, 0 errors
linking...
Program Size: Code=11406 RO-data=482 RW-data=16 ZI-data=1920  
FromELF: creating hex file...
"stm32f3_discovery\stm32f3_discovery.axf" - 0 Error(s), 12 Warning(s).

<h2>Software Packages used:</h2>

Package Vendor: ARM
                http://www.keil.com/pack/ARM.CMSIS.5.8.0.pack
                ARM.CMSIS.5.8.0
                CMSIS (Common Microcontroller Software Interface Standard)
   * Component: CORE Version: 5.5.0

Package Vendor: Keil
                http://www.keil.com/pack/Keil.STM32F3xx_DFP.2.1.0.pack
                Keil.STM32F3xx_DFP.2.1.0
                STMicroelectronics STM32F3 Series Device Support and Examples

<h2>Collection of Component include folders:</h2>
  .\RTE\_stm32f3_discovery
  C:\Users\KHALID\AppData\Local\Arm\Packs\ARM\CMSIS\5.8.0\CMSIS\Core\Include
  C:\Users\KHALID\AppData\Local\Arm\Packs\Keil\STM32F3xx_DFP\2.1.0\Drivers\CMSIS\Device\ST\STM32F3xx\Include

<h2>Collection of Component Files used:</h2>

   * Component: ARM::CMSIS:CORE:5.5.0
      Include file:  CMSIS\Core\Include\tz_context.h
Build Time Elapsed:  00:00:03
</pre>
</body>
</html>
