Component: ARM Compiler 5.06 update 7 (build 960) Tool: armlink [4d3601]

==============================================================================

Section Cross References

    startup_stm32f303xc.o(STACK) refers (Special) to heapauxi.o(.text) for __use_two_region_memory
    startup_stm32f303xc.o(HEAP) refers (Special) to heapauxi.o(.text) for __use_two_region_memory
    startup_stm32f303xc.o(RESET) refers (Special) to heapauxi.o(.text) for __use_two_region_memory
    startup_stm32f303xc.o(RESET) refers to startup_stm32f303xc.o(STACK) for __initial_sp
    startup_stm32f303xc.o(RESET) refers to startup_stm32f303xc.o(.text) for Reset_Handler
    startup_stm32f303xc.o(RESET) refers to stm32f3xx_it.o(i.NMI_Handler) for NMI_Handler
    startup_stm32f303xc.o(RESET) refers to stm32f3xx_it.o(i.HardFault_Handler) for HardFault_Handler
    startup_stm32f303xc.o(RESET) refers to stm32f3xx_it.o(i.MemManage_Handler) for MemManage_Handler
    startup_stm32f303xc.o(RESET) refers to stm32f3xx_it.o(i.BusFault_Handler) for BusFault_Handler
    startup_stm32f303xc.o(RESET) refers to stm32f3xx_it.o(i.UsageFault_Handler) for UsageFault_Handler
    startup_stm32f303xc.o(RESET) refers to stm32f3xx_it.o(i.SVC_Handler) for SVC_Handler
    startup_stm32f303xc.o(RESET) refers to stm32f3xx_it.o(i.DebugMon_Handler) for DebugMon_Handler
    startup_stm32f303xc.o(RESET) refers to stm32f3xx_it.o(i.PendSV_Handler) for PendSV_Handler
    startup_stm32f303xc.o(RESET) refers to stm32f3xx_it.o(i.SysTick_Handler) for SysTick_Handler
    startup_stm32f303xc.o(RESET) refers to stm32f3xx_it.o(i.EXTI9_5_IRQHandler) for EXTI9_5_IRQHandler
    startup_stm32f303xc.o(RESET) refers to stm32f3xx_it.o(i.I2C1_EV_IRQHandler) for I2C1_EV_IRQHandler
    startup_stm32f303xc.o(.text) refers (Special) to heapauxi.o(.text) for __use_two_region_memory
    startup_stm32f303xc.o(.text) refers to system_stm32f3xx.o(i.SystemInit) for SystemInit
    startup_stm32f303xc.o(.text) refers to __main.o(!!!main) for __main
    startup_stm32f303xc.o(.text) refers to startup_stm32f303xc.o(HEAP) for Heap_Mem
    startup_stm32f303xc.o(.text) refers to startup_stm32f303xc.o(STACK) for Stack_Mem
    main.o(i.SystemClock_Config) refers to rt_memclr_w.o(.text) for __aeabi_memclr4
    main.o(i.SystemClock_Config) refers to stm32f3xx_hal_rcc.o(i.HAL_RCC_OscConfig) for HAL_RCC_OscConfig
    main.o(i.SystemClock_Config) refers to stm32f3xx_hal_rcc.o(i.HAL_RCC_ClockConfig) for HAL_RCC_ClockConfig
    main.o(i.SystemClock_Config) refers to stm32f3xx_hal_rcc_ex.o(i.HAL_RCCEx_PeriphCLKConfig) for HAL_RCCEx_PeriphCLKConfig
    main.o(i.gyro_init) refers to stm32f3xx_hal_i2c.o(i.HAL_I2C_Master_Transmit) for HAL_I2C_Master_Transmit
    main.o(i.gyro_init) refers to stm32f3xx_hal_uart.o(i.HAL_UART_Transmit) for HAL_UART_Transmit
    main.o(i.gyro_init) refers to i2c.o(.bss) for hi2c1
    main.o(i.gyro_init) refers to usart.o(.bss) for huart1
    main.o(i.main) refers to stm32f3xx_hal.o(i.HAL_Init) for HAL_Init
    main.o(i.main) refers to main.o(i.SystemClock_Config) for SystemClock_Config
    main.o(i.main) refers to gpio.o(i.MX_GPIO_Init) for MX_GPIO_Init
    main.o(i.main) refers to tim.o(i.MX_TIM1_Init) for MX_TIM1_Init
    main.o(i.main) refers to i2c.o(i.MX_I2C1_Init) for MX_I2C1_Init
    main.o(i.main) refers to usart.o(i.MX_USART1_UART_Init) for MX_USART1_UART_Init
    main.o(i.main) refers to main.o(i.gyro_init) for gyro_init
    main.o(i.main) refers to stm32f3xx_hal.o(i.HAL_Delay) for HAL_Delay
    gpio.o(i.MX_GPIO_Init) refers to rt_memclr_w.o(.text) for __aeabi_memclr4
    gpio.o(i.MX_GPIO_Init) refers to stm32f3xx_hal_gpio.o(i.HAL_GPIO_WritePin) for HAL_GPIO_WritePin
    gpio.o(i.MX_GPIO_Init) refers to stm32f3xx_hal_gpio.o(i.HAL_GPIO_Init) for HAL_GPIO_Init
    gpio.o(i.MX_GPIO_Init) refers to stm32f3xx_hal_cortex.o(i.HAL_NVIC_SetPriority) for HAL_NVIC_SetPriority
    gpio.o(i.MX_GPIO_Init) refers to stm32f3xx_hal_cortex.o(i.HAL_NVIC_EnableIRQ) for HAL_NVIC_EnableIRQ
    i2c.o(i.HAL_I2C_MspDeInit) refers to stm32f3xx_hal_gpio.o(i.HAL_GPIO_DeInit) for HAL_GPIO_DeInit
    i2c.o(i.HAL_I2C_MspDeInit) refers to stm32f3xx_hal_cortex.o(i.HAL_NVIC_DisableIRQ) for HAL_NVIC_DisableIRQ
    i2c.o(i.HAL_I2C_MspInit) refers to rt_memclr_w.o(.text) for __aeabi_memclr4
    i2c.o(i.HAL_I2C_MspInit) refers to stm32f3xx_hal_gpio.o(i.HAL_GPIO_Init) for HAL_GPIO_Init
    i2c.o(i.HAL_I2C_MspInit) refers to stm32f3xx_hal_cortex.o(i.HAL_NVIC_SetPriority) for HAL_NVIC_SetPriority
    i2c.o(i.HAL_I2C_MspInit) refers to stm32f3xx_hal_cortex.o(i.HAL_NVIC_EnableIRQ) for HAL_NVIC_EnableIRQ
    i2c.o(i.MX_I2C1_Init) refers to stm32f3xx_hal_i2c.o(i.HAL_I2C_Init) for HAL_I2C_Init
    i2c.o(i.MX_I2C1_Init) refers to main.o(i.Error_Handler) for Error_Handler
    i2c.o(i.MX_I2C1_Init) refers to stm32f3xx_hal_i2c_ex.o(i.HAL_I2CEx_ConfigAnalogFilter) for HAL_I2CEx_ConfigAnalogFilter
    i2c.o(i.MX_I2C1_Init) refers to stm32f3xx_hal_i2c_ex.o(i.HAL_I2CEx_ConfigDigitalFilter) for HAL_I2CEx_ConfigDigitalFilter
[...]
    ../clib/printf.c                         0x00000000   Number         0  __printf_wp.o ABSOLUTE
    ../clib/printf.c                         0x00000000   Number         0  __printf_flags_ss.o ABSOLUTE
    ../clib/printf_percent.s                 0x00000000   Number         0  _printf_percent.o ABSOLUTE
    ../clib/printf_percent.s                 0x00000000   Number         0  _printf_percent_end.o ABSOLUTE
    ../clib/printf_percent.s                 0x00000000   Number         0  _printf_f.o ABSOLUTE
    ../clib/signal.c                         0x00000000   Number         0  defsig_rtred_inner.o ABSOLUTE
    ../clib/signal.c                         0x00000000   Number         0  defsig_abrt_inner.o ABSOLUTE
    ../clib/signal.c                         0x00000000   Number         0  defsig_rtmem_formal.o ABSOLUTE
    ../clib/signal.c                         0x00000000   Number         0  defsig_rtmem_outer.o ABSOLUTE
    ../clib/signal.c                         0x00000000   Number         0  defsig_stak_inner.o ABSOLUTE
    ../clib/signal.c                         0x00000000   Number         0  defsig_fpe_formal.o ABSOLUTE
    ../clib/signal.c                         0x00000000   Number         0  defsig_fpe_inner.o ABSOLUTE
    ../clib/signal.c                         0x00000000   Number         0  defsig_exit.o ABSOLUTE
    ../clib/signal.c                         0x00000000   Number         0  defsig_fpe_outer.o ABSOLUTE
    ../clib/signal.c                         0x00000000   Number         0  defsig_rtmem_inner.o ABSOLUTE
    ../clib/signal.c                         0x00000000   Number         0  defsig_pvfn_inner.o ABSOLUTE
    ../clib/signal.c                         0x00000000   Number         0  defsig_cppl_inner.o ABSOLUTE
    ../clib/signal.c                         0x00000000   Number         0  defsig_segv_inner.o ABSOLUTE
    ../clib/signal.c                         0x00000000   Number         0  defsig_other.o ABSOLUTE
    ../clib/signal.c                         0x00000000   Number         0  defsig_general.o ABSOLUTE
    ../clib/signal.c                         0x00000000   Number         0  __raise.o ABSOLUTE
    ../clib/signal.s                         0x00000000   Number         0  defsig.o ABSOLUTE
    ../clib/stdlib.c                         0x00000000   Number         0  exit.o ABSOLUTE
    ../clib/string.c                         0x00000000   Number         0  strlen.o ABSOLUTE
    ../fplib/d2f.s                           0x00000000   Number         0  d2f.o ABSOLUTE
    ../fplib/dmul.s                          0x00000000   Number         0  dmul.o ABSOLUTE
    ../fplib/dnaninf.s                       0x00000000   Number         0  dnaninf.o ABSOLUTE
    ../fplib/dretinf.s                       0x00000000   Number         0  dretinf.o ABSOLUTE
    ../fplib/f2d.s                           0x00000000   Number         0  f2d.o ABSOLUTE
    ../fplib/fnaninf.s                       0x00000000   Number         0  fnaninf.o ABSOLUTE
    ../fplib/fpinit.s                        0x00000000   Number         0  fpinit.o ABSOLUTE
    ../fplib/fretinf.s                       0x00000000   Number         0  fretinf.o ABSOLUTE
    ../fplib/istatus.s                       0x00000000   Number         0  istatus.o ABSOLUTE
    ../fplib/printf1.s                       0x00000000   Number         0  printf1.o ABSOLUTE
    ../fplib/usenofp.s                       0x00000000   Number         0  usenofp.o ABSOLUTE
    ../mathlib/fpclassify.c                  0x00000000   Number         0  fpclassify.o ABSOLUTE
    ..\Core\Src\gpio.c                       0x00000000   Number         0  gpio.o ABSOLUTE
    ..\Core\Src\i2c.c                        0x00000000   Number         0  i2c.o ABSOLUTE
    ..\Core\Src\main.c                       0x00000000   Number         0  main.o ABSOLUTE
    ..\Core\Src\stm32f3xx_hal_msp.c          0x00000000   Number         0  stm32f3xx_hal_msp.o ABSOLUTE
    ..\Core\Src\stm32f3xx_it.c               0x00000000   Number         0  stm32f3xx_it.o ABSOLUTE
    ..\Core\Src\system_stm32f3xx.c           0x00000000   Number         0  system_stm32f3xx.o ABSOLUTE
    ..\Core\Src\tim.c                        0x00000000   Number         0  tim.o ABSOLUTE
    ..\Core\Src\usart.c                      0x00000000   Number         0  usart.o ABSOLUTE
    ..\Drivers\STM32F3xx_HAL_Driver\Src\stm32f3xx_hal.c 0x00000000   Number         0  stm32f3xx_hal.o ABSOLUTE
    ..\Drivers\STM32F3xx_HAL_Driver\Src\stm32f3xx_hal_cortex.c 0x00000000   Number         0  stm32f3xx_hal_cortex.o ABSOLUTE
    ..\Drivers\STM32F3xx_HAL_Driver\Src\stm32f3xx_hal_dma.c 0x00000000   Number         0  stm32f3xx_hal_dma.o ABSOLUTE
    ..\Drivers\STM32F3xx_HAL_Driver\Src\stm32f3xx_hal_exti.c 0x00000000   Number         0  stm32f3xx_hal_exti.o ABSOLUTE
    ..\Drivers\STM32F3xx_HAL_Driver\Src\stm32f3xx_hal_flash.c 0x00000000   Number         0  stm32f3xx_hal_flash.o ABSOLUTE
    ..\Drivers\STM32F3xx_HAL_Driver\Src\stm32f3xx_hal_flash_ex.c 0x00000000   Number         0  stm32f3xx_hal_flash_ex.o ABSOLUTE
    ..\Drivers\STM32F3xx_HAL_Driver\Src\stm32f3xx_hal_gpio.c 0x00000000   Number         0  stm32f3xx_hal_gpio.o ABSOLUTE
    ..\Drivers\STM32F3xx_HAL_Driver\Src\stm32f3xx_hal_i2c.c 0x00000000   Number         0  stm32f3xx_hal_i2c.o ABSOLUTE
    ..\Drivers\STM32F3xx_HAL_Driver\Src\stm32f3xx_hal_i2c_ex.c 0x00000000   Number         0  stm32f3xx_hal_i2c_ex.o ABSOLUTE
    ..\Drivers\STM32F3xx_HAL_Driver\Src\stm32f3xx_hal_pwr.c 0x00000000   Number         0  stm32f3xx_hal_pwr.o ABSOLUTE
    ..\Drivers\STM32F3xx_HAL_Driver\Src\stm32f3xx_hal_pwr_ex.c 0x00000000   Number         0  stm32f3xx_hal_pwr_ex.o ABSOLUTE
    ..\Drivers\STM32F3xx_HAL_Driver\Src\stm32f3xx_hal_rcc.c 0x00000000   Number         0  stm32f3xx_hal_rcc.o ABSOLUTE
    ..\Drivers\STM32F3xx_HAL_Driver\Src\stm32f3xx_hal_rcc_ex.c 0x00000000   Number         0  stm32f3xx_hal_rcc_ex.o ABSOLUTE
    ..\Drivers\STM32F3xx_HAL_Driver\Src\stm32f3xx_hal_tim.c 0x00000000   Number         0  stm32f3xx_hal_tim.o ABSOLUTE
    ..\Drivers\STM32F3xx_HAL_Driver\Src\stm32f3xx_hal_tim_ex.c 0x00000000   Number         0  stm32f3xx_hal_tim_ex.o ABSOLUTE
    ..\Drivers\STM32F3xx_HAL_Driver\Src\stm32f3xx_hal_uart.c 0x00000000   Number         0  stm32f3xx_hal_uart.o ABSOLUTE
    ..\Drivers\STM32F3xx_HAL_Driver\Src\stm32f3xx_hal_uart_ex.c 0x00000000   Number         0  stm32f3xx_hal_uart_ex.o ABSOLUTE
    dc.s                                     0x00000000   Number         0  dc.o ABSOLUTE
    startup_stm32f303xc.s                    0x00000000   Number         0  startup_stm32f303xc.o ABSOLUTE
    RESET                                    0x08000000   Section      392  startup_stm32f303xc.o(RESET)
    !!!main                                  0x08000188   Section        8  __main.o(!!!main)
    !!!scatter                               0x08000190   Section       52  __scatter.o(!!!scatter)
    !!handler_copy                           0x080001c4   Section       26  __scatter_copy.o(!!handler_copy)
    !!handler_zi                             0x080001e0   Section       28  __scatter_zi.o(!!handler_zi)
    .ARM.Collect$$_printf_percent$$00000000  0x080001fc   Section        0  _printf_percent.o(.ARM.Collect$$_printf_percent$$00000000)
    .ARM.Collect$$_printf_percent$$00000003  0x080001fc   Section        6  _printf_f.o(.ARM.Collect$$_printf_percent$$00000003)
    .ARM.Collect$$_printf_percent$$00000017  0x08000202   Section        4  _printf_percent_end.o(.ARM.Collect$$_printf_percent$$00000017)
    .ARM.Collect$$libinit$$00000000          0x08000206   Section        2  libinit.o(.ARM.Collect$$libinit$$00000000)
    .ARM.Collect$$libinit$$00000001          0x08000208   Section        4  libinit2.o(.ARM.Collect$$libinit$$00000001)
    .ARM.Collect$$libinit$$00000004          0x0800020c   Section        0  libinit2.o(.ARM.Collect$$libinit$$00000004)
    .ARM.Collect$$libinit$$0000000A          0x0800020c   Section        0  libinit2.o(.ARM.Collect$$libinit$$0000000A)
    .ARM.Collect$$libinit$$0000000C          0x0800020c   Section        0  libinit2.o(.ARM.Collect$$libinit$$0000000C)
    .ARM.Collect$$libinit$$0000000E          0x0800020c   Section        0  libinit2.o(.ARM.Collect$$libinit$$0000000E)
    .ARM.Collect$$libinit$$0000000F          0x0800020c   Section        6  libinit2.o(.ARM.Collect$$libinit$$0000000F)
    .ARM.Collect$$libinit$$00000011          0x08000212   Section        0  libinit2.o(.ARM.Collect$$libinit$$00000011)
    .ARM.Collect$$libinit$$00000013          0x08000212   Section        0  libinit2.o(.ARM.Collect$$libinit$$00000013)
    .ARM.Collect$$libinit$$00000015          0x08000212   Section        0  libinit2.o(.ARM.Collect$$libinit$$00000015)
    .ARM.Collect$$libinit$$00000016          0x08000212   Section       10  libinit2.o(.ARM.Collect$$libinit$$00000016)
    .ARM.Collect$$libinit$$00000017          0x0800021c   Section        0  libinit2.o(.ARM.Collect$$libinit$$00000017)
    .ARM.Collect$$libinit$$00000019          0x0800021c   Section        0  libinit2.o(.ARM.Collect$$libinit$$00000019)
    .ARM.Collect$$libinit$$0000001B          0x0800021c   Section        0  libinit2.o(.ARM.Collect$$libinit$$0000001B)
    .ARM.Collect$$libinit$$0000001D          0x0800021c   Section        0  libinit2.o(.ARM.Collect$$libinit$$0000001D)
    .ARM.Collect$$libinit$$0000001F          0x0800021c   Section        0  libinit2.o(.ARM.Collect$$libinit$$0000001F)
    .ARM.Collect$$libinit$$00000021          0x0800021c   Section        0  libinit2.o(.ARM.Collect$$libinit$$00000021)
    .ARM.Collect$$libinit$$00000023          0x0800021c   Section        0  libinit2.o(.ARM.Collect$$libinit$$00000023)
    .ARM.Collect$$libinit$$00000025          0x0800021c   Section        0  libinit2.o(.ARM.Collect$$libinit$$00000025)
    .ARM.Collect$$libinit$$0000002C          0x0800021c   Section        0  libinit2.o(.ARM.Collect$$libinit$$0000002C)
    .ARM.Collect$$libinit$$0000002E          0x0800021c   Section        0  libinit2.o(.ARM.Collect$$libinit$$0000002E)
    .ARM.Collect$$libinit$$00000030          0x0800021c   Section        0  libinit2.o(.ARM.Collect$$libinit$$00000030)
    .ARM.Collect$$libinit$$00000032          0x0800021c   Section        0  libinit2.o(.ARM.Collect$$libinit$$00000032)
    .ARM.Collect$$libinit$$00000033          0x0800021c   Section        2  libinit2.o(.ARM.Collect$$libinit$$00000033)
    .ARM.Collect$$libshutdown$$00000000      0x0800021e   Section        2  libshutdown.o(.ARM.Collect$$libshutdown$$00000000)
    .ARM.Collect$$libshutdown$$00000002      0x08000220   Section        0  libshutdown2.o(.ARM.Collect$$libshutdown$$00000002)
    .ARM.Collect$$libshutdown$$00000004      0x08000220   Section        0  libshutdown2.o(.ARM.Collect$$libshutdown$$00000004)
    .ARM.Collect$$libshutdown$$00000006      0x08000220   Section        0  libshutdown2.o(.ARM.Collect$$libshutdown$$00000006)
    .ARM.Collect$$libshutdown$$00000009      0x08000220   Section        0  libshutdown2.o(.ARM.Collect$$libshutdown$$00000009)
    .ARM.Collect$$libshutdown$$0000000C      0x08000220   Section        0  libshutdown2.o(.ARM.Collect$$libshutdown$$0000000C)
    .ARM.Collect$$libshutdown$$0000000E      0x08000220   Section        0  libshutdown2.o(.ARM.Collect$$libshutdown$$0000000E)
    .ARM.Collect$$libshutdown$$00000011      0x08000220   Section        0  libshutdown2.o(.ARM.Collect$$libshutdown$$00000011)
    .ARM.Collect$$libshutdown$$00000012      0x08000220   Section        2  libshutdown2.o(.ARM.Collect$$libshutdown$$00000012)
    .ARM.Collect$$rtentry$$00000000          0x08000222   Section        0  __rtentry.o(.ARM.Collect$$rtentry$$00000000)
    .ARM.Collect$$rtentry$$00000002          0x08000222   Section        0  __rtentry2.o(.ARM.Collect$$rtentry$$00000002)
    .ARM.Collect$$rtentry$$00000004          0x08000222   Section        6  __rtentry4.o(.ARM.Collect$$rtentry$$00000004)
    .ARM.Collect$$rtentry$$00000009          0x08000228   Section        0  __rtentry2.o(.ARM.Collect$$rtentry$$00000009)
    .ARM.Collect$$rtentry$$0000000A          0x08000228   Section        4  __rtentry2.o(.ARM.Collect$$rtentry$$0000000A)
    .ARM.Collect$$rtentry$$0000000C          0x0800022c   Section        0  __rtentry2.o(.ARM.Collect$$rtentry$$0000000C)
    .ARM.Collect$$rtentry$$0000000D          0x0800022c   Section        8  __rtentry2.o(.ARM.Collect$$rtentry$$0000000D)
    .ARM.Collect$$rtexit$$00000000           0x08000234   Section        2  rtexit.o(.ARM.Collect$$rtexit$$00000000)
    .ARM.Collect$$rtexit$$00000002           0x08000236   Section        0  rtexit2.o(.ARM.Collect$$rtexit$$00000002)
    .ARM.Collect$$rtexit$$00000003           0x08000236   Section        4  rtexit2.o(.ARM.Collect$$rtexit$$00000003)
    .ARM.Collect$$rtexit$$00000004           0x0800023a   Section        6  rtexit2.o(.ARM.Collect$$rtexit$$00000004)
    .text                                    0x08000240   Section       64  startup_stm32f303xc.o(.text)
    $v0                                      0x08000240   Number         0  startup_stm32f303xc.o(.text)
    .text                                    0x08000280   Section      238  lludivv7m.o(.text)
    .text                                    0x08000370   Section        0  noretval__2sprintf.o(.text)
    .text                                    0x08000398   Section        0  __printf.o(.text)
    .text                                    0x08000400   Section        0  strlen.o(.text)
    .text                                    0x0800043e   Section       78  rt_memclr_w.o(.text)
    .text                                    0x0800048c   Section        0  heapauxi.o(.text)
    .text                                    0x08000492   Section        0  _printf_fp_dec.o(.text)
    _fp_digits                               0x08000495   Thumb Code   432  _printf_fp_dec.o(.text)
    .text                                    0x080008b0   Section        0  _printf_char_common.o(.text)
    _printf_input_char                       0x080008b1   Thumb Code    10  _printf_char_common.o(.text)
    .text                                    0x080008e0   Section        0  _sputc.o(.text)
    .text                                    0x080008ec   Section        8  rt_locale_intlibspace.o(.text)
    .text                                    0x080008f4   Section      138  lludiv10.o(.text)
    .text                                    0x08000980   Section        0  _printf_fp_infnan.o(.text)
    .text                                    0x08000a00   Section        0  bigflt0.o(.text)
    .text                                    0x08000ae4   Section        8  libspace.o(.text)
    .text                                    0x08000aec   Section       74  sys_stackheap_outer.o(.text)
    .text                                    0x08000b36   Section        0  exit.o(.text)
    .text                                    0x08000b48   Section      128  strcmpv7m.o(.text)
    .text                                    0x08000bc8   Section        0  sys_exit.o(.text)
    .text                                    0x08000bd4   Section        2  use_no_semi.o(.text)
    .text                                    0x08000bd6   Section        0  indicate_semi.o(.text)
    CL$$btod_d2e                             0x08000bd6   Section       62  btod.o(CL$$btod_d2e)
    CL$$btod_d2e_denorm_low                  0x08000c14   Section       70  btod.o(CL$$btod_d2e_denorm_low)
    CL$$btod_d2e_norm_op1                    0x08000c5a   Section       96  btod.o(CL$$btod_d2e_norm_op1)
    CL$$btod_div_common                      0x08000cba   Section      824  btod.o(CL$$btod_div_common)
    CL$$btod_e2e                             0x08000ff2   Section      220  btod.o(CL$$btod_e2e)
    CL$$btod_ediv                            0x080010ce   Section       42  btod.o(CL$$btod_ediv)
    CL$$btod_emul                            0x080010f8   Section       42  btod.o(CL$$btod_emul)
    CL$$btod_mult_common                     0x08001122   Section      580  btod.o(CL$$btod_mult_common)
    i.BusFault_Handler                       0x08001366   Section        0  stm32f3xx_it.o(i.BusFault_Handler)
    i.DebugMon_Handler                       0x08001368   Section        0  stm32f3xx_it.o(i.DebugMon_Handler)
    i.EXTI9_5_IRQHandler                     0x0800136c   Section        0  stm32f3xx_it.o(i.EXTI9_5_IRQHandler)
    i.Error_Handler                          0x0800148c   Section        0  main.o(i.Error_Handler)
    i.HAL_Delay                              0x08001490   Section        0  stm32f3xx_hal.o(i.HAL_Delay)
    i.HAL_GPIO_EXTI_Callback                 0x080014b4   Section        0  stm32f3xx_hal_gpio.o(i.HAL_GPIO_EXTI_Callback)
    i.HAL_GPIO_EXTI_IRQHandler               0x080014b8   Section        0  stm32f3xx_hal_gpio.o(i.HAL_GPIO_EXTI_IRQHandler)
    i.HAL_GPIO_Init                          0x080014d0   Section        0  stm32f3xx_hal_gpio.o(i.HAL_GPIO_Init)
    i.HAL_GPIO_WritePin                      0x08001688   Section        0  stm32f3xx_hal_gpio.o(i.HAL_GPIO_WritePin)
    i.HAL_GetTick                            0x08001694   Section        0  stm32f3xx_hal.o(i.HAL_GetTick)
    i.HAL_I2CEx_ConfigAnalogFilter           0x080016a0   Section        0  stm32f3xx_hal_i2c_ex.o(i.HAL_I2CEx_ConfigAnalogFilter)
    i.HAL_I2CEx_ConfigDigitalFilter          0x080016f6   Section        0  stm32f3xx_hal_i2c_ex.o(i.HAL_I2CEx_ConfigDigitalFilter)
    i.HAL_I2C_EV_IRQHandler                  0x08001748   Section        0  stm32f3xx_hal_i2c.o(i.HAL_I2C_EV_IRQHandler)
    i.HAL_I2C_Init                           0x08001758   Section        0  stm32f3xx_hal_i2c.o(i.HAL_I2C_Init)
    i.HAL_I2C_Master_Receive                 0x08001810   Section        0  stm32f3xx_hal_i2c.o(i.HAL_I2C_Master_Receive)
    i.HAL_I2C_Master_Transmit                0x08001934   Section        0  stm32f3xx_hal_i2c.o(i.HAL_I2C_Master_Transmit)
    i.HAL_I2C_MspInit                        0x08001a58   Section        0  i2c.o(i.HAL_I2C_MspInit)
    i.HAL_IncTick                            0x08001ad0   Section        0  stm32f3xx_hal.o(i.HAL_IncTick)
    i.HAL_Init                               0x08001ae0   Section        0  stm32f3xx_hal.o(i.HAL_Init)
    i.HAL_InitTick                           0x08001b04   Section        0  stm32f3xx_hal.o(i.HAL_InitTick)
    i.HAL_MspInit                            0x08001b44   Section        0  stm32f3xx_hal_msp.o(i.HAL_MspInit)
    i.HAL_NVIC_EnableIRQ                     0x08001b74   Section        0  stm32f3xx_hal_cortex.o(i.HAL_NVIC_EnableIRQ)
    i.HAL_NVIC_SetPriority                   0x08001b90   Section        0  stm32f3xx_hal_cortex.o(i.HAL_NVIC_SetPriority)
    i.HAL_NVIC_SetPriorityGrouping           0x08001bd0   Section        0  stm32f3xx_hal_cortex.o(i.HAL_NVIC_SetPriorityGrouping)
    i.HAL_RCCEx_PeriphCLKConfig              0x08001bf4   Section        0  stm32f3xx_hal_rcc_ex.o(i.HAL_RCCEx_PeriphCLKConfig)
    i.HAL_RCC_ClockConfig                    0x08001e0c   Section        0  stm32f3xx_hal_rcc.o(i.HAL_RCC_ClockConfig)
    i.HAL_RCC_GetPCLK1Freq                   0x08001f54   Section        0  stm32f3xx_hal_rcc.o(i.HAL_RCC_GetPCLK1Freq)
    i.HAL_RCC_GetPCLK2Freq                   0x08001f84   Section        0  stm32f3xx_hal_rcc.o(i.HAL_RCC_GetPCLK2Freq)
    i.HAL_RCC_GetSysClockFreq                0x08001fb4   Section        0  stm32f3xx_hal_rcc.o(i.HAL_RCC_GetSysClockFreq)
    i.HAL_RCC_OscConfig                      0x08002020   Section        0  stm32f3xx_hal_rcc.o(i.HAL_RCC_OscConfig)
    i.HAL_SYSTICK_Config                     0x080025e8   Section        0  stm32f3xx_hal_cortex.o(i.HAL_SYSTICK_Config)
    i.HAL_TIMEx_ConfigBreakDeadTime          0x08002610   Section        0  stm32f3xx_hal_tim_ex.o(i.HAL_TIMEx_ConfigBreakDeadTime)
    i.HAL_TIMEx_MasterConfigSynchronization  0x0800269c   Section        0  stm32f3xx_hal_tim_ex.o(i.HAL_TIMEx_MasterConfigSynchronization)
    i.HAL_TIM_Base_Init                      0x0800272c   Section        0  stm32f3xx_hal_tim.o(i.HAL_TIM_Base_Init)
    i.HAL_TIM_Base_MspInit                   0x08002790   Section        0  tim.o(i.HAL_TIM_Base_MspInit)
    i.HAL_TIM_ConfigClockSource              0x080027b8   Section        0  stm32f3xx_hal_tim.o(i.HAL_TIM_ConfigClockSource)
    i.HAL_TIM_MspPostInit                    0x08002894   Section        0  tim.o(i.HAL_TIM_MspPostInit)
    i.HAL_TIM_PWM_ConfigChannel              0x080028e8   Section        0  stm32f3xx_hal_tim.o(i.HAL_TIM_PWM_ConfigChannel)
    i.HAL_TIM_PWM_Init                       0x08002a06   Section        0  stm32f3xx_hal_tim.o(i.HAL_TIM_PWM_Init)
    i.HAL_TIM_PWM_MspInit                    0x08002a68   Section        0  stm32f3xx_hal_tim.o(i.HAL_TIM_PWM_MspInit)
    i.HAL_UART_Init                          0x08002a6a   Section        0  stm32f3xx_hal_uart.o(i.HAL_UART_Init)
    i.HAL_UART_MspInit                       0x08002ad0   Section        0  usart.o(i.HAL_UART_MspInit)
    i.HAL_UART_Transmit                      0x08002b34   Section        0  stm32f3xx_hal_uart.o(i.HAL_UART_Transmit)
    i.HardFault_Handler                      0x08002bea   Section        0  stm32f3xx_it.o(i.HardFault_Handler)
    i.I2C1_EV_IRQHandler                     0x08002bec   Section        0  stm32f3xx_it.o(i.I2C1_EV_IRQHandler)
    i.I2C_Flush_TXDR                         0x08002bf8   Section        0  stm32f3xx_hal_i2c.o(i.I2C_Flush_TXDR)
    I2C_Flush_TXDR                           0x08002bf9   Thumb Code    34  stm32f3xx_hal_i2c.o(i.I2C_Flush_TXDR)
    i.I2C_IsAcknowledgeFailed                0x08002c1c   Section        0  stm32f3xx_hal_i2c.o(i.I2C_IsAcknowledgeFailed)
    I2C_IsAcknowledgeFailed                  0x08002c1d   Thumb Code   128  stm32f3xx_hal_i2c.o(i.I2C_IsAcknowledgeFailed)
    i.I2C_TransferConfig                     0x08002ca0   Section        0  stm32f3xx_hal_i2c.o(i.I2C_TransferConfig)
    I2C_TransferConfig                       0x08002ca1   Thumb Code    40  stm32f3xx_hal_i2c.o(i.I2C_TransferConfig)
    i.I2C_WaitOnFlagUntilTimeout             0x08002ccc   Section        0  stm32f3xx_hal_i2c.o(i.I2C_WaitOnFlagUntilTimeout)
    I2C_WaitOnFlagUntilTimeout               0x08002ccd   Thumb Code    88  stm32f3xx_hal_i2c.o(i.I2C_WaitOnFlagUntilTimeout)
    i.I2C_WaitOnRXNEFlagUntilTimeout         0x08002d24   Section        0  stm32f3xx_hal_i2c.o(i.I2C_WaitOnRXNEFlagUntilTimeout)
    I2C_WaitOnRXNEFlagUntilTimeout           0x08002d25   Thumb Code   128  stm32f3xx_hal_i2c.o(i.I2C_WaitOnRXNEFlagUntilTimeout)
    i.I2C_WaitOnSTOPFlagUntilTimeout         0x08002da8   Section        0  stm32f3xx_hal_i2c.o(i.I2C_WaitOnSTOPFlagUntilTimeout)
    I2C_WaitOnSTOPFlagUntilTimeout           0x08002da9   Thumb Code    76  stm32f3xx_hal_i2c.o(i.I2C_WaitOnSTOPFlagUntilTimeout)
    i.I2C_WaitOnTXISFlagUntilTimeout         0x08002df4   Section        0  stm32f3xx_hal_i2c.o(i.I2C_WaitOnTXISFlagUntilTimeout)
    I2C_WaitOnTXISFlagUntilTimeout           0x08002df5   Thumb Code    80  stm32f3xx_hal_i2c.o(i.I2C_WaitOnTXISFlagUntilTimeout)
    i.MX_GPIO_Init                           0x08002e44   Section        0  gpio.o(i.MX_GPIO_Init)
    i.MX_I2C1_Init                           0x08002fac   Section        0  i2c.o(i.MX_I2C1_Init)
    i.MX_TIM1_Init                           0x08003004   Section        0  tim.o(i.MX_TIM1_Init)
    i.MX_USART1_UART_Init                    0x080030dc   Section        0  usart.o(i.MX_USART1_UART_Init)
    i.MemManage_Handler                      0x08003118   Section        0  stm32f3xx_it.o(i.MemManage_Handler)
    i.NMI_Handler                            0x0800311a   Section        0  stm32f3xx_it.o(i.NMI_Handler)
    i.PendSV_Handler                         0x0800311c   Section        0  stm32f3xx_it.o(i.PendSV_Handler)
    i.SVC_Handler                            0x0800311e   Section        0  stm32f3xx_it.o(i.SVC_Handler)
    i.SysTick_Handler                        0x08003120   Section        0  stm32f3xx_it.o(i.SysTick_Handler)
    i.SystemClock_Config                     0x08003124   Section        0  main.o(i.SystemClock_Config)
    i.SystemInit                             0x080031ac   Section        0  system_stm32f3xx.o(i.SystemInit)
    i.TIM_Base_SetConfig                     0x080031bc   Section        0  stm32f3xx_hal_tim.o(i.TIM_Base_SetConfig)
    i.TIM_ETR_SetConfig                      0x0800326c   Section        0  stm32f3xx_hal_tim.o(i.TIM_ETR_SetConfig)
    i.TIM_ITRx_SetConfig                     0x08003280   Section        0  stm32f3xx_hal_tim.o(i.TIM_ITRx_SetConfig)
    TIM_ITRx_SetConfig                       0x08003281   Thumb Code    16  stm32f3xx_hal_tim.o(i.TIM_ITRx_SetConfig)
    i.TIM_OC1_SetConfig                      0x08003290   Section        0  stm32f3xx_hal_tim.o(i.TIM_OC1_SetConfig)
    TIM_OC1_SetConfig                        0x08003291   Thumb Code   132  stm32f3xx_hal_tim.o(i.TIM_OC1_SetConfig)
    i.TIM_OC2_SetConfig                      0x0800332c   Section        0  stm32f3xx_hal_tim.o(i.TIM_OC2_SetConfig)
    i.TIM_OC3_SetConfig                      0x080033bc   Section        0  stm32f3xx_hal_tim.o(i.TIM_OC3_SetConfig)
    TIM_OC3_SetConfig                        0x080033bd   Thumb Code   118  stm32f3xx_hal_tim.o(i.TIM_OC3_SetConfig)
    i.TIM_OC4_SetConfig                      0x0800344c   Section        0  stm32f3xx_hal_tim.o(i.TIM_OC4_SetConfig)
    TIM_OC4_SetConfig                        0x0800344d   Thumb Code    92  stm32f3xx_hal_tim.o(i.TIM_OC4_SetConfig)
    i.TIM_OC5_SetConfig                      0x080034c0   Section        0  stm32f3xx_hal_tim.o(i.TIM_OC5_SetConfig)
    TIM_OC5_SetConfig                        0x080034c1   Thumb Code    86  stm32f3xx_hal_tim.o(i.TIM_OC5_SetConfig)
    i.TIM_OC6_SetConfig                      0x08003530   Section        0  stm32f3xx_hal_tim.o(i.TIM_OC6_SetConfig)
    TIM_OC6_SetConfig                        0x08003531   Thumb Code    88  stm32f3xx_hal_tim.o(i.TIM_OC6_SetConfig)
    i.TIM_TI1_ConfigInputStage               0x080035a0   Section        0  stm32f3xx_hal_tim.o(i.TIM_TI1_ConfigInputStage)
    TIM_TI1_ConfigInputStage                 0x080035a1   Thumb Code    34  stm32f3xx_hal_tim.o(i.TIM_TI1_ConfigInputStage)
    i.TIM_TI2_ConfigInputStage               0x080035c2   Section        0  stm32f3xx_hal_tim.o(i.TIM_TI2_ConfigInputStage)
    TIM_TI2_ConfigInputStage                 0x080035c3   Thumb Code    36  stm32f3xx_hal_tim.o(i.TIM_TI2_ConfigInputStage)
    i.UART_AdvFeatureConfig                  0x080035e6   Section        0  stm32f3xx_hal_uart.o(i.UART_AdvFeatureConfig)
    i.UART_CheckIdleState                    0x080036ae   Section        0  stm32f3xx_hal_uart.o(i.UART_CheckIdleState)
    i.UART_SetConfig                         0x0800370c   Section        0  stm32f3xx_hal_uart.o(i.UART_SetConfig)
    i.UART_WaitOnFlagUntilTimeout            0x080038d4   Section        0  stm32f3xx_hal_uart.o(i.UART_WaitOnFlagUntilTimeout)
    i.UsageFault_Handler                     0x08003978   Section        0  stm32f3xx_it.o(i.UsageFault_Handler)
    i.__ARM_fpclassify                       0x0800397a   Section        0  fpclassify.o(i.__ARM_fpclassify)
    i.__NVIC_SetPriority                     0x080039aa   Section        0  stm32f3xx_hal_cortex.o(i.__NVIC_SetPriority)
    __NVIC_SetPriority                       0x080039ab   Thumb Code    32  stm32f3xx_hal_cortex.o(i.__NVIC_SetPriority)
    i.gyro_init                              0x080039cc   Section        0  main.o(i.gyro_init)
    i.main                                   0x08003a64   Section        0  main.o(i.main)
    locale$$code                             0x08003a88   Section       44  lc_numeric_c.o(locale$$code)
    x$fpl$d2f                                0x08003ab4   Section       98  d2f.o(x$fpl$d2f)
    $v0                                      0x08003ab4   Number         0  d2f.o(x$fpl$d2f)
    x$fpl$dmul                               0x08003b18   Section      340  dmul.o(x$fpl$dmul)
    $v0                                      0x08003b18   Number         0  dmul.o(x$fpl$dmul)
    x$fpl$dnaninf                            0x08003c6c   Section      156  dnaninf.o(x$fpl$dnaninf)
    $v0                                      0x08003c6c   Number         0  dnaninf.o(x$fpl$dnaninf)
    x$fpl$dretinf                            0x08003d08   Section       12  dretinf.o(x$fpl$dretinf)
    $v0                                      0x08003d08   Number         0  dretinf.o(x$fpl$dretinf)
    x$fpl$f2d                                0x08003d14   Section       86  f2d.o(x$fpl$f2d)
    $v0                                      0x08003d14   Number         0  f2d.o(x$fpl$f2d)
    x$fpl$fnaninf                            0x08003d6a   Section      140  fnaninf.o(x$fpl$fnaninf)
    $v0                                      0x08003d6a   Number         0  fnaninf.o(x$fpl$fnaninf)
    x$fpl$fpinit                             0x08003df6   Section       10  fpinit.o(x$fpl$fpinit)
    $v0                                      0x08003df6   Number         0  fpinit.o(x$fpl$fpinit)
    x$fpl$fretinf                            0x08003e00   Section       10  fretinf.o(x$fpl$fretinf)
    $v0                                      0x08003e00   Number         0  fretinf.o(x$fpl$fretinf)
    x$fpl$printf1                            0x08003e0a   Section        4  printf1.o(x$fpl$printf1)
    $v0                                      0x08003e0a   Number         0  printf1.o(x$fpl$printf1)
    .constdata                               0x08003e0e   Section       32  stm32f3xx_hal_rcc.o(.constdata)
    x$fpl$usenofp                            0x08003e0e   Section        0  usenofp.o(x$fpl$usenofp)
    .constdata                               0x08003e2e   Section       16  system_stm32f3xx.o(.constdata)
    .constdata                               0x08003e3e   Section        8  system_stm32f3xx.o(.constdata)
    .constdata                               0x08003e48   Section      148  bigflt0.o(.constdata)
    tenpwrs_x                                0x08003e48   Data          60  bigflt0.o(.constdata)
    tenpwrs_i                                0x08003e84   Data          64  bigflt0.o(.constdata)
    locale$$data                             0x08003efc   Section       28  lc_numeric_c.o(locale$$data)
    __lcnum_c_name                           0x08003f00   Data           2  lc_numeric_c.o(locale$$data)
    __lcnum_c_start                          0x08003f08   Data           0  lc_numeric_c.o(locale$$data)
    __lcnum_c_point                          0x08003f14   Data           0  lc_numeric_c.o(locale$$data)
    __lcnum_c_thousands                      0x08003f16   Data           0  lc_numeric_c.o(locale$$data)
    __lcnum_c_grouping                       0x08003f17   Data           0  lc_numeric_c.o(locale$$data)
    __lcnum_c_end                            0x08003f18   Data           0  lc_numeric_c.o(locale$$data)
    .data                                    0x20000000   Section       26  stm32f3xx_it.o(.data)
    gyro_add                                 0x20000000   Data           1  stm32f3xx_it.o(.data)
    status_add                               0x20000001   Data           1  stm32f3xx_it.o(.data)
    status_val                               0x20000002   Data           1  stm32f3xx_it.o(.data)
    gyrox                                    0x20000004   Data           2  stm32f3xx_it.o(.data)
    lineend                                  0x20000006   Data           2  stm32f3xx_it.o(.data)
    counter                                  0x20000008   Data           4  stm32f3xx_it.o(.data)
    fgyrox                                   0x2000000c   Data           4  stm32f3xx_it.o(.data)
    sum_gyrox                                0x20000010   Data           4  stm32f3xx_it.o(.data)
    gyroval                                  0x20000014   Data           6  stm32f3xx_it.o(.data)
    .data                                    0x2000001c   Section       12  stm32f3xx_hal.o(.data)
    .data                                    0x20000028   Section        4  system_stm32f3xx.o(.data)
    .bss                                     0x2000002c   Section       76  i2c.o(.bss)
    .bss                                     0x20000078   Section       76  tim.o(.bss)
    .bss                                     0x200000c4   Section      132  usart.o(.bss)
    .bss                                     0x20000148   Section       10  stm32f3xx_it.o(.bss)
    gyroxstr                                 0x20000148   Data          10  stm32f3xx_it.o(.bss)
    .bss                                     0x20000154   Section       96  libspace.o(.bss)
    HEAP                                     0x200001b8   Section      512  startup_stm32f303xc.o(HEAP)
    Heap_Mem                                 0x200001b8   Data         512  startup_stm32f303xc.o(HEAP)
    STACK                                    0x200003b8   Section     1024  startup_stm32f303xc.o(STACK)
    Stack_Mem                                0x200003b8   Data        1024  startup_stm32f303xc.o(STACK)
    __initial_sp                             0x200007b8   Data           0  startup_stm32f303xc.o(STACK)

    Global Symbols

    Symbol Name                              Value     Ov Type        Size  Object(Section)

    BuildAttributes$$THM_ISAv4$E$P$D$K$B$S$7EM$VFPi3$EXTD16$VFPS$VFMA$PE$A:L22UL41UL21$X:L11$S22US41US21$IEEE1$IW$USESV6$~STKCKD$USESV7$~SHL$OTIME$ROPI$IEEEJ$EBA8$UX$STANDARDLIB$REQ8$PRES8$EABIv2 0x00000000   Number         0  anon$$obj.o ABSOLUTE
    __ARM_use_no_argv                        0x00000000   Number         0  main.o ABSOLUTE
    __ARM_exceptions_init                     - Undefined Weak Reference
    __alloca_initialize                       - Undefined Weak Reference
    __arm_fini_                               - Undefined Weak Reference
    __arm_preinit_                            - Undefined Weak Reference
    __cpp_initialize__aeabi_                  - Undefined Weak Reference
    __cxa_finalize                            - Undefined Weak Reference
    __sigvec_lookup                           - Undefined Weak Reference
    _atexit_init                              - Undefined Weak Reference
    _call_atexit_fns                          - Undefined Weak Reference
    _clock_init                               - Undefined Weak Reference
    _fp_trap_init                             - Undefined Weak Reference
    _fp_trap_shutdown                         - Undefined Weak Reference
    _get_lc_collate                           - Undefined Weak Reference
    _get_lc_ctype                             - Undefined Weak Reference
    _get_lc_monetary                          - Undefined Weak Reference
    _get_lc_time                              - Undefined Weak Reference
    _getenv_init                              - Undefined Weak Reference
    _handle_redirection                       - Undefined Weak Reference
    _init_alloc                               - Undefined Weak Reference
    _init_user_alloc                          - Undefined Weak Reference
    _initio                                   - Undefined Weak Reference
    _printf_post_padding                      - Undefined Weak Reference
    _printf_pre_padding                       - Undefined Weak Reference
    _rand_init                                - Undefined Weak Reference
    _signal_finish                            - Undefined Weak Reference
    _signal_init                              - Undefined Weak Reference
    _terminate_alloc                          - Undefined Weak Reference
    _terminate_user_alloc                     - Undefined Weak Reference
    _terminateio                              - Undefined Weak Reference
    __Vectors_Size                           0x00000188   Number         0  startup_stm32f303xc.o ABSOLUTE
    __Vectors                                0x08000000   Data           4  startup_stm32f303xc.o(RESET)
    __Vectors_End                            0x08000188   Data           0  startup_stm32f303xc.o(RESET)
    __main                                   0x08000189   Thumb Code     8  __main.o(!!!main)
    __scatterload                            0x08000191   Thumb Code     0  __scatter.o(!!!scatter)
    __scatterload_rt2                        0x08000191   Thumb Code    44  __scatter.o(!!!scatter)
    __scatterload_rt2_thumb_only             0x08000191   Thumb Code     0  __scatter.o(!!!scatter)
    __scatterload_null                       0x0800019f   Thumb Code     0  __scatter.o(!!!scatter)
    __scatterload_copy                       0x080001c5   Thumb Code    26  __scatter_copy.o(!!handler_copy)
    __scatterload_zeroinit                   0x080001e1   Thumb Code    28  __scatter_zi.o(!!handler_zi)
    _printf_f                                0x080001fd   Thumb Code     0  _printf_f.o(.ARM.Collect$$_printf_percent$$00000003)
    _printf_percent                          0x080001fd   Thumb Code     0  _printf_percent.o(.ARM.Collect$$_printf_percent$$00000000)
    _printf_percent_end                      0x08000203   Thumb Code     0  _printf_percent_end.o(.ARM.Collect$$_printf_percent$$00000017)
    __rt_lib_init                            0x08000207   Thumb Code     0  libinit.o(.ARM.Collect$$libinit$$00000000)
    __rt_lib_init_fp_1                       0x08000209   Thumb Code     0  libinit2.o(.ARM.Collect$$libinit$$00000001)
    __rt_lib_init_heap_1                     0x0800020d   Thumb Code     0  libinit2.o(.ARM.Collect$$libinit$$0000000A)
    __rt_lib_init_lc_common                  0x0800020d   Thumb Code     0  libinit2.o(.ARM.Collect$$libinit$$0000000F)
    __rt_lib_init_preinit_1                  0x0800020d   Thumb Code     0  libinit2.o(.ARM.Collect$$libinit$$00000004)
    __rt_lib_init_rand_1                     0x0800020d   Thumb Code     0  libinit2.o(.ARM.Collect$$libinit$$0000000E)
    __rt_lib_init_user_alloc_1               0x0800020d   Thumb Code     0  libinit2.o(.ARM.Collect$$libinit$$0000000C)
    __rt_lib_init_lc_collate_1               0x08000213   Thumb Code     0  libinit2.o(.ARM.Collect$$libinit$$00000011)
    __rt_lib_init_lc_ctype_1                 0x08000213   Thumb Code     0  libinit2.o(.ARM.Collect$$libinit$$00000013)
    __rt_lib_init_lc_monetary_1              0x08000213   Thumb Code     0  libinit2.o(.ARM.Collect$$libinit$$00000015)
    __rt_lib_init_lc_numeric_2               0x08000213   Thumb Code     0  libinit2.o(.ARM.Collect$$libinit$$00000016)
    __rt_lib_init_alloca_1                   0x0800021d   Thumb Code     0  libinit2.o(.ARM.Collect$$libinit$$0000002E)
    __rt_lib_init_argv_1                     0x0800021d   Thumb Code     0  libinit2.o(.ARM.Collect$$libinit$$0000002C)
    __rt_lib_init_atexit_1                   0x0800021d   Thumb Code     0  libinit2.o(.ARM.Collect$$libinit$$0000001B)
    __rt_lib_init_clock_1                    0x0800021d   Thumb Code     0  libinit2.o(.ARM.Collect$$libinit$$00000021)
    __rt_lib_init_cpp_1                      0x0800021d   Thumb Code     0  libinit2.o(.ARM.Collect$$libinit$$00000032)
    __rt_lib_init_exceptions_1               0x0800021d   Thumb Code     0  libinit2.o(.ARM.Collect$$libinit$$00000030)
    __rt_lib_init_fp_trap_1                  0x0800021d   Thumb Code     0  libinit2.o(.ARM.Collect$$libinit$$0000001F)
    __rt_lib_init_getenv_1                   0x0800021d   Thumb Code     0  libinit2.o(.ARM.Collect$$libinit$$00000023)
    __rt_lib_init_lc_numeric_1               0x0800021d   Thumb Code     0  libinit2.o(.ARM.Collect$$libinit$$00000017)
    __rt_lib_init_lc_time_1                  0x0800021d   Thumb Code     0  libinit2.o(.ARM.Collect$$libinit$$00000019)
    __rt_lib_init_return                     0x0800021d   Thumb Code     0  libinit2.o(.ARM.Collect$$libinit$$00000033)
    __rt_lib_init_signal_1                   0x0800021d   Thumb Code     0  libinit2.o(.ARM.Collect$$libinit$$0000001D)
    __rt_lib_init_stdio_1                    0x0800021d   Thumb Code     0  libinit2.o(.ARM.Collect$$libinit$$00000025)
    __rt_lib_shutdown                        0x0800021f   Thumb Code     0  libshutdown.o(.ARM.Collect$$libshutdown$$00000000)
    __rt_lib_shutdown_cpp_1                  0x08000221   Thumb Code     0  libshutdown2.o(.ARM.Collect$$libshutdown$$00000004)
    __rt_lib_shutdown_fini_1                 0x08000221   Thumb Code     0  libshutdown2.o(.ARM.Collect$$libshutdown$$00000002)
    __rt_lib_shutdown_fp_trap_1              0x08000221   Thumb Code     0  libshutdown2.o(.ARM.Collect$$libshutdown$$00000009)
    __rt_lib_shutdown_heap_1                 0x08000221   Thumb Code     0  libshutdown2.o(.ARM.Collect$$libshutdown$$00000011)
    __rt_lib_shutdown_return                 0x08000221   Thumb Code     0  libshutdown2.o(.ARM.Collect$$libshutdown$$00000012)
    __rt_lib_shutdown_signal_1               0x08000221   Thumb Code     0  libshutdown2.o(.ARM.Collect$$libshutdown$$0000000C)
    __rt_lib_shutdown_stdio_1                0x08000221   Thumb Code     0  libshutdown2.o(.ARM.Collect$$libshutdown$$00000006)
    __rt_lib_shutdown_user_alloc_1           0x08000221   Thumb Code     0  libshutdown2.o(.ARM.Collect$$libshutdown$$0000000E)
    __rt_entry                               0x08000223   Thumb Code     0  __rtentry.o(.ARM.Collect$$rtentry$$00000000)
    __rt_entry_presh_1                       0x08000223   Thumb Code     0  __rtentry2.o(.ARM.Collect$$rtentry$$00000002)
    __rt_entry_sh                            0x08000223   Thumb Code     0  __rtentry4.o(.ARM.Collect$$rtentry$$00000004)
    __rt_entry_li                            0x08000229   Thumb Code     0  __rtentry2.o(.ARM.Collect$$rtentry$$0000000A)
    __rt_entry_postsh_1                      0x08000229   Thumb Code     0  __rtentry2.o(.ARM.Collect$$rtentry$$00000009)
    __rt_entry_main                          0x0800022d   Thumb Code     0  __rtentry2.o(.ARM.Collect$$rtentry$$0000000D)
    __rt_entry_postli_1                      0x0800022d   Thumb Code     0  __rtentry2.o(.ARM.Collect$$rtentry$$0000000C)
    __rt_exit                                0x08000235   Thumb Code     0  rtexit.o(.ARM.Collect$$rtexit$$00000000)
    __rt_exit_ls                             0x08000237   Thumb Code     0  rtexit2.o(.ARM.Collect$$rtexit$$00000003)
    __rt_exit_prels_1                        0x08000237   Thumb Code     0  rtexit2.o(.ARM.Collect$$rtexit$$00000002)
    __rt_exit_exit                           0x0800023b   Thumb Code     0  rtexit2.o(.ARM.Collect$$rtexit$$00000004)
    Reset_Handler                            0x08000241   Thumb Code     8  startup_stm32f303xc.o(.text)
    ADC1_2_IRQHandler                        0x0800025b   Thumb Code     0  startup_stm32f303xc.o(.text)
    ADC3_IRQHandler                          0x0800025b   Thumb Code     0  startup_stm32f303xc.o(.text)
    ADC4_IRQHandler                          0x0800025b   Thumb Code     0  startup_stm32f303xc.o(.text)
    CAN_RX1_IRQHandler                       0x0800025b   Thumb Code     0  startup_stm32f303xc.o(.text)
    CAN_SCE_IRQHandler                       0x0800025b   Thumb Code     0  startup_stm32f303xc.o(.text)
    COMP1_2_3_IRQHandler                     0x0800025b   Thumb Code     0  startup_stm32f303xc.o(.text)
    COMP4_5_6_IRQHandler                     0x0800025b   Thumb Code     0  startup_stm32f303xc.o(.text)
    COMP7_IRQHandler                         0x0800025b   Thumb Code     0  startup_stm32f303xc.o(.text)
    DMA1_Channel1_IRQHandler                 0x0800025b   Thumb Code     0  startup_stm32f303xc.o(.text)
    DMA1_Channel2_IRQHandler                 0x0800025b   Thumb Code     0  startup_stm32f303xc.o(.text)
    DMA1_Channel3_IRQHandler                 0x0800025b   Thumb Code     0  startup_stm32f303xc.o(.text)
    DMA1_Channel4_IRQHandler                 0x0800025b   Thumb Code     0  startup_stm32f303xc.o(.text)
    DMA1_Channel5_IRQHandler                 0x0800025b   Thumb Code     0  startup_stm32f303xc.o(.text)
    DMA1_Channel6_IRQHandler                 0x0800025b   Thumb Code     0  startup_stm32f303xc.o(.text)
    DMA1_Channel7_IRQHandler                 0x0800025b   Thumb Code     0  startup_stm32f303xc.o(.text)
    DMA2_Channel1_IRQHandler                 0x0800025b   Thumb Code     0  startup_stm32f303xc.o(.text)
    DMA2_Channel2_IRQHandler                 0x0800025b   Thumb Code     0  startup_stm32f303xc.o(.text)
    DMA2_Channel3_IRQHandler                 0x0800025b   Thumb Code     0  startup_stm32f303xc.o(.text)
    DMA2_Channel4_IRQHandler                 0x0800025b   Thumb Code     0  startup_stm32f303xc.o(.text)
    DMA2_Channel5_IRQHandler                 0x0800025b   Thumb Code     0  startup_stm32f303xc.o(.text)
    EXTI0_IRQHandler                         0x0800025b   Thumb Code     0  startup_stm32f303xc.o(.text)
    EXTI15_10_IRQHandler                     0x0800025b   Thumb Code     0  startup_stm32f303xc.o(.text)
    EXTI1_IRQHandler                         0x0800025b   Thumb Code     0  startup_stm32f303xc.o(.text)
    EXTI2_TSC_IRQHandler                     0x0800025b   Thumb Code     0  startup_stm32f303xc.o(.text)
    EXTI3_IRQHandler                         0x0800025b   Thumb Code     0  startup_stm32f303xc.o(.text)
    EXTI4_IRQHandler                         0x0800025b   Thumb Code     0  startup_stm32f303xc.o(.text)
    FLASH_IRQHandler                         0x0800025b   Thumb Code     0  startup_stm32f303xc.o(.text)
    FPU_IRQHandler                           0x0800025b   Thumb Code     0  startup_stm32f303xc.o(.text)
    I2C1_ER_IRQHandler                       0x0800025b   Thumb Code     0  startup_stm32f303xc.o(.text)
    I2C2_ER_IRQHandler                       0x0800025b   Thumb Code     0  startup_stm32f303xc.o(.text)
    I2C2_EV_IRQHandler                       0x0800025b   Thumb Code     0  startup_stm32f303xc.o(.text)
    PVD_IRQHandler                           0x0800025b   Thumb Code     0  startup_stm32f303xc.o(.text)
    RCC_IRQHandler                           0x0800025b   Thumb Code     0  startup_stm32f303xc.o(.text)
    RTC_Alarm_IRQHandler                     0x0800025b   Thumb Code     0  startup_stm32f303xc.o(.text)
    RTC_WKUP_IRQHandler                      0x0800025b   Thumb Code     0  startup_stm32f303xc.o(.text)
    SPI1_IRQHandler                          0x0800025b   Thumb Code     0  startup_stm32f303xc.o(.text)
    SPI2_IRQHandler                          0x0800025b   Thumb Code     0  startup_stm32f303xc.o(.text)
    SPI3_IRQHandler                          0x0800025b   Thumb Code     0  startup_stm32f303xc.o(.text)
    TAMP_STAMP_IRQHandler                    0x0800025b   Thumb Code     0  startup_stm32f303xc.o(.text)
    TIM1_BRK_TIM15_IRQHandler                0x0800025b   Thumb Code     0  startup_stm32f303xc.o(.text)
    TIM1_CC_IRQHandler                       0x0800025b   Thumb Code     0  startup_stm32f303xc.o(.text)
    TIM1_TRG_COM_TIM17_IRQHandler            0x0800025b   Thumb Code     0  startup_stm32f303xc.o(.text)
    TIM1_UP_TIM16_IRQHandler                 0x0800025b   Thumb Code     0  startup_stm32f303xc.o(.text)
    TIM2_IRQHandler                          0x0800025b   Thumb Code     0  startup_stm32f303xc.o(.text)
    TIM3_IRQHandler                          0x0800025b   Thumb Code     0  startup_stm32f303xc.o(.text)
    TIM4_IRQHandler                          0x0800025b   Thumb Code     0  startup_stm32f303xc.o(.text)
    TIM6_DAC_IRQHandler                      0x0800025b   Thumb Code     0  startup_stm32f303xc.o(.text)
    TIM7_IRQHandler                          0x0800025b   Thumb Code     0  startup_stm32f303xc.o(.text)
    TIM8_BRK_IRQHandler                      0x0800025b   Thumb Code     0  startup_stm32f303xc.o(.text)
    TIM8_CC_IRQHandler                       0x0800025b   Thumb Code     0  startup_stm32f303xc.o(.text)
    TIM8_TRG_COM_IRQHandler                  0x0800025b   Thumb Code     0  startup_stm32f303xc.o(.text)
    TIM8_UP_IRQHandler                       0x0800025b   Thumb Code     0  startup_stm32f303xc.o(.text)
    UART4_IRQHandler                         0x0800025b   Thumb Code     0  startup_stm32f303xc.o(.text)
    UART5_IRQHandler                         0x0800025b   Thumb Code     0  startup_stm32f303xc.o(.text)
    USART1_IRQHandler                        0x0800025b   Thumb Code     0  startup_stm32f303xc.o(.text)
    USART2_IRQHandler                        0x0800025b   Thumb Code     0  startup_stm32f303xc.o(.text)
    USART3_IRQHandler                        0x0800025b   Thumb Code     0  startup_stm32f303xc.o(.text)
    USBWakeUp_IRQHandler                     0x0800025b   Thumb Code     0  startup_stm32f303xc.o(.text)
    USBWakeUp_RMP_IRQHandler                 0x0800025b   Thumb Code     0  startup_stm32f303xc.o(.text)
    USB_HP_CAN_TX_IRQHandler                 0x0800025b   Thumb Code     0  startup_stm32f303xc.o(.text)
    USB_HP_IRQHandler                        0x0800025b   Thumb Code     0  startup_stm32f303xc.o(.text)
    USB_LP_CAN_RX0_IRQHandler                0x0800025b   Thumb Code     0  startup_stm32f303xc.o(.text)
    USB_LP_IRQHandler                        0x0800025b   Thumb Code     0  startup_stm32f303xc.o(.text)
    WWDG_IRQHandler                          0x0800025b   Thumb Code     0  startup_stm32f303xc.o(.text)
    __user_initial_stackheap                 0x0800025d   Thumb Code     0  startup_stm32f303xc.o(.text)
    __aeabi_uldivmod                         0x08000281   Thumb Code     0  lludivv7m.o(.text)
    _ll_udiv                                 0x08000281   Thumb Code   238  lludivv7m.o(.text)
    __2sprintf                               0x08000371   Thumb Code    34  noretval__2sprintf.o(.text)
    __printf                                 0x08000399   Thumb Code   104  __printf.o(.text)
    strlen                                   0x08000401   Thumb Code    62  strlen.o(.text)
    __aeabi_memclr4                          0x0800043f   Thumb Code     0  rt_memclr_w.o(.text)
    __aeabi_memclr8                          0x0800043f   Thumb Code     0  rt_memclr_w.o(.text)
    __rt_memclr_w                            0x0800043f   Thumb Code    78  rt_memclr_w.o(.text)
    _memset_w                                0x08000443   Thumb Code     0  rt_memclr_w.o(.text)
    __use_two_region_memory                  0x0800048d   Thumb Code     2  heapauxi.o(.text)
    __rt_heap_escrow$2region                 0x0800048f   Thumb Code     2  heapauxi.o(.text)
    __rt_heap_expand$2region                 0x08000491   Thumb Code     2  heapauxi.o(.text)
    __lib_sel_fp_printf                      0x08000493   Thumb Code     2  _printf_fp_dec.o(.text)
    _printf_fp_dec_real                      0x08000645   Thumb Code   620  _printf_fp_dec.o(.text)
    _printf_char_common                      0x080008bb   Thumb Code    32  _printf_char_common.o(.text)
    _sputc                                   0x080008e1   Thumb Code    10  _sputc.o(.text)
    __rt_locale                              0x080008ed   Thumb Code     8  rt_locale_intlibspace.o(.text)
    _ll_udiv10                               0x080008f5   Thumb Code   138  lludiv10.o(.text)
    _printf_fp_infnan                        0x08000981   Thumb Code   112  _printf_fp_infnan.o(.text)
    _btod_etento                             0x08000a01   Thumb Code   224  bigflt0.o(.text)
    __user_libspace                          0x08000ae5   Thumb Code     8  libspace.o(.text)
    __user_perproc_libspace                  0x08000ae5   Thumb Code     0  libspace.o(.text)
    __user_perthread_libspace                0x08000ae5   Thumb Code     0  libspace.o(.text)
    __user_setup_stackheap                   0x08000aed   Thumb Code    74  sys_stackheap_outer.o(.text)
    exit                                     0x08000b37   Thumb Code    18  exit.o(.text)
    strcmp                                   0x08000b49   Thumb Code   128  strcmpv7m.o(.text)
    _sys_exit                                0x08000bc9   Thumb Code     8  sys_exit.o(.text)
    __I$use$semihosting                      0x08000bd5   Thumb Code     0  use_no_semi.o(.text)
    __use_no_semihosting_swi                 0x08000bd5   Thumb Code     2  use_no_semi.o(.text)
    __semihosting_library_function           0x08000bd7   Thumb Code     0  indicate_semi.o(.text)
    _btod_d2e                                0x08000bd7   Thumb Code    62  btod.o(CL$$btod_d2e)
    _d2e_denorm_low                          0x08000c15   Thumb Code    70  btod.o(CL$$btod_d2e_denorm_low)
    _d2e_norm_op1                            0x08000c5b   Thumb Code    96  btod.o(CL$$btod_d2e_norm_op1)
    __btod_div_common                        0x08000cbb   Thumb Code   696  btod.o(CL$$btod_div_common)
    _e2e                                     0x08000ff3   Thumb Code   220  btod.o(CL$$btod_e2e)
    _btod_ediv                               0x080010cf   Thumb Code    42  btod.o(CL$$btod_ediv)
    _btod_emul                               0x080010f9   Thumb Code    42  btod.o(CL$$btod_emul)
    __btod_mult_common                       0x08001123   Thumb Code   580  btod.o(CL$$btod_mult_common)
    BusFault_Handler                         0x08001367   Thumb Code     2  stm32f3xx_it.o(i.BusFault_Handler)
    DebugMon_Handler                         0x08001369   Thumb Code     2  stm32f3xx_it.o(i.DebugMon_Handler)
    EXTI9_5_IRQHandler                       0x0800136d   Thumb Code   246  stm32f3xx_it.o(i.EXTI9_5_IRQHandler)
    Error_Handler                            0x0800148d   Thumb Code     4  main.o(i.Error_Handler)
    HAL_Delay                                0x08001491   Thumb Code    32  stm32f3xx_hal.o(i.HAL_Delay)
    HAL_GPIO_EXTI_Callback                   0x080014b5   Thumb Code     2  stm32f3xx_hal_gpio.o(i.HAL_GPIO_EXTI_Callback)
    HAL_GPIO_EXTI_IRQHandler                 0x080014b9   Thumb Code    18  stm32f3xx_hal_gpio.o(i.HAL_GPIO_EXTI_IRQHandler)
    HAL_GPIO_Init                            0x080014d1   Thumb Code   412  stm32f3xx_hal_gpio.o(i.HAL_GPIO_Init)
    HAL_GPIO_WritePin                        0x08001689   Thumb Code    10  stm32f3xx_hal_gpio.o(i.HAL_GPIO_WritePin)
    HAL_GetTick                              0x08001695   Thumb Code     6  stm32f3xx_hal.o(i.HAL_GetTick)
    HAL_I2CEx_ConfigAnalogFilter             0x080016a1   Thumb Code    86  stm32f3xx_hal_i2c_ex.o(i.HAL_I2CEx_ConfigAnalogFilter)
    HAL_I2CEx_ConfigDigitalFilter            0x080016f7   Thumb Code    82  stm32f3xx_hal_i2c_ex.o(i.HAL_I2CEx_ConfigDigitalFilter)
    HAL_I2C_EV_IRQHandler                    0x08001749   Thumb Code    16  stm32f3xx_hal_i2c.o(i.HAL_I2C_EV_IRQHandler)
    HAL_I2C_Init                             0x08001759   Thumb Code   178  stm32f3xx_hal_i2c.o(i.HAL_I2C_Init)
    HAL_I2C_Master_Receive                   0x08001811   Thumb Code   282  stm32f3xx_hal_i2c.o(i.HAL_I2C_Master_Receive)
    HAL_I2C_Master_Transmit                  0x08001935   Thumb Code   282  stm32f3xx_hal_i2c.o(i.HAL_I2C_Master_Transmit)
    HAL_I2C_MspInit                          0x08001a59   Thumb Code   106  i2c.o(i.HAL_I2C_MspInit)
    HAL_IncTick                              0x08001ad1   Thumb Code    12  stm32f3xx_hal.o(i.HAL_IncTick)
    HAL_Init                                 0x08001ae1   Thumb Code    32  stm32f3xx_hal.o(i.HAL_Init)
    HAL_InitTick                             0x08001b05   Thumb Code    54  stm32f3xx_hal.o(i.HAL_InitTick)
    HAL_MspInit                              0x08001b45   Thumb Code    44  stm32f3xx_hal_msp.o(i.HAL_MspInit)
    HAL_NVIC_EnableIRQ                       0x08001b75   Thumb Code    26  stm32f3xx_hal_cortex.o(i.HAL_NVIC_EnableIRQ)
    HAL_NVIC_SetPriority                     0x08001b91   Thumb Code    60  stm32f3xx_hal_cortex.o(i.HAL_NVIC_SetPriority)
    HAL_NVIC_SetPriorityGrouping             0x08001bd1   Thumb Code    26  stm32f3xx_hal_cortex.o(i.HAL_NVIC_SetPriorityGrouping)
    HAL_RCCEx_PeriphCLKConfig                0x08001bf5   Thumb Code   522  stm32f3xx_hal_rcc_ex.o(i.HAL_RCCEx_PeriphCLKConfig)
    HAL_RCC_ClockConfig                      0x08001e0d   Thumb Code   308  stm32f3xx_hal_rcc.o(i.HAL_RCC_ClockConfig)
    HAL_RCC_GetPCLK1Freq                     0x08001f55   Thumb Code    34  stm32f3xx_hal_rcc.o(i.HAL_RCC_GetPCLK1Freq)
    HAL_RCC_GetPCLK2Freq                     0x08001f85   Thumb Code    34  stm32f3xx_hal_rcc.o(i.HAL_RCC_GetPCLK2Freq)
    HAL_RCC_GetSysClockFreq                  0x08001fb5   Thumb Code    92  stm32f3xx_hal_rcc.o(i.HAL_RCC_GetSysClockFreq)
    HAL_RCC_OscConfig                        0x08002021   Thumb Code  1480  stm32f3xx_hal_rcc.o(i.HAL_RCC_OscConfig)
    HAL_SYSTICK_Config                       0x080025e9   Thumb Code    40  stm32f3xx_hal_cortex.o(i.HAL_SYSTICK_Config)
    HAL_TIMEx_ConfigBreakDeadTime            0x08002611   Thumb Code   132  stm32f3xx_hal_tim_ex.o(i.HAL_TIMEx_ConfigBreakDeadTime)
    HAL_TIMEx_MasterConfigSynchronization    0x0800269d   Thumb Code   124  stm32f3xx_hal_tim_ex.o(i.HAL_TIMEx_MasterConfigSynchronization)
    HAL_TIM_Base_Init                        0x0800272d   Thumb Code    98  stm32f3xx_hal_tim.o(i.HAL_TIM_Base_Init)
    HAL_TIM_Base_MspInit                     0x08002791   Thumb Code    30  tim.o(i.HAL_TIM_Base_MspInit)
    HAL_TIM_ConfigClockSource                0x080027b9   Thumb Code   214  stm32f3xx_hal_tim.o(i.HAL_TIM_ConfigClockSource)
    HAL_TIM_MspPostInit                      0x08002895   Thumb Code    70  tim.o(i.HAL_TIM_MspPostInit)
    HAL_TIM_PWM_ConfigChannel                0x080028e9   Thumb Code   286  stm32f3xx_hal_tim.o(i.HAL_TIM_PWM_ConfigChannel)
    HAL_TIM_PWM_Init                         0x08002a07   Thumb Code    98  stm32f3xx_hal_tim.o(i.HAL_TIM_PWM_Init)
    HAL_TIM_PWM_MspInit                      0x08002a69   Thumb Code     2  stm32f3xx_hal_tim.o(i.HAL_TIM_PWM_MspInit)
    HAL_UART_Init                            0x08002a6b   Thumb Code   102  stm32f3xx_hal_uart.o(i.HAL_UART_Init)
    HAL_UART_MspInit                         0x08002ad1   Thumb Code    92  usart.o(i.HAL_UART_MspInit)
    HAL_UART_Transmit                        0x08002b35   Thumb Code   182  stm32f3xx_hal_uart.o(i.HAL_UART_Transmit)
    HardFault_Handler                        0x08002beb   Thumb Code     2  stm32f3xx_it.o(i.HardFault_Handler)
    I2C1_EV_IRQHandler                       0x08002bed   Thumb Code     6  stm32f3xx_it.o(i.I2C1_EV_IRQHandler)
    MX_GPIO_Init                             0x08002e45   Thumb Code   336  gpio.o(i.MX_GPIO_Init)
    MX_I2C1_Init                             0x08002fad   Thumb Code    76  i2c.o(i.MX_I2C1_Init)
    MX_TIM1_Init                             0x08003005   Thumb Code   206  tim.o(i.MX_TIM1_Init)
    MX_USART1_UART_Init                      0x080030dd   Thumb Code    52  usart.o(i.MX_USART1_UART_Init)
    MemManage_Handler                        0x08003119   Thumb Code     2  stm32f3xx_it.o(i.MemManage_Handler)
    NMI_Handler                              0x0800311b   Thumb Code     2  stm32f3xx_it.o(i.NMI_Handler)
    PendSV_Handler                           0x0800311d   Thumb Code     2  stm32f3xx_it.o(i.PendSV_Handler)
    SVC_Handler                              0x0800311f   Thumb Code     2  stm32f3xx_it.o(i.SVC_Handler)
    SysTick_Handler                          0x08003121   Thumb Code     4  stm32f3xx_it.o(i.SysTick_Handler)
    SystemClock_Config                       0x08003125   Thumb Code   136  main.o(i.SystemClock_Config)
    SystemInit                               0x080031ad   Thumb Code    12  system_stm32f3xx.o(i.SystemInit)
    TIM_Base_SetConfig                       0x080031bd   Thumb Code   146  stm32f3xx_hal_tim.o(i.TIM_Base_SetConfig)
    TIM_ETR_SetConfig                        0x0800326d   Thumb Code    20  stm32f3xx_hal_tim.o(i.TIM_ETR_SetConfig)
    TIM_OC2_SetConfig                        0x0800332d   Thumb Code   120  stm32f3xx_hal_tim.o(i.TIM_OC2_SetConfig)
    UART_AdvFeatureConfig                    0x080035e7   Thumb Code   200  stm32f3xx_hal_uart.o(i.UART_AdvFeatureConfig)
    UART_CheckIdleState                      0x080036af   Thumb Code    92  stm32f3xx_hal_uart.o(i.UART_CheckIdleState)
    UART_SetConfig                           0x0800370d   Thumb Code   426  stm32f3xx_hal_uart.o(i.UART_SetConfig)
    UART_WaitOnFlagUntilTimeout              0x080038d5   Thumb Code   164  stm32f3xx_hal_uart.o(i.UART_WaitOnFlagUntilTimeout)
    UsageFault_Handler                       0x08003979   Thumb Code     2  stm32f3xx_it.o(i.UsageFault_Handler)
    __ARM_fpclassify                         0x0800397b   Thumb Code    48  fpclassify.o(i.__ARM_fpclassify)
    gyro_init                                0x080039cd   Thumb Code    78  main.o(i.gyro_init)
    main                                     0x08003a65   Thumb Code    36  main.o(i.main)
    _get_lc_numeric                          0x08003a89   Thumb Code    44  lc_numeric_c.o(locale$$code)
    __aeabi_d2f                              0x08003ab5   Thumb Code     0  d2f.o(x$fpl$d2f)
    _d2f                                     0x08003ab5   Thumb Code    98  d2f.o(x$fpl$d2f)
    __aeabi_dmul                             0x08003b19   Thumb Code     0  dmul.o(x$fpl$dmul)
    _dmul                                    0x08003b19   Thumb Code   332  dmul.o(x$fpl$dmul)
    __fpl_dnaninf                            0x08003c6d   Thumb Code   156  dnaninf.o(x$fpl$dnaninf)
    __fpl_dretinf                            0x08003d09   Thumb Code    12  dretinf.o(x$fpl$dretinf)
    __aeabi_f2d                              0x08003d15   Thumb Code     0  f2d.o(x$fpl$f2d)
    _f2d                                     0x08003d15   Thumb Code    86  f2d.o(x$fpl$f2d)
    __fpl_fnaninf                            0x08003d6b   Thumb Code   140  fnaninf.o(x$fpl$fnaninf)
    _fp_init                                 0x08003df7   Thumb Code    10  fpinit.o(x$fpl$fpinit)
    __fplib_config_fpu_vfp                   0x08003dff   Thumb Code     0  fpinit.o(x$fpl$fpinit)
    __fplib_config_pureend_doubles           0x08003dff   Thumb Code     0  fpinit.o(x$fpl$fpinit)
    __fpl_fretinf                            0x08003e01   Thumb Code    10  fretinf.o(x$fpl$fretinf)
    _printf_fp_dec                           0x08003e0b   Thumb Code     4  printf1.o(x$fpl$printf1)
    __I$use$fp                               0x08003e0e   Number         0  usenofp.o(x$fpl$usenofp)
    aPLLMULFactorTable                       0x08003e0e   Data          16  stm32f3xx_hal_rcc.o(.constdata)
    aPredivFactorTable                       0x08003e1e   Data          16  stm32f3xx_hal_rcc.o(.constdata)
    AHBPrescTable                            0x08003e2e   Data          16  system_stm32f3xx.o(.constdata)
    APBPrescTable                            0x08003e3e   Data           8  system_stm32f3xx.o(.constdata)
    Region$$Table$$Base                      0x08003edc   Number         0  anon$$obj.o(Region$$Table)
    Region$$Table$$Limit                     0x08003efc   Number         0  anon$$obj.o(Region$$Table)
    uwTickFreq                               0x2000001c   Data           1  stm32f3xx_hal.o(.data)
    uwTickPrio                               0x20000020   Data           4  stm32f3xx_hal.o(.data)
    uwTick                                   0x20000024   Data           4  stm32f3xx_hal.o(.data)
    SystemCoreClock                          0x20000028   Data           4  system_stm32f3xx.o(.data)
    hi2c1                                    0x2000002c   Data          76  i2c.o(.bss)
    htim1                                    0x20000078   Data          76  tim.o(.bss)
    huart1                                   0x200000c4   Data         132  usart.o(.bss)
    __libspace_start                         0x20000154   Data          96  libspace.o(.bss)
    __temporary_stack_top$libspace           0x200001b4   Data           0  libspace.o(.bss)



==============================================================================

Memory Map of the image

  Image Entry point : 0x08000189

  Load Region LR_IROM1 (Base: 0x08000000, Size: 0x00003f44, Max: 0x00040000, ABSOLUTE)

    Execution Region ER_IROM1 (Exec base: 0x08000000, Load base: 0x08000000, Size: 0x00003f18, Max: 0x00040000, ABSOLUTE)

    Exec Addr    Load Addr    Size         Type   Attr      Idx    E Section Name        Object

    0x08000000   0x08000000   0x00000188   Data   RO            3    RESET               startup_stm32f303xc.o
    0x08000188   0x08000188   0x00000008   Code   RO         3523  * !!!main             c_w.l(__main.o)
    0x08000190   0x08000190   0x00000034   Code   RO         3761    !!!scatter          c_w.l(__scatter.o)
    0x080001c4   0x080001c4   0x0000001a   Code   RO         3763    !!handler_copy      c_w.l(__scatter_copy.o)
    0x080001de   0x080001de   0x00000002   PAD
    0x080001e0   0x080001e0   0x0000001c   Code   RO         3765    !!handler_zi        c_w.l(__scatter_zi.o)
    0x080001fc   0x080001fc   0x00000000   Code   RO         3514    .ARM.Collect$$_printf_percent$$00000000  c_w.l(_printf_percent.o)
    0x080001fc   0x080001fc   0x00000006   Code   RO         3513    .ARM.Collect$$_printf_percent$$00000003  c_w.l(_printf_f.o)
    0x08000202   0x08000202   0x00000004   Code   RO         3544    .ARM.Collect$$_printf_percent$$00000017  c_w.l(_printf_percent_end.o)
    0x08000206   0x08000206   0x00000002   Code   RO         3632    .ARM.Collect$$libinit$$00000000  c_w.l(libinit.o)
    0x08000208   0x08000208   0x00000004   Code   RO         3633    .ARM.Collect$$libinit$$00000001  c_w.l(libinit2.o)
    0x0800020c   0x0800020c   0x00000000   Code   RO         3636    .ARM.Collect$$libinit$$00000004  c_w.l(libinit2.o)
    0x0800020c   0x0800020c   0x00000000   Code   RO         3639    .ARM.Collect$$libinit$$0000000A  c_w.l(libinit2.o)
    0x0800020c   0x0800020c   0x00000000   Code   RO         3641    .ARM.Collect$$libinit$$0000000C  c_w.l(libinit2.o)
    0x0800020c   0x0800020c   0x00000000   Code   RO         3643    .ARM.Collect$$libinit$$0000000E  c_w.l(libinit2.o)
    0x0800020c   0x0800020c   0x00000006   Code   RO         3644    .ARM.Collect$$libinit$$0000000F  c_w.l(libinit2.o)
    0x08000212   0x08000212   0x00000000   Code   RO         3646    .ARM.Collect$$libinit$$00000011  c_w.l(libinit2.o)
    0x08000212   0x08000212   0x00000000   Code   RO         3648    .ARM.Collect$$libinit$$00000013  c_w.l(libinit2.o)
    0x08000212   0x08000212   0x00000000   Code   RO         3650    .ARM.Collect$$libinit$$00000015  c_w.l(libinit2.o)
    0x08000212   0x08000212   0x0000000a   Code   RO         3651    .ARM.Collect$$libinit$$00000016  c_w.l(libinit2.o)
    0x0800021c   0x0800021c   0x00000000   Code   RO         3652    .ARM.Collect$$libinit$$00000017  c_w.l(libinit2.o)
    0x0800021c   0x0800021c   0x00000000   Code   RO         3654    .ARM.Collect$$libinit$$00000019  c_w.l(libinit2.o)
    0x0800021c   0x0800021c   0x00000000   Code   RO         3656    .ARM.Collect$$libinit$$0000001B  c_w.l(libinit2.o)
    0x0800021c   0x0800021c   0x00000000   Code   RO         3658    .ARM.Collect$$libinit$$0000001D  c_w.l(libinit2.o)
    0x0800021c   0x0800021c   0x00000000   Code   RO         3660    .ARM.Collect$$libinit$$0000001F  c_w.l(libinit2.o)
    0x0800021c   0x0800021c   0x00000000   Code   RO         3662    .ARM.Collect$$libinit$$00000021  c_w.l(libinit2.o)
    0x0800021c   0x0800021c   0x00000000   Code   RO         3664    .ARM.Collect$$libinit$$00000023  c_w.l(libinit2.o)
    0x0800021c   0x0800021c   0x00000000   Code   RO         3666    .ARM.Collect$$libinit$$00000025  c_w.l(libinit2.o)
    0x0800021c   0x0800021c   0x00000000   Code   RO         3670    .ARM.Collect$$libinit$$0000002C  c_w.l(libinit2.o)
    0x0800021c   0x0800021c   0x00000000   Code   RO         3672    .ARM.Collect$$libinit$$0000002E  c_w.l(libinit2.o)
    0x0800021c   0x0800021c   0x00000000   Code   RO         3674    .ARM.Collect$$libinit$$00000030  c_w.l(libinit2.o)
    0x0800021c   0x0800021c   0x00000000   Code   RO         3676    .ARM.Collect$$libinit$$00000032  c_w.l(libinit2.o)
    0x0800021c   0x0800021c   0x00000002   Code   RO         3677    .ARM.Collect$$libinit$$00000033  c_w.l(libinit2.o)
    0x0800021e   0x0800021e   0x00000002   Code   RO         3724    .ARM.Collect$$libshutdown$$00000000  c_w.l(libshutdown.o)
    0x08000220   0x08000220   0x00000000   Code   RO         3742    .ARM.Collect$$libshutdown$$00000002  c_w.l(libshutdown2.o)
    0x08000220   0x08000220   0x00000000   Code   RO         3744    .ARM.Collect$$libshutdown$$00000004  c_w.l(libshutdown2.o)
    0x08000220   0x08000220   0x00000000   Code   RO         3746    .ARM.Collect$$libshutdown$$00000006  c_w.l(libshutdown2.o)
    0x08000220   0x08000220   0x00000000   Code   RO         3749    .ARM.Collect$$libshutdown$$00000009  c_w.l(libshutdown2.o)
    0x08000220   0x08000220   0x00000000   Code   RO         3752    .ARM.Collect$$libshutdown$$0000000C  c_w.l(libshutdown2.o)
    0x08000220   0x08000220   0x00000000   Code   RO         3754    .ARM.Collect$$libshutdown$$0000000E  c_w.l(libshutdown2.o)
    0x08000220   0x08000220   0x00000000   Code   RO         3757    .ARM.Collect$$libshutdown$$00000011  c_w.l(libshutdown2.o)
    0x08000220   0x08000220   0x00000002   Code   RO         3758    .ARM.Collect$$libshutdown$$00000012  c_w.l(libshutdown2.o)
    0x08000222   0x08000222   0x00000000   Code   RO         3533    .ARM.Collect$$rtentry$$00000000  c_w.l(__rtentry.o)
    0x08000222   0x08000222   0x00000000   Code   RO         3555    .ARM.Collect$$rtentry$$00000002  c_w.l(__rtentry2.o)
    0x08000222   0x08000222   0x00000006   Code   RO         3567    .ARM.Collect$$rtentry$$00000004  c_w.l(__rtentry4.o)
    0x08000228   0x08000228   0x00000000   Code   RO         3557    .ARM.Collect$$rtentry$$00000009  c_w.l(__rtentry2.o)
    0x08000228   0x08000228   0x00000004   Code   RO         3558    .ARM.Collect$$rtentry$$0000000A  c_w.l(__rtentry2.o)
    0x0800022c   0x0800022c   0x00000000   Code   RO         3560    .ARM.Collect$$rtentry$$0000000C  c_w.l(__rtentry2.o)
    0x0800022c   0x0800022c   0x00000008   Code   RO         3561    .ARM.Collect$$rtentry$$0000000D  c_w.l(__rtentry2.o)
    0x08000234   0x08000234   0x00000002   Code   RO         3678    .ARM.Collect$$rtexit$$00000000  c_w.l(rtexit.o)
    0x08000236   0x08000236   0x00000000   Code   RO         3693    .ARM.Collect$$rtexit$$00000002  c_w.l(rtexit2.o)
    0x08000236   0x08000236   0x00000004   Code   RO         3694    .ARM.Collect$$rtexit$$00000003  c_w.l(rtexit2.o)
    0x0800023a   0x0800023a   0x00000006   Code   RO         3695    .ARM.Collect$$rtexit$$00000004  c_w.l(rtexit2.o)
    0x08000240   0x08000240   0x00000040   Code   RO            4    .text               startup_stm32f303xc.o
    0x08000280   0x08000280   0x000000ee   Code   RO         3483    .text               c_w.l(lludivv7m.o)
    0x0800036e   0x0800036e   0x00000002   PAD
    0x08000370   0x08000370   0x00000028   Code   RO         3489    .text               c_w.l(noretval__2sprintf.o)
    0x08000398   0x08000398   0x00000068   Code   RO         3491    .text               c_w.l(__printf.o)
    0x08000400   0x08000400   0x0000003e   Code   RO         3515    .text               c_w.l(strlen.o)
    0x0800043e   0x0800043e   0x0000004e   Code   RO         3519    .text               c_w.l(rt_memclr_w.o)
    0x0800048c   0x0800048c   0x00000006   Code   RO         3521    .text               c_w.l(heapauxi.o)
    0x08000492   0x08000492   0x0000041e   Code   RO         3538    .text               c_w.l(_printf_fp_dec.o)
    0x080008b0   0x080008b0   0x00000030   Code   RO         3540    .text               c_w.l(_printf_char_common.o)
    0x080008e0   0x080008e0   0x0000000a   Code   RO         3542    .text               c_w.l(_sputc.o)
    0x080008ea   0x080008ea   0x00000002   PAD
    0x080008ec   0x080008ec   0x00000008   Code   RO         3574    .text               c_w.l(rt_locale_intlibspace.o)
    0x080008f4   0x080008f4   0x0000008a   Code   RO         3576    .text               c_w.l(lludiv10.o)
    0x0800097e   0x0800097e   0x00000002   PAD
    0x08000980   0x08000980   0x00000080   Code   RO         3578    .text               c_w.l(_printf_fp_infnan.o)
    0x08000a00   0x08000a00   0x000000e4   Code   RO         3582    .text               c_w.l(bigflt0.o)
    0x08000ae4   0x08000ae4   0x00000008   Code   RO         3614    .text               c_w.l(libspace.o)
    0x08000aec   0x08000aec   0x0000004a   Code   RO         3617    .text               c_w.l(sys_stackheap_outer.o)
    0x08000b36   0x08000b36   0x00000012   Code   RO         3619    .text               c_w.l(exit.o)
    0x08000b48   0x08000b48   0x00000080   Code   RO         3625    .text               c_w.l(strcmpv7m.o)
    0x08000bc8   0x08000bc8   0x0000000c   Code   RO         3690    .text               c_w.l(sys_exit.o)
    0x08000bd4   0x08000bd4   0x00000002   Code   RO         3711    .text               c_w.l(use_no_semi.o)
    0x08000bd6   0x08000bd6   0x00000000   Code   RO         3713    .text               c_w.l(indicate_semi.o)
    0x08000bd6   0x08000bd6   0x0000003e   Code   RO         3585    CL$$btod_d2e        c_w.l(btod.o)
    0x08000c14   0x08000c14   0x00000046   Code   RO         3587    CL$$btod_d2e_denorm_low  c_w.l(btod.o)
    0x08000c5a   0x08000c5a   0x00000060   Code   RO         3586    CL$$btod_d2e_norm_op1  c_w.l(btod.o)
    0x08000cba   0x08000cba   0x00000338   Code   RO         3595    CL$$btod_div_common  c_w.l(btod.o)
    0x08000ff2   0x08000ff2   0x000000dc   Code   RO         3592    CL$$btod_e2e        c_w.l(btod.o)
    0x080010ce   0x080010ce   0x0000002a   Code   RO         3589    CL$$btod_ediv       c_w.l(btod.o)
    0x080010f8   0x080010f8   0x0000002a   Code   RO         3588    CL$$btod_emul       c_w.l(btod.o)
    0x08001122   0x08001122   0x00000244   Code   RO         3594    CL$$btod_mult_common  c_w.l(btod.o)
    0x08001366   0x08001366   0x00000002   Code   RO          336    i.BusFault_Handler  stm32f3xx_it.o
    0x08001368   0x08001368   0x00000002   Code   RO          337    i.DebugMon_Handler  stm32f3xx_it.o
    0x0800136a   0x0800136a   0x00000002   PAD
    0x0800136c   0x0800136c   0x00000120   Code   RO          338    i.EXTI9_5_IRQHandler  stm32f3xx_it.o
    0x0800148c   0x0800148c   0x00000004   Code   RO           13    i.Error_Handler     main.o
    0x08001490   0x08001490   0x00000024   Code   RO          974    i.HAL_Delay         stm32f3xx_hal.o
    0x080014b4   0x080014b4   0x00000002   Code   RO         1289    i.HAL_GPIO_EXTI_Callback  stm32f3xx_hal_gpio.o
    0x080014b6   0x080014b6   0x00000002   PAD
    0x080014b8   0x080014b8   0x00000018   Code   RO         1290    i.HAL_GPIO_EXTI_IRQHandler  stm32f3xx_hal_gpio.o
    0x080014d0   0x080014d0   0x000001b8   Code   RO         1291    i.HAL_GPIO_Init     stm32f3xx_hal_gpio.o
    0x08001688   0x08001688   0x0000000a   Code   RO         1295    i.HAL_GPIO_WritePin  stm32f3xx_hal_gpio.o
    0x08001692   0x08001692   0x00000002   PAD
    0x08001694   0x08001694   0x0000000c   Code   RO          978    i.HAL_GetTick       stm32f3xx_hal.o
    0x080016a0   0x080016a0   0x00000056   Code   RO          913    i.HAL_I2CEx_ConfigAnalogFilter  stm32f3xx_hal_i2c_ex.o
    0x080016f6   0x080016f6   0x00000052   Code   RO          914    i.HAL_I2CEx_ConfigDigitalFilter  stm32f3xx_hal_i2c_ex.o
    0x08001748   0x08001748   0x00000010   Code   RO          456    i.HAL_I2C_EV_IRQHandler  stm32f3xx_hal_i2c.o
    0x08001758   0x08001758   0x000000b8   Code   RO          462    i.HAL_I2C_Init      stm32f3xx_hal_i2c.o
    0x08001810   0x08001810   0x00000124   Code   RO          468    i.HAL_I2C_Master_Receive  stm32f3xx_hal_i2c.o
    0x08001934   0x08001934   0x00000124   Code   RO          475    i.HAL_I2C_Master_Transmit  stm32f3xx_hal_i2c.o
    0x08001a58   0x08001a58   0x00000078   Code   RO          205    i.HAL_I2C_MspInit   i2c.o
    0x08001ad0   0x08001ad0   0x00000010   Code   RO          984    i.HAL_IncTick       stm32f3xx_hal.o
    0x08001ae0   0x08001ae0   0x00000024   Code   RO          985    i.HAL_Init          stm32f3xx_hal.o
    0x08001b04   0x08001b04   0x00000040   Code   RO          986    i.HAL_InitTick      stm32f3xx_hal.o
    0x08001b44   0x08001b44   0x00000030   Code   RO          427    i.HAL_MspInit       stm32f3xx_hal_msp.o
    0x08001b74   0x08001b74   0x0000001a   Code   RO         1459    i.HAL_NVIC_EnableIRQ  stm32f3xx_hal_cortex.o
    0x08001b8e   0x08001b8e   0x00000002   PAD
    0x08001b90   0x08001b90   0x00000040   Code   RO         1465    i.HAL_NVIC_SetPriority  stm32f3xx_hal_cortex.o
    0x08001bd0   0x08001bd0   0x00000024   Code   RO         1466    i.HAL_NVIC_SetPriorityGrouping  stm32f3xx_hal_cortex.o
    0x08001bf4   0x08001bf4   0x00000218   Code   RO         1248    i.HAL_RCCEx_PeriphCLKConfig  stm32f3xx_hal_rcc_ex.o
    0x08001e0c   0x08001e0c   0x00000148   Code   RO         1142    i.HAL_RCC_ClockConfig  stm32f3xx_hal_rcc.o
    0x08001f54   0x08001f54   0x00000030   Code   RO         1149    i.HAL_RCC_GetPCLK1Freq  stm32f3xx_hal_rcc.o
    0x08001f84   0x08001f84   0x00000030   Code   RO         1150    i.HAL_RCC_GetPCLK2Freq  stm32f3xx_hal_rcc.o
    0x08001fb4   0x08001fb4   0x0000006c   Code   RO         1151    i.HAL_RCC_GetSysClockFreq  stm32f3xx_hal_rcc.o
    0x08002020   0x08002020   0x000005c8   Code   RO         1154    i.HAL_RCC_OscConfig  stm32f3xx_hal_rcc.o
    0x080025e8   0x080025e8   0x00000028   Code   RO         1470    i.HAL_SYSTICK_Config  stm32f3xx_hal_cortex.o
    0x08002610   0x08002610   0x0000008c   Code   RO         2707    i.HAL_TIMEx_ConfigBreakDeadTime  stm32f3xx_hal_tim_ex.o
    0x0800269c   0x0800269c   0x00000090   Code   RO         2724    i.HAL_TIMEx_MasterConfigSynchronization  stm32f3xx_hal_tim_ex.o
    0x0800272c   0x0800272c   0x00000062   Code   RO         1989    i.HAL_TIM_Base_Init  stm32f3xx_hal_tim.o
    0x0800278e   0x0800278e   0x00000002   PAD
    0x08002790   0x08002790   0x00000028   Code   RO          247    i.HAL_TIM_Base_MspInit  tim.o
    0x080027b8   0x080027b8   0x000000dc   Code   RO         1998    i.HAL_TIM_ConfigClockSource  stm32f3xx_hal_tim.o
    0x08002894   0x08002894   0x00000054   Code   RO          248    i.HAL_TIM_MspPostInit  tim.o
    0x080028e8   0x080028e8   0x0000011e   Code   RO         2061    i.HAL_TIM_PWM_ConfigChannel  stm32f3xx_hal_tim.o
    0x08002a06   0x08002a06   0x00000062   Code   RO         2064    i.HAL_TIM_PWM_Init  stm32f3xx_hal_tim.o
    0x08002a68   0x08002a68   0x00000002   Code   RO         2066    i.HAL_TIM_PWM_MspInit  stm32f3xx_hal_tim.o
    0x08002a6a   0x08002a6a   0x00000066   Code   RO         3011    i.HAL_UART_Init     stm32f3xx_hal_uart.o
    0x08002ad0   0x08002ad0   0x00000064   Code   RO          295    i.HAL_UART_MspInit  usart.o
    0x08002b34   0x08002b34   0x000000b6   Code   RO         3020    i.HAL_UART_Transmit  stm32f3xx_hal_uart.o
    0x08002bea   0x08002bea   0x00000002   Code   RO          339    i.HardFault_Handler  stm32f3xx_it.o
    0x08002bec   0x08002bec   0x0000000c   Code   RO          340    i.I2C1_EV_IRQHandler  stm32f3xx_it.o
    0x08002bf8   0x08002bf8   0x00000022   Code   RO          509    i.I2C_Flush_TXDR    stm32f3xx_hal_i2c.o
    0x08002c1a   0x08002c1a   0x00000002   PAD
    0x08002c1c   0x08002c1c   0x00000084   Code   RO          517    i.I2C_IsAcknowledgeFailed  stm32f3xx_hal_i2c.o
    0x08002ca0   0x08002ca0   0x0000002c   Code   RO          524    i.I2C_TransferConfig  stm32f3xx_hal_i2c.o
    0x08002ccc   0x08002ccc   0x00000058   Code   RO          526    i.I2C_WaitOnFlagUntilTimeout  stm32f3xx_hal_i2c.o
    0x08002d24   0x08002d24   0x00000084   Code   RO          527    i.I2C_WaitOnRXNEFlagUntilTimeout  stm32f3xx_hal_i2c.o
    0x08002da8   0x08002da8   0x0000004c   Code   RO          528    i.I2C_WaitOnSTOPFlagUntilTimeout  stm32f3xx_hal_i2c.o
    0x08002df4   0x08002df4   0x00000050   Code   RO          529    i.I2C_WaitOnTXISFlagUntilTimeout  stm32f3xx_hal_i2c.o
    0x08002e44   0x08002e44   0x00000168   Code   RO          180    i.MX_GPIO_Init      gpio.o
    0x08002fac   0x08002fac   0x00000058   Code   RO          206    i.MX_I2C1_Init      i2c.o
    0x08003004   0x08003004   0x000000d8   Code   RO          249    i.MX_TIM1_Init      tim.o
    0x080030dc   0x080030dc   0x0000003c   Code   RO          296    i.MX_USART1_UART_Init  usart.o
    0x08003118   0x08003118   0x00000002   Code   RO          341    i.MemManage_Handler  stm32f3xx_it.o
    0x0800311a   0x0800311a   0x00000002   Code   RO          342    i.NMI_Handler       stm32f3xx_it.o
    0x0800311c   0x0800311c   0x00000002   Code   RO          343    i.PendSV_Handler    stm32f3xx_it.o
    0x0800311e   0x0800311e   0x00000002   Code   RO          344    i.SVC_Handler       stm32f3xx_it.o
    0x08003120   0x08003120   0x00000004   Code   RO          345    i.SysTick_Handler   stm32f3xx_it.o
    0x08003124   0x08003124   0x00000088   Code   RO           14    i.SystemClock_Config  main.o
    0x080031ac   0x080031ac   0x00000010   Code   RO         3447    i.SystemInit        system_stm32f3xx.o
    0x080031bc   0x080031bc   0x000000b0   Code   RO         2082    i.TIM_Base_SetConfig  stm32f3xx_hal_tim.o
    0x0800326c   0x0800326c   0x00000014   Code   RO         2093    i.TIM_ETR_SetConfig  stm32f3xx_hal_tim.o
    0x08003280   0x08003280   0x00000010   Code   RO         2094    i.TIM_ITRx_SetConfig  stm32f3xx_hal_tim.o
    0x08003290   0x08003290   0x0000009c   Code   RO         2095    i.TIM_OC1_SetConfig  stm32f3xx_hal_tim.o
    0x0800332c   0x0800332c   0x00000090   Code   RO         2096    i.TIM_OC2_SetConfig  stm32f3xx_hal_tim.o
    0x080033bc   0x080033bc   0x00000090   Code   RO         2097    i.TIM_OC3_SetConfig  stm32f3xx_hal_tim.o
    0x0800344c   0x0800344c   0x00000074   Code   RO         2098    i.TIM_OC4_SetConfig  stm32f3xx_hal_tim.o
    0x080034c0   0x080034c0   0x00000070   Code   RO         2099    i.TIM_OC5_SetConfig  stm32f3xx_hal_tim.o
    0x08003530   0x08003530   0x00000070   Code   RO         2100    i.TIM_OC6_SetConfig  stm32f3xx_hal_tim.o
    0x080035a0   0x080035a0   0x00000022   Code   RO         2102    i.TIM_TI1_ConfigInputStage  stm32f3xx_hal_tim.o
    0x080035c2   0x080035c2   0x00000024   Code   RO         2104    i.TIM_TI2_ConfigInputStage  stm32f3xx_hal_tim.o
    0x080035e6   0x080035e6   0x000000c8   Code   RO         3025    i.UART_AdvFeatureConfig  stm32f3xx_hal_uart.o
    0x080036ae   0x080036ae   0x0000005c   Code   RO         3026    i.UART_CheckIdleState  stm32f3xx_hal_uart.o
    0x0800370a   0x0800370a   0x00000002   PAD
    0x0800370c   0x0800370c   0x000001c8   Code   RO         3041    i.UART_SetConfig    stm32f3xx_hal_uart.o
    0x080038d4   0x080038d4   0x000000a4   Code   RO         3046    i.UART_WaitOnFlagUntilTimeout  stm32f3xx_hal_uart.o
    0x08003978   0x08003978   0x00000002   Code   RO          346    i.UsageFault_Handler  stm32f3xx_it.o
    0x0800397a   0x0800397a   0x00000030   Code   RO         3612    i.__ARM_fpclassify  m_wm.l(fpclassify.o)
    0x080039aa   0x080039aa   0x00000020   Code   RO         1472    i.__NVIC_SetPriority  stm32f3xx_hal_cortex.o
    0x080039ca   0x080039ca   0x00000002   PAD
    0x080039cc   0x080039cc   0x00000098   Code   RO           15    i.gyro_init         main.o
    0x08003a64   0x08003a64   0x00000024   Code   RO           16    i.main              main.o
    0x08003a88   0x08003a88   0x0000002c   Code   RO         3608    locale$$code        c_w.l(lc_numeric_c.o)
    0x08003ab4   0x08003ab4   0x00000062   Code   RO         3525    x$fpl$d2f           fz_wm.l(d2f.o)
    0x08003b16   0x08003b16   0x00000002   PAD
    0x08003b18   0x08003b18   0x00000154   Code   RO         3527    x$fpl$dmul          fz_wm.l(dmul.o)
    0x08003c6c   0x08003c6c   0x0000009c   Code   RO         3545    x$fpl$dnaninf       fz_wm.l(dnaninf.o)
    0x08003d08   0x08003d08   0x0000000c   Code   RO         3547    x$fpl$dretinf       fz_wm.l(dretinf.o)
    0x08003d14   0x08003d14   0x00000056   Code   RO         3529    x$fpl$f2d           fz_wm.l(f2d.o)
    0x08003d6a   0x08003d6a   0x0000008c   Code   RO         3549    x$fpl$fnaninf       fz_wm.l(fnaninf.o)
    0x08003df6   0x08003df6   0x0000000a   Code   RO         3688    x$fpl$fpinit        fz_wm.l(fpinit.o)
    0x08003e00   0x08003e00   0x0000000a   Code   RO         3551    x$fpl$fretinf       fz_wm.l(fretinf.o)
    0x08003e0a   0x08003e0a   0x00000004   Code   RO         3531    x$fpl$printf1       fz_wm.l(printf1.o)
    0x08003e0e   0x08003e0e   0x00000000   Code   RO         3553    x$fpl$usenofp       fz_wm.l(usenofp.o)
    0x08003e0e   0x08003e0e   0x00000020   Data   RO         1155    .constdata          stm32f3xx_hal_rcc.o
    0x08003e2e   0x08003e2e   0x00000010   Data   RO         3448    .constdata          system_stm32f3xx.o
    0x08003e3e   0x08003e3e   0x00000008   Data   RO         3449    .constdata          system_stm32f3xx.o
    0x08003e46   0x08003e46   0x00000002   PAD
    0x08003e48   0x08003e48   0x00000094   Data   RO         3583    .constdata          c_w.l(bigflt0.o)
    0x08003edc   0x08003edc   0x00000020   Data   RO         3759    Region$$Table       anon$$obj.o
    0x08003efc   0x08003efc   0x0000001c   Data   RO         3607    locale$$data        c_w.l(lc_numeric_c.o)


    Execution Region RW_IRAM2 (Exec base: 0x10000000, Load base: 0x08003f44, Size: 0x00000000, Max: 0x00002000, ABSOLUTE)

    **** No section assigned to this execution region ****


    Execution Region RW_IRAM1 (Exec base: 0x20000000, Load base: 0x08003f18, Size: 0x000007b8, Max: 0x0000a000, ABSOLUTE)

    Exec Addr    Load Addr    Size         Type   Attr      Idx    E Section Name        Object

    0x20000000   0x08003f18   0x0000001a   Data   RW          348    .data               stm32f3xx_it.o
    0x2000001a   0x08003f32   0x00000002   PAD
    0x2000001c   0x08003f34   0x0000000c   Data   RW          992    .data               stm32f3xx_hal.o
    0x20000028   0x08003f40   0x00000004   Data   RW         3450    .data               system_stm32f3xx.o
    0x2000002c        -       0x0000004c   Zero   RW          207    .bss                i2c.o
    0x20000078        -       0x0000004c   Zero   RW          250    .bss                tim.o
    0x200000c4        -       0x00000084   Zero   RW          297    .bss                usart.o
    0x20000148        -       0x0000000a   Zero   RW          347    .bss                stm32f3xx_it.o
    0x20000152   0x08003f44   0x00000002   PAD
    0x20000154        -       0x00000060   Zero   RW         3615    .bss                c_w.l(libspace.o)
    0x200001b4   0x08003f44   0x00000004   PAD
    0x200001b8        -       0x00000200   Zero   RW            2    HEAP                startup_stm32f303xc.o
    0x200003b8        -       0x00000400   Zero   RW            1    STACK               startup_stm32f303xc.o


==============================================================================

Image component sizes


      Code (inc. data)   RO Data    RW Data    ZI Data      Debug   Object Name

       360         24          0          0          0       1171   gpio.o
       208         26          0          0         76       1797   i2c.o
       328         74          0          0          0     593404   main.o
        64         26        392          0       1536        864   startup_stm32f303xc.o
       164         28          0         12          0      13597   stm32f3xx_hal.o
       198         14          0          0          0      34071   stm32f3xx_hal_cortex.o
       476         34          0          0          0       3716   stm32f3xx_hal_gpio.o
      1370         38          0          0          0      11530   stm32f3xx_hal_i2c.o
       168          0          0          0          0       1971   stm32f3xx_hal_i2c_ex.o
        48          4          0          0          0        906   stm32f3xx_hal_msp.o
      2012         76         32          0          0       5956   stm32f3xx_hal_rcc.o
       536         14          0          0          0       1624   stm32f3xx_hal_rcc_ex.o
      1770        184          0          0          0      13356   stm32f3xx_hal_tim.o
       284         28          0          0          0       2336   stm32f3xx_hal_tim_ex.o
      1196         50          0          0          0       6325   stm32f3xx_hal_uart.o
       320         48          0         26         10       5892   stm32f3xx_it.o
        16          4         24          4          0       1187   system_stm32f3xx.o
       340         34          0          0         76       2560   tim.o
       160         16          0          0        132       1806   usart.o

    ----------------------------------------------------------------------
     10034        722        482         44       1832     704069   Object Totals
         0          0         32          0          0          0   (incl. Generated)
        16          0          2          2          2          0   (incl. Padding)

    ----------------------------------------------------------------------

      Code (inc. data)   RO Data    RW Data    ZI Data      Debug   Library Member Name

         8          0          0          0          0         68   __main.o
       104          0          0          0          0         84   __printf.o
         0          0          0          0          0          0   __rtentry.o
        12          0          0          0          0          0   __rtentry2.o
         6          0          0          0          0          0   __rtentry4.o
        52          8          0          0          0          0   __scatter.o
        26          0          0          0          0          0   __scatter_copy.o
        28          0          0          0          0          0   __scatter_zi.o
        48          6          0          0          0         96   _printf_char_common.o
         6          0          0          0          0          0   _printf_f.o
      1054          0          0          0          0        216   _printf_fp_dec.o
       128         16          0          0          0         84   _printf_fp_infnan.o
         0          0          0          0          0          0   _printf_percent.o
         4          0          0          0          0          0   _printf_percent_end.o
        10          0          0          0          0         68   _sputc.o
       228          4        148          0          0         96   bigflt0.o
      1936        128          0          0          0        672   btod.o
        18          0          0          0          0         80   exit.o
         6          0          0          0          0        152   heapauxi.o
         0          0          0          0          0          0   indicate_semi.o
        44         10         28          0          0         76   lc_numeric_c.o
         2          0          0          0          0          0   libinit.o
        22          0          0          0          0          0   libinit2.o
         2          0          0          0          0          0   libshutdown.o
         2          0          0          0          0          0   libshutdown2.o
         8          4          0          0         96         68   libspace.o
       138          0          0          0          0         80   lludiv10.o
       238          0          0          0          0        100   lludivv7m.o
        40          6          0          0          0         84   noretval__2sprintf.o
         8          4          0          0          0         68   rt_locale_intlibspace.o
        78          0          0          0          0         80   rt_memclr_w.o
         2          0          0          0          0          0   rtexit.o
        10          0          0          0          0          0   rtexit2.o
       128          0          0          0          0         68   strcmpv7m.o
        62          0          0          0          0         76   strlen.o
        12          4          0          0          0         68   sys_exit.o
        74          0          0          0          0         80   sys_stackheap_outer.o
         2          0          0          0          0         68   use_no_semi.o
        98          4          0          0          0        140   d2f.o
       340         12          0          0          0        152   dmul.o
       156          4          0          0          0        140   dnaninf.o
        12          0          0          0          0        116   dretinf.o
        86          4          0          0          0        132   f2d.o
       140          4          0          0          0        132   fnaninf.o
        10          0          0          0          0        116   fpinit.o
        10          0          0          0          0        116   fretinf.o
         4          0          0          0          0        116   printf1.o
         0          0          0          0          0          0   usenofp.o
        48          0          0          0          0        124   fpclassify.o

    ----------------------------------------------------------------------
      5460        218        176          0        100       3816   Library Totals
        10          0          0          0          4          0   (incl. Padding)

    ----------------------------------------------------------------------

      Code (inc. data)   RO Data    RW Data    ZI Data      Debug   Library Name

      4546        190        176          0         96       2532   c_w.l
       856         28          0          0          0       1160   fz_wm.l
        48          0          0          0          0        124   m_wm.l

    ----------------------------------------------------------------------
      5460        218        176          0        100       3816   Library Totals

    ----------------------------------------------------------------------

==============================================================================


      Code (inc. data)   RO Data    RW Data    ZI Data      Debug   

     15494        940        658         44       1932     698133   Grand Totals
     15494        940        658         44       1932     698133   ELF Image Totals
     15494        940        658         44          0          0   ROM Totals

==============================================================================

    Total RO  Size (Code + RO Data)                16152 (  15.77kB)
    Total RW  Size (RW Data + ZI Data)              1976 (   1.93kB)
    Total ROM Size (Code + RO Data + RW Data)      16196 (  15.82kB)

==============================================================================

